Archive member included to satisfy reference by file (symbol)

/usr/lib/gcc/arm-none-eabi/9.2.1/../../../arm-none-eabi/lib/thumb/v6-m/nofp/libc.a(lib_a-atexit.o)
                              /usr/lib/gcc/arm-none-eabi/9.2.1/../../../arm-none-eabi/lib/thumb/v6-m/nofp/crt0.o (atexit)
/usr/lib/gcc/arm-none-eabi/9.2.1/../../../arm-none-eabi/lib/thumb/v6-m/nofp/libc.a(lib_a-atoi.o)
                              build/kernel/components/drivers/misc/pin.o (atoi)
/usr/lib/gcc/arm-none-eabi/9.2.1/../../../arm-none-eabi/lib/thumb/v6-m/nofp/libc.a(lib_a-calloc.o)
                              build/packages/raspberrypi-pico-sdk-latest/src/rp2_common/pico_malloc/pico_malloc.o (calloc)
/usr/lib/gcc/arm-none-eabi/9.2.1/../../../arm-none-eabi/lib/thumb/v6-m/nofp/libc.a(lib_a-ctype_.o)
                              build/kernel/components/finsh/msh_parse.o (_ctype_)
/usr/lib/gcc/arm-none-eabi/9.2.1/../../../arm-none-eabi/lib/thumb/v6-m/nofp/libc.a(lib_a-exit.o)
                              /usr/lib/gcc/arm-none-eabi/9.2.1/../../../arm-none-eabi/lib/thumb/v6-m/nofp/crt0.o (exit)
/usr/lib/gcc/arm-none-eabi/9.2.1/../../../arm-none-eabi/lib/thumb/v6-m/nofp/libc.a(lib_a-fini.o)
                              /usr/lib/gcc/arm-none-eabi/9.2.1/../../../arm-none-eabi/lib/thumb/v6-m/nofp/crt0.o (__libc_fini_array)
/usr/lib/gcc/arm-none-eabi/9.2.1/../../../arm-none-eabi/lib/thumb/v6-m/nofp/libc.a(lib_a-impure.o)
                              /usr/lib/gcc/arm-none-eabi/9.2.1/../../../arm-none-eabi/lib/thumb/v6-m/nofp/libc.a(lib_a-exit.o) (_global_impure_ptr)
/usr/lib/gcc/arm-none-eabi/9.2.1/../../../arm-none-eabi/lib/thumb/v6-m/nofp/libc.a(lib_a-malloc.o)
                              build/packages/raspberrypi-pico-sdk-latest/src/rp2_common/pico_malloc/pico_malloc.o (malloc)
/usr/lib/gcc/arm-none-eabi/9.2.1/../../../arm-none-eabi/lib/thumb/v6-m/nofp/libc.a(lib_a-memcmp.o)
                              build/kernel/components/finsh/shell.o (memcmp)
/usr/lib/gcc/arm-none-eabi/9.2.1/../../../arm-none-eabi/lib/thumb/v6-m/nofp/libc.a(lib_a-strchr.o)
                              build/kernel/components/finsh/msh.o (strchr)
/usr/lib/gcc/arm-none-eabi/9.2.1/../../../arm-none-eabi/lib/thumb/v6-m/nofp/libc.a(lib_a-strcmp.o)
                              build/kernel/components/finsh/msh.o (strcmp)
/usr/lib/gcc/arm-none-eabi/9.2.1/../../../arm-none-eabi/lib/thumb/v6-m/nofp/libc.a(lib_a-strcpy.o)
                              build/kernel/components/finsh/shell.o (strcpy)
/usr/lib/gcc/arm-none-eabi/9.2.1/../../../arm-none-eabi/lib/thumb/v6-m/nofp/libc.a(lib_a-strlen-stub.o)
                              build/packages/raspberrypi-pico-sdk-latest/src/rp2_common/pico_stdio/stdio.o (strlen)
/usr/lib/gcc/arm-none-eabi/9.2.1/../../../arm-none-eabi/lib/thumb/v6-m/nofp/libc.a(lib_a-strncmp.o)
                              build/kernel/components/finsh/msh.o (strncmp)
/usr/lib/gcc/arm-none-eabi/9.2.1/../../../arm-none-eabi/lib/thumb/v6-m/nofp/libc.a(lib_a-strncpy.o)
                              build/kernel/components/finsh/msh.o (strncpy)
/usr/lib/gcc/arm-none-eabi/9.2.1/../../../arm-none-eabi/lib/thumb/v6-m/nofp/libc.a(lib_a-strrchr.o)
                              build/kernel/components/libc/compilers/common/cstring.o (strrchr)
/usr/lib/gcc/arm-none-eabi/9.2.1/../../../arm-none-eabi/lib/thumb/v6-m/nofp/libc.a(lib_a-strtol.o)
                              /usr/lib/gcc/arm-none-eabi/9.2.1/../../../arm-none-eabi/lib/thumb/v6-m/nofp/libc.a(lib_a-atoi.o) (_strtol_r)
/usr/lib/gcc/arm-none-eabi/9.2.1/../../../arm-none-eabi/lib/thumb/v6-m/nofp/libc.a(lib_a-vprintf.o)
                              build/packages/raspberrypi-pico-sdk-latest/src/rp2_common/pico_stdio/stdio.o (vprintf)
/usr/lib/gcc/arm-none-eabi/9.2.1/../../../arm-none-eabi/lib/thumb/v6-m/nofp/libc.a(lib_a-__atexit.o)
                              /usr/lib/gcc/arm-none-eabi/9.2.1/../../../arm-none-eabi/lib/thumb/v6-m/nofp/libc.a(lib_a-atexit.o) (__register_exitproc)
/usr/lib/gcc/arm-none-eabi/9.2.1/../../../arm-none-eabi/lib/thumb/v6-m/nofp/libc.a(lib_a-__call_atexit.o)
                              /usr/lib/gcc/arm-none-eabi/9.2.1/../../../arm-none-eabi/lib/thumb/v6-m/nofp/libc.a(lib_a-exit.o) (__call_exitprocs)
/usr/lib/gcc/arm-none-eabi/9.2.1/../../../arm-none-eabi/lib/thumb/v6-m/nofp/libc.a(lib_a-vfprintf.o)
                              /usr/lib/gcc/arm-none-eabi/9.2.1/../../../arm-none-eabi/lib/thumb/v6-m/nofp/libc.a(lib_a-vprintf.o) (_vfprintf_r)
/usr/lib/gcc/arm-none-eabi/9.2.1/../../../arm-none-eabi/lib/thumb/v6-m/nofp/libc.a(lib_a-wsetup.o)
                              /usr/lib/gcc/arm-none-eabi/9.2.1/../../../arm-none-eabi/lib/thumb/v6-m/nofp/libc.a(lib_a-vfprintf.o) (__swsetup_r)
/usr/lib/gcc/arm-none-eabi/9.2.1/../../../arm-none-eabi/lib/thumb/v6-m/nofp/libc.a(lib_a-dtoa.o)
                              /usr/lib/gcc/arm-none-eabi/9.2.1/../../../arm-none-eabi/lib/thumb/v6-m/nofp/libc.a(lib_a-vfprintf.o) (_dtoa_r)
[...]
Memory Configuration

Name             Origin             Length             Attributes
FLASH            0x0000000010000000 0x0000000000200000 xr
RAM              0x0000000020000000 0x0000000000040000 xrw
SCRATCH_X        0x0000000020040000 0x0000000000001000 xrw
SCRATCH_Y        0x0000000020041000 0x0000000000001000 xrw
*default*        0x0000000000000000 0xffffffffffffffff

Linker script and memory map

LOAD /usr/lib/gcc/arm-none-eabi/9.2.1/thumb/v6-m/nofp/crti.o
LOAD /usr/lib/gcc/arm-none-eabi/9.2.1/thumb/v6-m/nofp/crtbegin.o
LOAD /usr/lib/gcc/arm-none-eabi/9.2.1/../../../arm-none-eabi/lib/thumb/v6-m/nofp/crt0.o
LOAD build/applications/main.o
LOAD build/board/board.o
LOAD build/drivers/drv_gpio.o
LOAD build/drivers/drv_uart.o
LOAD build/libcpu/context_gcc.o
LOAD build/libcpu/cpuport.o
LOAD build/packages/raspberrypi-pico-sdk-latest/bs2_default_padded_checksummed.o
LOAD build/packages/raspberrypi-pico-sdk-latest/src/common/pico_sync/critical_section.o
LOAD build/packages/raspberrypi-pico-sdk-latest/src/common/pico_sync/lock_core.o
LOAD build/packages/raspberrypi-pico-sdk-latest/src/common/pico_sync/mutex.o
LOAD build/packages/raspberrypi-pico-sdk-latest/src/common/pico_sync/sem.o
LOAD build/packages/raspberrypi-pico-sdk-latest/src/common/pico_time/time.o
LOAD build/packages/raspberrypi-pico-sdk-latest/src/common/pico_time/timeout_helper.o
LOAD build/packages/raspberrypi-pico-sdk-latest/src/common/pico_util/datetime.o
LOAD build/packages/raspberrypi-pico-sdk-latest/src/common/pico_util/pheap.o
LOAD build/packages/raspberrypi-pico-sdk-latest/src/common/pico_util/queue.o
LOAD build/packages/raspberrypi-pico-sdk-latest/src/rp2_common/hardware_adc/adc.o
LOAD build/packages/raspberrypi-pico-sdk-latest/src/rp2_common/hardware_claim/claim.o
LOAD build/packages/raspberrypi-pico-sdk-latest/src/rp2_common/hardware_clocks/clocks.o
LOAD build/packages/raspberrypi-pico-sdk-latest/src/rp2_common/hardware_divider/divider.o
LOAD build/packages/raspberrypi-pico-sdk-latest/src/rp2_common/hardware_dma/dma.o
LOAD build/packages/raspberrypi-pico-sdk-latest/src/rp2_common/hardware_flash/flash.o
LOAD build/packages/raspberrypi-pico-sdk-latest/src/rp2_common/hardware_gpio/gpio.o
LOAD build/packages/raspberrypi-pico-sdk-latest/src/rp2_common/hardware_i2c/i2c.o
LOAD build/packages/raspberrypi-pico-sdk-latest/src/rp2_common/hardware_irq/irq.o
LOAD build/packages/raspberrypi-pico-sdk-latest/src/rp2_common/hardware_irq/irq_handler_chain.o
LOAD build/packages/raspberrypi-pico-sdk-latest/src/rp2_common/hardware_pll/pll.o
LOAD build/packages/raspberrypi-pico-sdk-latest/src/rp2_common/hardware_spi/spi.o
LOAD build/packages/raspberrypi-pico-sdk-latest/src/rp2_common/hardware_sync/sync.o
LOAD build/packages/raspberrypi-pico-sdk-latest/src/rp2_common/hardware_timer/timer.o
LOAD build/packages/raspberrypi-pico-sdk-latest/src/rp2_common/hardware_uart/uart.o
LOAD build/packages/raspberrypi-pico-sdk-latest/src/rp2_common/hardware_vreg/vreg.o
LOAD build/packages/raspberrypi-pico-sdk-latest/src/rp2_common/hardware_watchdog/watchdog.o
LOAD build/packages/raspberrypi-pico-sdk-latest/src/rp2_common/hardware_xosc/xosc.o
LOAD build/packages/raspberrypi-pico-sdk-latest/src/rp2_common/pico_bit_ops/bit_ops_aeabi.o
LOAD build/packages/raspberrypi-pico-sdk-latest/src/rp2_common/pico_bootrom/bootrom.o
LOAD build/packages/raspberrypi-pico-sdk-latest/src/rp2_common/pico_divider/divider.o
LOAD build/packages/raspberrypi-pico-sdk-latest/src/rp2_common/pico_double/double_aeabi.o
LOAD build/packages/raspberrypi-pico-sdk-latest/src/rp2_common/pico_double/double_init_rom.o
LOAD build/packages/raspberrypi-pico-sdk-latest/src/rp2_common/pico_double/double_math.o
LOAD build/packages/raspberrypi-pico-sdk-latest/src/rp2_common/pico_double/double_v1_rom_shim.o
LOAD build/packages/raspberrypi-pico-sdk-latest/src/rp2_common/pico_float/float_aeabi.o
LOAD build/packages/raspberrypi-pico-sdk-latest/src/rp2_common/pico_float/float_init_rom.o
LOAD build/packages/raspberrypi-pico-sdk-latest/src/rp2_common/pico_float/float_math.o
LOAD build/packages/raspberrypi-pico-sdk-latest/src/rp2_common/pico_float/float_v1_rom_shim.o
LOAD build/packages/raspberrypi-pico-sdk-latest/src/rp2_common/pico_int64_ops/pico_int64_ops_aeabi.o
LOAD build/packages/raspberrypi-pico-sdk-latest/src/rp2_common/pico_malloc/pico_malloc.o
LOAD build/packages/raspberrypi-pico-sdk-latest/src/rp2_common/pico_mem_ops/mem_ops_aeabi.o
LOAD build/packages/raspberrypi-pico-sdk-latest/src/rp2_common/pico_multicore/multicore.o
LOAD build/packages/raspberrypi-pico-sdk-latest/src/rp2_common/pico_platform/platform.o
LOAD build/packages/raspberrypi-pico-sdk-latest/src/rp2_common/pico_printf/printf.o
LOAD build/packages/raspberrypi-pico-sdk-latest/src/rp2_common/pico_runtime/runtime.o
LOAD build/packages/raspberrypi-pico-sdk-latest/src/rp2_common/pico_standard_link/binary_info.o
LOAD build/packages/raspberrypi-pico-sdk-latest/src/rp2_common/pico_standard_link/crt0.o
LOAD build/packages/raspberrypi-pico-sdk-latest/src/rp2_common/pico_standard_link/new_delete.o
LOAD build/packages/raspberrypi-pico-sdk-latest/src/rp2_common/pico_stdio/stdio.o
LOAD build/packages/raspberrypi-pico-sdk-latest/src/rp2_common/pico_stdio_uart/stdio_uart.o
LOAD build/packages/raspberrypi-pico-sdk-latest/src/rp2_common/pico_stdlib/stdlib.o
LOAD build/kernel/components/drivers/core/device.o
LOAD build/kernel/components/drivers/ipc/completion.o
LOAD build/kernel/components/drivers/ipc/dataqueue.o
LOAD build/kernel/components/drivers/ipc/pipe.o
LOAD build/kernel/components/drivers/ipc/ringblk_buf.o
LOAD build/kernel/components/drivers/ipc/ringbuffer.o
LOAD build/kernel/components/drivers/ipc/waitqueue.o
LOAD build/kernel/components/drivers/ipc/workqueue.o
LOAD build/kernel/components/drivers/misc/pin.o
LOAD build/kernel/components/drivers/serial/serial.o
LOAD build/kernel/components/finsh/cmd.o
LOAD build/kernel/components/finsh/msh.o
LOAD build/kernel/components/finsh/msh_parse.o
LOAD build/kernel/components/finsh/shell.o
LOAD build/kernel/components/libc/compilers/common/cctype.o
LOAD build/kernel/components/libc/compilers/common/cstdlib.o
LOAD build/kernel/components/libc/compilers/common/cstring.o
LOAD build/kernel/components/libc/compilers/common/ctime.o
LOAD build/kernel/components/libc/compilers/common/cunistd.o
LOAD build/kernel/components/libc/compilers/common/cwchar.o
LOAD build/kernel/components/libc/compilers/newlib/syscalls.o
LOAD build/kernel/libcpu/arm/common/div0.o
LOAD build/kernel/libcpu/arm/common/showmem.o
LOAD build/kernel/src/clock.o
LOAD build/kernel/src/components.o
LOAD build/kernel/src/idle.o
LOAD build/kernel/src/ipc.o
LOAD build/kernel/src/irq.o
LOAD build/kernel/src/kservice.o
LOAD build/kernel/src/mem.o
LOAD build/kernel/src/mempool.o
LOAD build/kernel/src/object.o
LOAD build/kernel/src/scheduler_up.o
LOAD build/kernel/src/thread.o
LOAD build/kernel/src/timer.o
LOAD /usr/lib/gcc/arm-none-eabi/9.2.1/../../../arm-none-eabi/lib/thumb/v6-m/nofp/libc.a
LOAD /usr/lib/gcc/arm-none-eabi/9.2.1/../../../arm-none-eabi/lib/thumb/v6-m/nofp/libm.a
START GROUP
LOAD /usr/lib/gcc/arm-none-eabi/9.2.1/thumb/v6-m/nofp/libgcc.a
LOAD /usr/lib/gcc/arm-none-eabi/9.2.1/../../../arm-none-eabi/lib/thumb/v6-m/nofp/libc.a
END GROUP
START GROUP
LOAD /usr/lib/gcc/arm-none-eabi/9.2.1/thumb/v6-m/nofp/libgcc.a
LOAD /usr/lib/gcc/arm-none-eabi/9.2.1/../../../arm-none-eabi/lib/thumb/v6-m/nofp/libc.a
LOAD /usr/lib/gcc/arm-none-eabi/9.2.1/../../../arm-none-eabi/lib/thumb/v6-m/nofp/libnosys.a
END GROUP
LOAD /usr/lib/gcc/arm-none-eabi/9.2.1/thumb/v6-m/nofp/crtend.o
LOAD /usr/lib/gcc/arm-none-eabi/9.2.1/thumb/v6-m/nofp/crtn.o

.flash_begin    0x0000000010000000        0x0
                0x0000000010000000                __flash_binary_start = .

.boot2          0x0000000010000000      0x100
                0x0000000010000000                __boot2_start__ = .
 *(.boot2)
 .boot2         0x0000000010000000      0x100 build/packages/raspberrypi-pico-sdk-latest/bs2_default_padded_checksummed.o
                0x0000000010000100                __boot2_end__ = .
                0x0000000000000001                ASSERT (((__boot2_end__ - __boot2_start__) == 0x100), ERROR: Pico second stage bootloader must be 256 bytes in size)

.text           0x0000000010000100    0x14910
                0x0000000010000100                __logical_binary_start = .
 *(.vectors)
 .vectors       0x0000000010000100       0xd4 build/packages/raspberrypi-pico-sdk-latest/src/rp2_common/pico_standard_link/crt0.o
                0x0000000010000100                __vectors
                0x0000000010000100                __VECTOR_TABLE
                0x00000000100001c0                isr_invalid
                0x00000000100001c0                __default_isrs_start
                0x00000000100001c2                isr_nmi
                0x00000000100001c6                isr_svcall
                0x00000000100001cc                isr_irq30
                0x00000000100001cc                __unhandled_user_irq
                0x00000000100001cc                isr_irq13
                0x00000000100001cc                isr_irq27
                0x00000000100001cc                isr_irq31
                0x00000000100001cc                isr_irq5
                0x00000000100001cc                isr_irq11
                0x00000000100001cc                isr_irq23
                0x00000000100001cc                isr_irq18
                0x00000000100001cc                isr_irq28
                0x00000000100001cc                isr_irq19
                0x00000000100001cc                isr_irq0
                0x00000000100001cc                isr_irq6
                0x00000000100001cc                isr_irq22
                0x00000000100001cc                isr_irq17
                0x00000000100001cc                isr_irq14
                0x00000000100001cc                isr_irq2
                0x00000000100001cc                isr_irq10
                0x00000000100001cc                isr_irq8
                0x00000000100001cc                isr_irq24
                0x00000000100001cc                isr_irq1
                0x00000000100001cc                isr_irq7
                0x00000000100001cc                isr_irq21
                0x00000000100001cc                isr_irq20
                0x00000000100001cc                isr_irq15
                0x00000000100001cc                isr_irq25
                0x00000000100001cc                isr_irq4
                0x00000000100001cc                isr_irq16
                0x00000000100001cc                isr_irq29
                0x00000000100001cc                isr_irq26
                0x00000000100001cc                __default_isrs_end
                0x00000000100001cc                isr_irq3
                0x00000000100001cc                isr_irq12
                0x00000000100001cc                isr_irq9
                0x00000000100001d2                unhandled_user_irq_num_in_r0
 *(.binary_info_header)
 .binary_info_header
                0x00000000100001d4        0x0 build/packages/raspberrypi-pico-sdk-latest/src/rp2_common/pico_standard_link/crt0.o
                0x00000000100001d4                __binary_info_header_end = .
 *(.reset)
 .reset         0x00000000100001d4       0xa0 build/packages/raspberrypi-pico-sdk-latest/src/rp2_common/pico_standard_link/crt0.o
                0x00000000100001d4                _entry_point
 *(.init)
 .init          0x0000000010000274        0x4 /usr/lib/gcc/arm-none-eabi/9.2.1/thumb/v6-m/nofp/crti.o
                0x0000000010000274                _init
 *(EXCLUDE_FILE(*libm.a: *libc.a:*lib_a-mem*.o *libgcc.a:) .text*)
 .text          0x0000000010000278       0x98 /usr/lib/gcc/arm-none-eabi/9.2.1/thumb/v6-m/nofp/crtbegin.o
 .text.main     0x0000000010000310       0x40 build/applications/main.o
                0x0000000010000310                main
 .text.set_sys_clock_khz
                0x0000000010000350       0x58 build/board/board.o
 .text.reset_usb_boot
                0x00000000100003a8       0x24 build/board/board.o
 .text.isr_systick
                0x00000000100003cc       0x16 build/board/board.o
                0x00000000100003cc                isr_systick
 *fill*         0x00000000100003e2        0x2 
 .text.systick_config
                0x00000000100003e4       0x34 build/board/board.o
                0x00000000100003e4                systick_config
 .text.rt_hw_board_init
                0x0000000010000418       0x88 build/board/board.o
                0x0000000010000418                rt_hw_board_init
 .text.pico_reboot
                0x00000000100004a0       0x12 build/board/board.o
 .text.gpio_pull_up
                0x00000000100004b2       0x1c build/drivers/drv_gpio.o
 .text.gpio_pull_down
                0x00000000100004ce       0x1c build/drivers/drv_gpio.o
 .text.gpio_disable_pulls
                0x00000000100004ea       0x1c build/drivers/drv_gpio.o
 .text.gpio_get
                0x0000000010000506       0x26 build/drivers/drv_gpio.o
 .text.gpio_set_mask
                0x000000001000052c       0x18 build/drivers/drv_gpio.o
 .text.gpio_clr_mask
                0x0000000010000544       0x18 build/drivers/drv_gpio.o
 .text.gpio_put
                0x000000001000055c       0x3a build/drivers/drv_gpio.o
 .text.gpio_set_dir_out_masked
                0x0000000010000596       0x18 build/drivers/drv_gpio.o
 .text.gpio_set_dir_in_masked
                0x00000000100005ae       0x18 build/drivers/drv_gpio.o
 .text.gpio_set_dir
                0x00000000100005c6       0x3a build/drivers/drv_gpio.o
 .text.pico_pin_mode
                0x0000000010000600       0x8c build/drivers/drv_gpio.o
 .text.pico_pin_write
                0x000000001000068c       0x4c build/drivers/drv_gpio.o
 .text.pico_pin_read
                0x00000000100006d8       0x40 build/drivers/drv_gpio.o
 .text.rt_hw_gpio_init
                0x0000000010000718       0x20 build/drivers/drv_gpio.o
                0x0000000010000718                rt_hw_gpio_init
 .text.uart_get_index
                0x0000000010000738       0x24 build/drivers/drv_uart.o
 .text.uart_get_hw
                0x000000001000075c       0x1a build/drivers/drv_uart.o
 .text.uart_set_hw_flow
                0x0000000010000776       0x7c build/drivers/drv_uart.o
 .text.uart_set_irq_enables
                0x00000000100007f2       0xde build/drivers/drv_uart.o
 .text.uart_is_writable
                0x00000000100008d0       0x26 build/drivers/drv_uart.o
 .text.uart_is_readable
                0x00000000100008f6       0x26 build/drivers/drv_uart.o
 .text.uart_write_blocking
                0x000000001000091c       0x58 build/drivers/drv_uart.o
 .text.uart_putc_raw
                0x0000000010000974       0x22 build/drivers/drv_uart.o
 *fill*         0x0000000010000996        0x2 
 .text.pico_uart0_isr
                0x0000000010000998       0x30 build/drivers/drv_uart.o
                0x0000000010000998                pico_uart0_isr
 .text.pico_uart_configure
                0x00000000100009c8      0x108 build/drivers/drv_uart.o
 .text.pico_uart_control
                0x0000000010000ad0       0x6c build/drivers/drv_uart.o
 .text.pico_uart_putc
                0x0000000010000b3c       0x4c build/drivers/drv_uart.o
 .text.pico_uart_getc
                0x0000000010000b88       0x5c build/drivers/drv_uart.o
 .text.rt_hw_uart_init
                0x0000000010000be4       0x68 build/drivers/drv_uart.o
                0x0000000010000be4                rt_hw_uart_init
 .text          0x0000000010000c4c       0xec build/libcpu/context_gcc.o
                0x0000000010000c4c                rt_hw_interrupt_disable
                0x0000000010000c54                rt_hw_interrupt_enable
                0x0000000010000c5a                rt_hw_context_switch_interrupt
                0x0000000010000c5a                rt_hw_context_switch
                0x0000000010000c76                PendSV_Handler
                0x0000000010000cca                rt_hw_context_switch_to
                0x0000000010000d02                rt_hw_interrupt_thread_switch
                0x0000000010000d06                HardFault_Handler
                0x0000000010000d12                rt_hw_interrupt_check
 .text.rt_hw_stack_init
                0x0000000010000d38       0x84 build/libcpu/cpuport.o
                0x0000000010000d38                rt_hw_stack_init
 .text.rt_hw_hard_fault_exception
                0x0000000010000dbc       0xb8 build/libcpu/cpuport.o
                0x0000000010000dbc                rt_hw_hard_fault_exception
 .text.lock_init
                0x0000000010000e74       0x2c build/packages/raspberrypi-pico-sdk-latest/src/common/pico_sync/lock_core.o
                0x0000000010000e74                lock_init
 .text.mutex_init
                0x0000000010000ea0       0x2e build/packages/raspberrypi-pico-sdk-latest/src/common/pico_sync/mutex.o
                0x0000000010000ea0                mutex_init
 .text.recursive_mutex_init
                0x0000000010000ece       0x34 build/packages/raspberrypi-pico-sdk-latest/src/common/pico_sync/mutex.o
                0x0000000010000ece                recursive_mutex_init
 .text.to_us_since_boot
                0x0000000010000f02       0x18 build/packages/raspberrypi-pico-sdk-latest/src/common/pico_time/time.o
 *fill*         0x0000000010000f1a        0x2 
 .text.update_us_since_boot
                0x0000000010000f1c       0x40 build/packages/raspberrypi-pico-sdk-latest/src/common/pico_time/time.o
 .text.time_reached
                0x0000000010000f5c       0x64 build/packages/raspberrypi-pico-sdk-latest/src/common/pico_time/time.o
 .text.get_absolute_time
                0x0000000010000fc0       0x2c build/packages/raspberrypi-pico-sdk-latest/src/common/pico_time/time.o
 .text.delayed_by_us
                0x0000000010000fec       0x68 build/packages/raspberrypi-pico-sdk-latest/src/common/pico_time/time.o
 .text.absolute_time_diff_us
                0x0000000010001054       0x40 build/packages/raspberrypi-pico-sdk-latest/src/common/pico_time/time.o
 .text.add_alarm_at
                0x0000000010001094       0x34 build/packages/raspberrypi-pico-sdk-latest/src/common/pico_time/time.o
 .text.cancel_alarm
                0x00000000100010c8       0x22 build/packages/raspberrypi-pico-sdk-latest/src/common/pico_time/time.o
 *fill*         0x00000000100010ea        0x2 
 .text.ph_get_node
                0x00000000100010ec       0x54 build/packages/raspberrypi-pico-sdk-latest/src/common/pico_time/time.o
 .text.ph_add_child_node
                0x0000000010001140       0xc4 build/packages/raspberrypi-pico-sdk-latest/src/common/pico_time/time.o
 .text.ph_merge_nodes
                0x0000000010001204       0x7e build/packages/raspberrypi-pico-sdk-latest/src/common/pico_time/time.o
 .text.ph_new_node
                0x0000000010001282       0x6a build/packages/raspberrypi-pico-sdk-latest/src/common/pico_time/time.o
 .text.ph_insert_node
                0x00000000100012ec       0x7c build/packages/raspberrypi-pico-sdk-latest/src/common/pico_time/time.o
 .text.ph_peek_head
                0x0000000010001368       0x14 build/packages/raspberrypi-pico-sdk-latest/src/common/pico_time/time.o
 .text.ph_contains_node
                0x000000001000137c       0x46 build/packages/raspberrypi-pico-sdk-latest/src/common/pico_time/time.o
 *fill*         0x00000000100013c2        0x2 
 .text.ph_free_node
                0x00000000100013c4       0x98 build/packages/raspberrypi-pico-sdk-latest/src/common/pico_time/time.o
 .text.default_alarm_pool_initialized
                0x000000001000145c       0x18 build/packages/raspberrypi-pico-sdk-latest/src/common/pico_time/time.o
 .text.get_entry
                0x0000000010001474       0x5c build/packages/raspberrypi-pico-sdk-latest/src/common/pico_time/time.o
 .text.get_entry_id_high
                0x00000000100014d0       0x50 build/packages/raspberrypi-pico-sdk-latest/src/common/pico_time/time.o
 .text.timer_pool_entry_comparator
                0x0000000010001520       0x76 build/packages/raspberrypi-pico-sdk-latest/src/common/pico_time/time.o
                0x0000000010001520                timer_pool_entry_comparator
 .text.make_public_id
                0x0000000010001596       0x26 build/packages/raspberrypi-pico-sdk-latest/src/common/pico_time/time.o
 .text.alarm_pool_init_default
                0x00000000100015bc       0x50 build/packages/raspberrypi-pico-sdk-latest/src/common/pico_time/time.o
                0x00000000100015bc                alarm_pool_init_default
 .text.alarm_pool_get_default
                0x000000001000160c       0x30 build/packages/raspberrypi-pico-sdk-latest/src/common/pico_time/time.o
                0x000000001000160c                alarm_pool_get_default
 .text.add_alarm_under_lock
                0x000000001000163c      0x12c build/packages/raspberrypi-pico-sdk-latest/src/common/pico_time/time.o
 .text.alarm_pool_alarm_callback
                0x0000000010001768      0x408 build/packages/raspberrypi-pico-sdk-latest/src/common/pico_time/time.o
 .text.alarm_pool_post_alloc_init
                0x0000000010001b70       0x68 build/packages/raspberrypi-pico-sdk-latest/src/common/pico_time/time.o
 .text.alarm_pool_add_alarm_at
                0x0000000010001bd8      0x188 build/packages/raspberrypi-pico-sdk-latest/src/common/pico_time/time.o
                0x0000000010001bd8                alarm_pool_add_alarm_at
 .text.alarm_pool_cancel_alarm
                0x0000000010001d60      0x134 build/packages/raspberrypi-pico-sdk-latest/src/common/pico_time/time.o
                0x0000000010001d60                alarm_pool_cancel_alarm
 .text.sleep_until_callback
                0x0000000010001e94       0x80 build/packages/raspberrypi-pico-sdk-latest/src/common/pico_time/time.o
 .text.best_effort_wfe_or_timeout
                0x0000000010001f14       0x7c build/packages/raspberrypi-pico-sdk-latest/src/common/pico_time/time.o
                0x0000000010001f14                best_effort_wfe_or_timeout
 .text.ph_get_node
                0x0000000010001f90       0x54 build/packages/raspberrypi-pico-sdk-latest/src/common/pico_util/pheap.o
 .text.ph_add_child_node
                0x0000000010001fe4       0xc4 build/packages/raspberrypi-pico-sdk-latest/src/common/pico_util/pheap.o
 .text.ph_merge_nodes
                0x00000000100020a8       0x7e build/packages/raspberrypi-pico-sdk-latest/src/common/pico_util/pheap.o
 .text.ph_peek_head
                0x0000000010002126       0x14 build/packages/raspberrypi-pico-sdk-latest/src/common/pico_util/pheap.o
 .text.ph_remove_and_free_head
                0x000000001000213a       0x1c build/packages/raspberrypi-pico-sdk-latest/src/common/pico_util/pheap.o
 .text.ph_post_alloc_init
                0x0000000010002156       0x32 build/packages/raspberrypi-pico-sdk-latest/src/common/pico_util/pheap.o
                0x0000000010002156                ph_post_alloc_init
 .text.ph_clear
                0x0000000010002188       0x78 build/packages/raspberrypi-pico-sdk-latest/src/common/pico_util/pheap.o
                0x0000000010002188                ph_clear
 .text.ph_merge_two_pass
                0x0000000010002200       0xd0 build/packages/raspberrypi-pico-sdk-latest/src/common/pico_util/pheap.o
                0x0000000010002200                ph_merge_two_pass
 .text.ph_remove_any_head
                0x00000000100022d0      0x140 build/packages/raspberrypi-pico-sdk-latest/src/common/pico_util/pheap.o
 .text.ph_remove_head
                0x0000000010002410       0x44 build/packages/raspberrypi-pico-sdk-latest/src/common/pico_util/pheap.o
                0x0000000010002410                ph_remove_head
 .text.ph_remove_and_free_node
                0x0000000010002454      0x154 build/packages/raspberrypi-pico-sdk-latest/src/common/pico_util/pheap.o
                0x0000000010002454                ph_remove_and_free_node
 .text.hw_claim_lock
                0x00000000100025a8       0x50 build/packages/raspberrypi-pico-sdk-latest/src/rp2_common/hardware_claim/claim.o
                0x00000000100025a8                hw_claim_lock
 .text.hw_claim_unlock
                0x00000000100025f8       0x4c build/packages/raspberrypi-pico-sdk-latest/src/rp2_common/hardware_claim/claim.o
                0x00000000100025f8                hw_claim_unlock
 .text.hw_is_claimed
                0x0000000010002644       0x32 build/packages/raspberrypi-pico-sdk-latest/src/rp2_common/hardware_claim/claim.o
                0x0000000010002644                hw_is_claimed
 .text.hw_claim_or_assert
                0x0000000010002676       0x66 build/packages/raspberrypi-pico-sdk-latest/src/rp2_common/hardware_claim/claim.o
                0x0000000010002676                hw_claim_or_assert
 .text.busy_wait_at_least_cycles
                0x00000000100026dc       0x18 build/packages/raspberrypi-pico-sdk-latest/src/rp2_common/hardware_clocks/clocks.o
 .text.has_glitchless_mux
                0x00000000100026f4       0x32 build/packages/raspberrypi-pico-sdk-latest/src/rp2_common/hardware_clocks/clocks.o
 *fill*         0x0000000010002726        0x2 
 .text.clock_configure
                0x0000000010002728      0x288 build/packages/raspberrypi-pico-sdk-latest/src/rp2_common/hardware_clocks/clocks.o
                0x0000000010002728                clock_configure
 .text.clocks_init
                0x00000000100029b0      0x148 build/packages/raspberrypi-pico-sdk-latest/src/rp2_common/hardware_clocks/clocks.o
                0x00000000100029b0                clocks_init
 .text.clock_get_hz
                0x0000000010002af8       0x24 build/packages/raspberrypi-pico-sdk-latest/src/rp2_common/hardware_clocks/clocks.o
                0x0000000010002af8                clock_get_hz
 .text.check_gpio_param
                0x0000000010002b1c       0x10 build/packages/raspberrypi-pico-sdk-latest/src/rp2_common/hardware_gpio/gpio.o
 .text.gpio_set_mask
                0x0000000010002b2c       0x18 build/packages/raspberrypi-pico-sdk-latest/src/rp2_common/hardware_gpio/gpio.o
 .text.gpio_clr_mask
                0x0000000010002b44       0x18 build/packages/raspberrypi-pico-sdk-latest/src/rp2_common/hardware_gpio/gpio.o
 .text.gpio_put
                0x0000000010002b5c       0x3a build/packages/raspberrypi-pico-sdk-latest/src/rp2_common/hardware_gpio/gpio.o
 .text.gpio_set_dir_out_masked
                0x0000000010002b96       0x18 build/packages/raspberrypi-pico-sdk-latest/src/rp2_common/hardware_gpio/gpio.o
 .text.gpio_set_dir_in_masked
                0x0000000010002bae       0x18 build/packages/raspberrypi-pico-sdk-latest/src/rp2_common/hardware_gpio/gpio.o
 .text.gpio_set_dir
                0x0000000010002bc6       0x3a build/packages/raspberrypi-pico-sdk-latest/src/rp2_common/hardware_gpio/gpio.o
 .text.gpio_set_function
                0x0000000010002c00       0x6c build/packages/raspberrypi-pico-sdk-latest/src/rp2_common/hardware_gpio/gpio.o
                0x0000000010002c00                gpio_set_function
 .text.gpio_set_pulls
                0x0000000010002c6c       0x7c build/packages/raspberrypi-pico-sdk-latest/src/rp2_common/hardware_gpio/gpio.o
                0x0000000010002c6c                gpio_set_pulls
 .text.gpio_init
                0x0000000010002ce8       0x2e build/packages/raspberrypi-pico-sdk-latest/src/rp2_common/hardware_gpio/gpio.o
                0x0000000010002ce8                gpio_init
 .text.check_irq_param
                0x0000000010002d16       0x10 build/packages/raspberrypi-pico-sdk-latest/src/rp2_common/hardware_irq/irq.o
 *fill*         0x0000000010002d26        0x2 
 .text.get_vtable
                0x0000000010002d28       0x14 build/packages/raspberrypi-pico-sdk-latest/src/rp2_common/hardware_irq/irq.o
 .text.add_thumb_bit
                0x0000000010002d3c       0x16 build/packages/raspberrypi-pico-sdk-latest/src/rp2_common/hardware_irq/irq.o
 .text.remove_thumb_bit
                0x0000000010002d52       0x16 build/packages/raspberrypi-pico-sdk-latest/src/rp2_common/hardware_irq/irq.o
 .text.set_raw_irq_handler_and_unlock
                0x0000000010002d68       0x68 build/packages/raspberrypi-pico-sdk-latest/src/rp2_common/hardware_irq/irq.o
 .text.irq_set_enabled
                0x0000000010002dd0       0x30 build/packages/raspberrypi-pico-sdk-latest/src/rp2_common/hardware_irq/irq.o
                0x0000000010002dd0                irq_set_enabled
 .text.irq_is_enabled
                0x0000000010002e00       0x30 build/packages/raspberrypi-pico-sdk-latest/src/rp2_common/hardware_irq/irq.o
                0x0000000010002e00                irq_is_enabled
 .text.irq_set_mask_enabled
                0x0000000010002e30       0x40 build/packages/raspberrypi-pico-sdk-latest/src/rp2_common/hardware_irq/irq.o
                0x0000000010002e30                irq_set_mask_enabled
 .text.is_shared_irq_raw_handler
                0x0000000010002e70       0x24 build/packages/raspberrypi-pico-sdk-latest/src/rp2_common/hardware_irq/irq.o
 .text.irq_get_vtable_handler
                0x0000000010002e94       0x28 build/packages/raspberrypi-pico-sdk-latest/src/rp2_common/hardware_irq/irq.o
                0x0000000010002e94                irq_get_vtable_handler
 .text.irq_set_exclusive_handler
                0x0000000010002ebc       0xa4 build/packages/raspberrypi-pico-sdk-latest/src/rp2_common/hardware_irq/irq.o
                0x0000000010002ebc                irq_set_exclusive_handler
 .text.make_branch
                0x0000000010002f60       0x74 build/packages/raspberrypi-pico-sdk-latest/src/rp2_common/hardware_irq/irq.o
 .text.insert_branch_and_link
                0x0000000010002fd4       0x74 build/packages/raspberrypi-pico-sdk-latest/src/rp2_common/hardware_irq/irq.o
 .text.resolve_branch
                0x0000000010003048       0x5c build/packages/raspberrypi-pico-sdk-latest/src/rp2_common/hardware_irq/irq.o
 .text.slot_diff
                0x00000000100030a4       0x30 build/packages/raspberrypi-pico-sdk-latest/src/rp2_common/hardware_irq/irq.o
 .text.get_slot_index
                0x00000000100030d4       0x24 build/packages/raspberrypi-pico-sdk-latest/src/rp2_common/hardware_irq/irq.o
 .text.irq_remove_handler
                0x00000000100030f8      0x250 build/packages/raspberrypi-pico-sdk-latest/src/rp2_common/hardware_irq/irq.o
                0x00000000100030f8                irq_remove_handler
 .text.irq_add_tail_to_free_list
                0x0000000010003348      0x1b8 build/packages/raspberrypi-pico-sdk-latest/src/rp2_common/hardware_irq/irq.o
                0x0000000010003348                irq_add_tail_to_free_list
 .text.irq_init_priorities
                0x0000000010003500       0x3c build/packages/raspberrypi-pico-sdk-latest/src/rp2_common/hardware_irq/irq.o
                0x0000000010003500                irq_init_priorities
 .text.reset_block
                0x000000001000353c       0x2c build/packages/raspberrypi-pico-sdk-latest/src/rp2_common/hardware_pll/pll.o
 .text.unreset_block_wait
                0x0000000010003568       0x3c build/packages/raspberrypi-pico-sdk-latest/src/rp2_common/hardware_pll/pll.o
 .text.pll_init
                0x00000000100035a4      0x180 build/packages/raspberrypi-pico-sdk-latest/src/rp2_common/hardware_pll/pll.o
                0x00000000100035a4                pll_init
 .text.spin_locks_reset
                0x0000000010003724       0x48 build/packages/raspberrypi-pico-sdk-latest/src/rp2_common/hardware_sync/sync.o
                0x0000000010003724                spin_locks_reset
 .text.next_striped_spin_lock_num
                0x000000001000376c       0x30 build/packages/raspberrypi-pico-sdk-latest/src/rp2_common/hardware_sync/sync.o
                0x000000001000376c                next_striped_spin_lock_num
 .text.to_us_since_boot
                0x000000001000379c       0x18 build/packages/raspberrypi-pico-sdk-latest/src/rp2_common/hardware_timer/timer.o
 .text.update_us_since_boot
                0x00000000100037b4       0x40 build/packages/raspberrypi-pico-sdk-latest/src/rp2_common/hardware_timer/timer.o
 .text.check_hardware_alarm_num_param
                0x00000000100037f4       0x10 build/packages/raspberrypi-pico-sdk-latest/src/rp2_common/hardware_timer/timer.o
 .text.irq_clear
                0x0000000010003804       0x24 build/packages/raspberrypi-pico-sdk-latest/src/rp2_common/hardware_timer/timer.o
 .text.hardware_alarm_claim
                0x0000000010003828       0x2c build/packages/raspberrypi-pico-sdk-latest/src/rp2_common/hardware_timer/timer.o
                0x0000000010003828                hardware_alarm_claim
 .text.time_us_64
                0x0000000010003854       0x60 build/packages/raspberrypi-pico-sdk-latest/src/rp2_common/hardware_timer/timer.o
                0x0000000010003854                time_us_64
 .text.busy_wait_us
                0x00000000100038b4       0x6a build/packages/raspberrypi-pico-sdk-latest/src/rp2_common/hardware_timer/timer.o
                0x00000000100038b4                busy_wait_us
 *fill*         0x000000001000391e        0x2 
 .text.busy_wait_until
                0x0000000010003920       0x6c build/packages/raspberrypi-pico-sdk-latest/src/rp2_common/hardware_timer/timer.o
                0x0000000010003920                busy_wait_until
 .text.harware_alarm_irq_number
                0x000000001000398c       0x12 build/packages/raspberrypi-pico-sdk-latest/src/rp2_common/hardware_timer/timer.o
 *fill*         0x000000001000399e        0x2 
 .text.hardware_alarm_irq_handler
                0x00000000100039a0      0x13c build/packages/raspberrypi-pico-sdk-latest/src/rp2_common/hardware_timer/timer.o
 .text.hardware_alarm_set_callback
                0x0000000010003adc      0x134 build/packages/raspberrypi-pico-sdk-latest/src/rp2_common/hardware_timer/timer.o
                0x0000000010003adc                hardware_alarm_set_callback
 .text.hardware_alarm_set_target
                0x0000000010003c10      0x1c4 build/packages/raspberrypi-pico-sdk-latest/src/rp2_common/hardware_timer/timer.o
                0x0000000010003c10                hardware_alarm_set_target
 .text.hardware_alarm_cancel
                0x0000000010003dd4       0xb8 build/packages/raspberrypi-pico-sdk-latest/src/rp2_common/hardware_timer/timer.o
                0x0000000010003dd4                hardware_alarm_cancel
 .text.uart_get_index
                0x0000000010003e8c       0x24 build/packages/raspberrypi-pico-sdk-latest/src/rp2_common/hardware_uart/uart.o
 .text.uart_get_hw
                0x0000000010003eb0       0x1a build/packages/raspberrypi-pico-sdk-latest/src/rp2_common/hardware_uart/uart.o
 *fill*         0x0000000010003eca        0x2 
 .text.reset_block
                0x0000000010003ecc       0x2c build/packages/raspberrypi-pico-sdk-latest/src/rp2_common/hardware_uart/uart.o
 .text.unreset_block_wait
                0x0000000010003ef8       0x3c build/packages/raspberrypi-pico-sdk-latest/src/rp2_common/hardware_uart/uart.o
 .text.uart_reset
                0x0000000010003f34       0x2c build/packages/raspberrypi-pico-sdk-latest/src/rp2_common/hardware_uart/uart.o
 .text.uart_unreset
                0x0000000010003f60       0x2c build/packages/raspberrypi-pico-sdk-latest/src/rp2_common/hardware_uart/uart.o
 .text.uart_init
                0x0000000010003f8c       0x98 build/packages/raspberrypi-pico-sdk-latest/src/rp2_common/hardware_uart/uart.o
                0x0000000010003f8c                uart_init
 .text.uart_disable_before_lcr_write
                0x0000000010004024       0xac build/packages/raspberrypi-pico-sdk-latest/src/rp2_common/hardware_uart/uart.o
 .text.uart_write_lcr_bits_masked
                0x00000000100040d0       0x66 build/packages/raspberrypi-pico-sdk-latest/src/rp2_common/hardware_uart/uart.o
 *fill*         0x0000000010004136        0x2 
 .text.uart_set_baudrate
                0x0000000010004138       0xa8 build/packages/raspberrypi-pico-sdk-latest/src/rp2_common/hardware_uart/uart.o
                0x0000000010004138                uart_set_baudrate
 .text.uart_set_format
                0x00000000100041e0       0x54 build/packages/raspberrypi-pico-sdk-latest/src/rp2_common/hardware_uart/uart.o
                0x00000000100041e0                uart_set_format
 .text.uart_set_fifo_enabled
                0x0000000010004234       0x32 build/packages/raspberrypi-pico-sdk-latest/src/rp2_common/hardware_uart/uart.o
                0x0000000010004234                uart_set_fifo_enabled
 *fill*         0x0000000010004266        0x2 
 .text.uart_set_translate_crlf
                0x0000000010004268       0x3c build/packages/raspberrypi-pico-sdk-latest/src/rp2_common/hardware_uart/uart.o
                0x0000000010004268                uart_set_translate_crlf
 .text.watchdog_start_tick
                0x00000000100042a4       0x20 build/packages/raspberrypi-pico-sdk-latest/src/rp2_common/hardware_watchdog/watchdog.o
                0x00000000100042a4                watchdog_start_tick
 .text.xosc_init
                0x00000000100042c4       0x48 build/packages/raspberrypi-pico-sdk-latest/src/rp2_common/hardware_xosc/xosc.o
                0x00000000100042c4                xosc_init
 .text          0x000000001000430c       0x10 build/packages/raspberrypi-pico-sdk-latest/src/rp2_common/pico_bit_ops/bit_ops_aeabi.o
 .text.rom_func_lookup
                0x000000001000431c       0x2c build/packages/raspberrypi-pico-sdk-latest/src/rp2_common/pico_bootrom/bootrom.o
                0x000000001000431c                rom_func_lookup
 .text.rom_data_lookup
                0x0000000010004348       0x28 build/packages/raspberrypi-pico-sdk-latest/src/rp2_common/pico_bootrom/bootrom.o
                0x0000000010004348                rom_data_lookup
 .text.rom_funcs_lookup
                0x0000000010004370       0x68 build/packages/raspberrypi-pico-sdk-latest/src/rp2_common/pico_bootrom/bootrom.o
                0x0000000010004370                rom_funcs_lookup
 .text.__wrap___aeabi_idiv
                0x00000000100043d8       0x50 build/packages/raspberrypi-pico-sdk-latest/src/rp2_common/pico_divider/divider.o
                0x00000000100043d8                __wrap___aeabi_idivmod
                0x00000000100043d8                divmod_s32s32
                0x00000000100043d8                div_s32s32
                0x00000000100043d8                __wrap___aeabi_idiv
                0x00000000100043e0                divmod_s32s32_unsafe
                0x000000001000440c                divmod_s32s32_savestate
 .text.__wrap___aeabi_uidiv
                0x0000000010004428       0x4c build/packages/raspberrypi-pico-sdk-latest/src/rp2_common/pico_divider/divider.o
                0x0000000010004428                __wrap___aeabi_uidiv
                0x0000000010004428                __wrap___aeabi_uidivmod
                0x0000000010004428                div_u32u32
                0x0000000010004428                divmod_u32u32
                0x0000000010004430                divmod_u32u32_unsafe
                0x0000000010004458                divmod_u32u32_savestate
 .text.__wrap___aeabi_ldiv
                0x0000000010004474      0x424 build/packages/raspberrypi-pico-sdk-latest/src/rp2_common/pico_divider/divider.o
                0x0000000010004474                div_s64s64
                0x0000000010004474                divmod_s64s64
                0x0000000010004474                __wrap___aeabi_ldivmod
                0x00000000100044a4                div_u64u64
                0x00000000100044a4                divmod_u64u64
                0x00000000100044a4                __wrap___aeabi_uldivmod
                0x00000000100044b4                divmod_u64u64_savestate
                0x00000000100044d4                divmod_s64s64_unsafe
                0x000000001000455c                divmod_u64u64_unsafe
 .text.__wrap___aeabi_darithmetic
                0x0000000010004898       0x80 build/packages/raspberrypi-pico-sdk-latest/src/rp2_common/pico_double/double_aeabi.o
                0x0000000010004898                __wrap___aeabi_drsub
                0x000000001000489e                __wrap___aeabi_dsub
                0x00000000100048b0                __wrap___aeabi_dadd
                0x00000000100048c2                __wrap___aeabi_ddiv
                0x00000000100048fe                __wrap___aeabi_dmul
 .text.__wrap___aeabi_cdcmple
                0x0000000010004918       0x6c build/packages/raspberrypi-pico-sdk-latest/src/rp2_common/pico_double/double_aeabi.o
                0x0000000010004918                __wrap___aeabi_cdrcmple
                0x0000000010004928                __wrap___aeabi_cdcmple
                0x0000000010004928                __wrap___aeabi_cdcmpeq
 .text.__wrap___aeabi_dcmpeq
                0x0000000010004984       0x10 build/packages/raspberrypi-pico-sdk-latest/src/rp2_common/pico_double/double_aeabi.o
                0x0000000010004984                __wrap___aeabi_dcmpeq
 .text.__wrap___aeabi_dcmplt
                0x0000000010004994        0xc build/packages/raspberrypi-pico-sdk-latest/src/rp2_common/pico_double/double_aeabi.o
                0x0000000010004994                __wrap___aeabi_dcmplt
 .text.__wrap___aeabi_dcmple
                0x00000000100049a0       0x10 build/packages/raspberrypi-pico-sdk-latest/src/rp2_common/pico_double/double_aeabi.o
                0x00000000100049a0                __wrap___aeabi_dcmple
 .text.__wrap___aeabi_dcmpge
                0x00000000100049b0       0x10 build/packages/raspberrypi-pico-sdk-latest/src/rp2_common/pico_double/double_aeabi.o
                0x00000000100049b0                __wrap___aeabi_dcmpge
 .text.__wrap___aeabi_dcmpgt
                0x00000000100049c0        0xa build/packages/raspberrypi-pico-sdk-latest/src/rp2_common/pico_double/double_aeabi.o
                0x00000000100049c0                __wrap___aeabi_dcmpgt
 .text.__wrap___aeabi_dcmpun
                0x00000000100049ca       0x1c build/packages/raspberrypi-pico-sdk-latest/src/rp2_common/pico_double/double_aeabi.o
                0x00000000100049ca                __wrap___aeabi_dcmpun
 *fill*         0x00000000100049e6        0x2 
 .text.__wrap___aeabi_i2d
                0x00000000100049e8       0x38 build/packages/raspberrypi-pico-sdk-latest/src/rp2_common/pico_double/double_aeabi.o
                0x00000000100049e8                __wrap___aeabi_ui2d
                0x00000000100049f0                __wrap___aeabi_i2d
 .text.__wrap___aeabi_d2iz
                0x0000000010004a20       0x48 build/packages/raspberrypi-pico-sdk-latest/src/rp2_common/pico_double/double_aeabi.o
                0x0000000010004a20                __wrap___aeabi_d2iz
                0x0000000010004a20                double2int_z
 .text.rp2040_rom_version
                0x0000000010004a68        0xe build/packages/raspberrypi-pico-sdk-latest/src/rp2_common/pico_double/double_init_rom.o
 .text.rom_table_code
                0x0000000010004a76       0x26 build/packages/raspberrypi-pico-sdk-latest/src/rp2_common/pico_double/double_init_rom.o
 .text.__aeabi_double_init
                0x0000000010004a9c       0xfc build/packages/raspberrypi-pico-sdk-latest/src/rp2_common/pico_double/double_init_rom.o
                0x0000000010004a9c                __aeabi_double_init
 .text.double_table_shim_on_use_helper
                0x0000000010004b98       0x34 build/packages/raspberrypi-pico-sdk-latest/src/rp2_common/pico_double/double_v1_rom_shim.o
                0x0000000010004b98                double_table_shim_on_use_helper
 .text.__wrap___aeabi_dsub
                0x0000000010004bcc       0x10 build/packages/raspberrypi-pico-sdk-latest/src/rp2_common/pico_double/double_v1_rom_shim.o
                0x0000000010004bcc                drsub_shim
                0x0000000010004bd2                dsub_shim
 .text.dadd_shim
                0x0000000010004bdc      0x15c build/packages/raspberrypi-pico-sdk-latest/src/rp2_common/pico_double/double_v1_rom_shim.o
                0x0000000010004bdc                dadd_shim
 .text.dmul_shim
                0x0000000010004d38      0x15c build/packages/raspberrypi-pico-sdk-latest/src/rp2_common/pico_double/double_v1_rom_shim.o
                0x0000000010004d38                dmul_shim
 .text.ddiv_shim
                0x0000000010004e94      0x1b0 build/packages/raspberrypi-pico-sdk-latest/src/rp2_common/pico_double/double_v1_rom_shim.o
                0x0000000010004e94                ddiv_shim
 .text.rp2040_rom_version
                0x0000000010005044        0xe build/packages/raspberrypi-pico-sdk-latest/src/rp2_common/pico_float/float_init_rom.o
 .text.rom_table_code
                0x0000000010005052       0x26 build/packages/raspberrypi-pico-sdk-latest/src/rp2_common/pico_float/float_init_rom.o
 .text.__aeabi_float_init
                0x0000000010005078      0x130 build/packages/raspberrypi-pico-sdk-latest/src/rp2_common/pico_float/float_init_rom.o
                0x0000000010005078                __aeabi_float_init
 .text.float_table_shim_on_use_helper
                0x00000000100051a8       0x34 build/packages/raspberrypi-pico-sdk-latest/src/rp2_common/pico_float/float_v1_rom_shim.o
                0x00000000100051a8                float_table_shim_on_use_helper
 .text.__aeabi_lmul
                0x00000000100051dc       0x32 build/packages/raspberrypi-pico-sdk-latest/src/rp2_common/pico_int64_ops/pico_int64_ops_aeabi.o
                0x00000000100051dc                __wrap___aeabi_lmul
 *fill*         0x000000001000520e        0x2 
 .text          0x0000000010005210       0x10 build/packages/raspberrypi-pico-sdk-latest/src/rp2_common/pico_mem_ops/mem_ops_aeabi.o
                0x0000000010005210                __aeabi_mem_init
 .text.memset   0x0000000010005220        0xc build/packages/raspberrypi-pico-sdk-latest/src/rp2_common/pico_mem_ops/mem_ops_aeabi.o
                0x0000000010005220                __wrap_memset
 .text.memcpy   0x000000001000522c        0xc build/packages/raspberrypi-pico-sdk-latest/src/rp2_common/pico_mem_ops/mem_ops_aeabi.o
                0x000000001000522c                __wrap___aeabi_memcpy
                0x000000001000522c                __wrap_memcpy
 .text.running_on_fpga
                0x0000000010005238       0x1c build/packages/raspberrypi-pico-sdk-latest/src/rp2_common/pico_platform/platform.o
                0x0000000010005238                running_on_fpga
 .text.__breakpoint
                0x0000000010005254        0xc build/packages/raspberrypi-pico-sdk-latest/src/rp2_common/pico_runtime/runtime.o
 .text.reset_block
                0x0000000010005260       0x2c build/packages/raspberrypi-pico-sdk-latest/src/rp2_common/pico_runtime/runtime.o
 .text.unreset_block_wait
                0x000000001000528c       0x3c build/packages/raspberrypi-pico-sdk-latest/src/rp2_common/pico_runtime/runtime.o
 .text.runtime_init
                0x00000000100052c8      0x110 build/packages/raspberrypi-pico-sdk-latest/src/rp2_common/pico_runtime/runtime.o
                0x00000000100052c8                runtime_init
 .text.__assert_func
                0x00000000100053d8       0x4c build/packages/raspberrypi-pico-sdk-latest/src/rp2_common/pico_runtime/runtime.o
                0x00000000100053d8                __assert_func
 .text.panic    0x0000000010005424       0x40 build/packages/raspberrypi-pico-sdk-latest/src/rp2_common/pico_runtime/runtime.o
                0x0000000010005424                panic
 .text.to_us_since_boot
                0x0000000010005464       0x18 build/packages/raspberrypi-pico-sdk-latest/src/rp2_common/pico_stdio/stdio.o
 .text.update_us_since_boot
                0x000000001000547c       0x40 build/packages/raspberrypi-pico-sdk-latest/src/rp2_common/pico_stdio/stdio.o
 .text.get_absolute_time
                0x00000000100054bc       0x2c build/packages/raspberrypi-pico-sdk-latest/src/rp2_common/pico_stdio/stdio.o
 .text.delayed_by_ms
                0x00000000100054e8       0x80 build/packages/raspberrypi-pico-sdk-latest/src/rp2_common/pico_stdio/stdio.o
 .text.make_timeout_time_ms
                0x0000000010005568       0x2a build/packages/raspberrypi-pico-sdk-latest/src/rp2_common/pico_stdio/stdio.o
 *fill*         0x0000000010005592        0x2 
 .text.stdout_serialize_begin
                0x0000000010005594       0x30 build/packages/raspberrypi-pico-sdk-latest/src/rp2_common/pico_stdio/stdio.o
                0x0000000010005594                stdout_serialize_begin
 .text.stdout_serialize_end
                0x00000000100055c4       0x18 build/packages/raspberrypi-pico-sdk-latest/src/rp2_common/pico_stdio/stdio.o
                0x00000000100055c4                stdout_serialize_end
 .text.stdio_out_chars_no_crlf
                0x00000000100055dc       0x20 build/packages/raspberrypi-pico-sdk-latest/src/rp2_common/pico_stdio/stdio.o
 .text.stdio_out_chars_crlf
                0x00000000100055fc       0xf4 build/packages/raspberrypi-pico-sdk-latest/src/rp2_common/pico_stdio/stdio.o
 .text.stdio_put_string
                0x00000000100056f0       0xcc build/packages/raspberrypi-pico-sdk-latest/src/rp2_common/pico_stdio/stdio.o
 .text.__wrap_puts
                0x00000000100057bc       0x2e build/packages/raspberrypi-pico-sdk-latest/src/rp2_common/pico_stdio/stdio.o
                0x00000000100057bc                __wrap_puts
 *fill*         0x00000000100057ea        0x2 
 .text.stdio_flush
                0x00000000100057ec       0x38 build/packages/raspberrypi-pico-sdk-latest/src/rp2_common/pico_stdio/stdio.o
                0x00000000100057ec                stdio_flush
 .text.__wrap_vprintf
                0x0000000010005824       0x3c build/packages/raspberrypi-pico-sdk-latest/src/rp2_common/pico_stdio/stdio.o
                0x0000000010005824                __wrap_vprintf
 .text.__wrap_printf
                0x0000000010005860       0x2e build/packages/raspberrypi-pico-sdk-latest/src/rp2_common/pico_stdio/stdio.o
                0x0000000010005860                __wrap_printf
 .text.stdio_init_all
                0x000000001000588e       0x18 build/packages/raspberrypi-pico-sdk-latest/src/rp2_common/pico_stdio/stdio.o
                0x000000001000588e                stdio_init_all
 *fill*         0x00000000100058a6        0x2 
 .text.set_sys_clock_pll
                0x00000000100058a8       0xa0 build/packages/raspberrypi-pico-sdk-latest/src/rp2_common/pico_stdlib/stdlib.o
                0x00000000100058a8                set_sys_clock_pll
 .text.check_sys_clock_khz
                0x0000000010005948       0xd0 build/packages/raspberrypi-pico-sdk-latest/src/rp2_common/pico_stdlib/stdlib.o
                0x0000000010005948                check_sys_clock_khz
 .text.rt_device_register
                0x0000000010005a18       0x56 build/kernel/components/drivers/core/device.o
                0x0000000010005a18                rt_device_register
 .text.rt_device_find
                0x0000000010005a6e       0x1c build/kernel/components/drivers/core/device.o
                0x0000000010005a6e                rt_device_find
 *fill*         0x0000000010005a8a        0x2 
 .text.rt_device_open
                0x0000000010005a8c      0x164 build/kernel/components/drivers/core/device.o
                0x0000000010005a8c                rt_device_open
 .text.rt_device_close
                0x0000000010005bf0       0xa4 build/kernel/components/drivers/core/device.o
                0x0000000010005bf0                rt_device_close
 .text.rt_device_read
                0x0000000010005c94       0x90 build/kernel/components/drivers/core/device.o
                0x0000000010005c94                rt_device_read
 .text.rt_device_write
                0x0000000010005d24       0x90 build/kernel/components/drivers/core/device.o
                0x0000000010005d24                rt_device_write
 .text.rt_device_set_rx_indicate
                0x0000000010005db4       0x58 build/kernel/components/drivers/core/device.o
                0x0000000010005db4                rt_device_set_rx_indicate
 .text.rt_list_init
                0x0000000010005e0c       0x1e build/kernel/components/drivers/ipc/completion.o
 .text.rt_list_insert_before
                0x0000000010005e2a       0x2e build/kernel/components/drivers/ipc/completion.o
 .text.rt_list_isempty
                0x0000000010005e58       0x1e build/kernel/components/drivers/ipc/completion.o
 *fill*         0x0000000010005e76        0x2 
 .text.rt_completion_init
                0x0000000010005e78       0x4c build/kernel/components/drivers/ipc/completion.o
                0x0000000010005e78                rt_completion_init
 .text.rt_completion_wait
                0x0000000010005ec4      0x1dc build/kernel/components/drivers/ipc/completion.o
                0x0000000010005ec4                rt_completion_wait
 .text.rt_completion_done
                0x00000000100060a0       0x78 build/kernel/components/drivers/ipc/completion.o
                0x00000000100060a0                rt_completion_done
 .text.rt_list_init
                0x0000000010006118       0x1e build/kernel/components/drivers/ipc/dataqueue.o
 .text.rt_list_insert_before
                0x0000000010006136       0x2e build/kernel/components/drivers/ipc/dataqueue.o
 .text.rt_list_isempty
                0x0000000010006164       0x1e build/kernel/components/drivers/ipc/dataqueue.o
 *fill*         0x0000000010006182        0x2 
 .text.rt_data_queue_init
                0x0000000010006184       0xe0 build/kernel/components/drivers/ipc/dataqueue.o
                0x0000000010006184                rt_data_queue_init
 .text.rt_data_queue_push
                0x0000000010006264      0x2ac build/kernel/components/drivers/ipc/dataqueue.o
                0x0000000010006264                rt_data_queue_push
 .text.rt_data_queue_pop
                0x0000000010006510      0x30c build/kernel/components/drivers/ipc/dataqueue.o
                0x0000000010006510                rt_data_queue_pop
 .text.rt_data_queue_peek
                0x000000001000681c       0xa8 build/kernel/components/drivers/ipc/dataqueue.o
                0x000000001000681c                rt_data_queue_peek
 .text.rt_data_queue_reset
                0x00000000100068c4      0x104 build/kernel/components/drivers/ipc/dataqueue.o
                0x00000000100068c4                rt_data_queue_reset
 .text.rt_data_queue_deinit
                0x00000000100069c8       0x78 build/kernel/components/drivers/ipc/dataqueue.o
                0x00000000100069c8                rt_data_queue_deinit
 .text.rt_data_queue_len
                0x0000000010006a40       0xd8 build/kernel/components/drivers/ipc/dataqueue.o
                0x0000000010006a40                rt_data_queue_len
 .text._pin_read
                0x0000000010006b18       0x64 build/kernel/components/drivers/misc/pin.o
 .text._pin_write
                0x0000000010006b7c       0x60 build/kernel/components/drivers/misc/pin.o
 .text._pin_control
                0x0000000010006bdc       0x58 build/kernel/components/drivers/misc/pin.o
 .text.rt_device_pin_register
                0x0000000010006c34       0x74 build/kernel/components/drivers/misc/pin.o
                0x0000000010006c34                rt_device_pin_register
 .text.rt_pin_mode
                0x0000000010006ca8       0x48 build/kernel/components/drivers/misc/pin.o
                0x0000000010006ca8                rt_pin_mode
 .text.rt_pin_write
                0x0000000010006cf0       0x48 build/kernel/components/drivers/misc/pin.o
                0x0000000010006cf0                rt_pin_write
 .text.rt_pin_read
                0x0000000010006d38       0x40 build/kernel/components/drivers/misc/pin.o
                0x0000000010006d38                rt_pin_read
 .text.rt_pin_get
                0x0000000010006d78       0x50 build/kernel/components/drivers/misc/pin.o
                0x0000000010006d78                rt_pin_get
 .text._pin_cmd_conv
                0x0000000010006dc8       0x1a build/kernel/components/drivers/misc/pin.o
 *fill*         0x0000000010006de2        0x2 
 .text._pin_cmd_print_usage
                0x0000000010006de4       0x90 build/kernel/components/drivers/misc/pin.o
 .text._pin_cmd_get
                0x0000000010006e74       0x60 build/kernel/components/drivers/misc/pin.o
 .text._pin_cmd_mode
                0x0000000010006ed4      0x118 build/kernel/components/drivers/misc/pin.o
 .text._pin_cmd_read
                0x0000000010006fec       0xa8 build/kernel/components/drivers/misc/pin.o
 .text._pin_cmd_write
                0x0000000010007094       0xf8 build/kernel/components/drivers/misc/pin.o
 .text._pin_cmd
                0x000000001000718c       0xbc build/kernel/components/drivers/misc/pin.o
 .text._serial_poll_rx
                0x0000000010007248       0x84 build/kernel/components/drivers/serial/serial.o
 .text._serial_poll_tx
                0x00000000100072cc       0x80 build/kernel/components/drivers/serial/serial.o
 .text._serial_int_rx
                0x000000001000734c       0xe8 build/kernel/components/drivers/serial/serial.o
 .text._serial_int_tx
                0x0000000010007434       0xcc build/kernel/components/drivers/serial/serial.o
 .text._serial_check_buffer_size
                0x0000000010007500       0x40 build/kernel/components/drivers/serial/serial.o
 .text._serial_fifo_calc_recved_len
                0x0000000010007540       0x8c build/kernel/components/drivers/serial/serial.o
 .text.rt_dma_calc_recved_len
                0x00000000100075cc       0x1a build/kernel/components/drivers/serial/serial.o
 *fill*         0x00000000100075e6        0x2 
 .text.rt_dma_recv_update_get_index
                0x00000000100075e8       0xb0 build/kernel/components/drivers/serial/serial.o
 .text.rt_dma_recv_update_put_index
                0x0000000010007698       0xfc build/kernel/components/drivers/serial/serial.o
 .text._serial_dma_rx
                0x0000000010007794      0x1b4 build/kernel/components/drivers/serial/serial.o
 .text._serial_dma_tx
                0x0000000010007948       0x7a build/kernel/components/drivers/serial/serial.o
 *fill*         0x00000000100079c2        0x2 
 .text.rt_serial_init
                0x00000000100079c4       0x74 build/kernel/components/drivers/serial/serial.o
 .text.rt_serial_open
                0x0000000010007a38      0x3cc build/kernel/components/drivers/serial/serial.o
 .text.rt_serial_close
                0x0000000010007e04      0x214 build/kernel/components/drivers/serial/serial.o
 .text.rt_serial_read
                0x0000000010008018       0x8c build/kernel/components/drivers/serial/serial.o
 .text.rt_serial_write
                0x00000000100080a4       0x8c build/kernel/components/drivers/serial/serial.o
 .text.rt_serial_control
                0x0000000010008130      0x108 build/kernel/components/drivers/serial/serial.o
 .text.rt_hw_serial_register
                0x0000000010008238       0xa0 build/kernel/components/drivers/serial/serial.o
                0x0000000010008238                rt_hw_serial_register
 .text.rt_hw_serial_isr
                0x00000000100082d8      0x28c build/kernel/components/drivers/serial/serial.o
                0x00000000100082d8                rt_hw_serial_isr
 .text.rt_list_isempty
                0x0000000010008564       0x1e build/kernel/components/finsh/cmd.o
 .text.rt_list_len
                0x0000000010008582       0x32 build/kernel/components/finsh/cmd.o
 .text.clear    0x00000000100085b4       0x18 build/kernel/components/finsh/cmd.o
 .text.version  0x00000000100085cc       0x10 build/kernel/components/finsh/cmd.o
                0x00000000100085cc                version
 .text.object_split
                0x00000000100085dc       0x2c build/kernel/components/finsh/cmd.o
 .text.list_find_init
                0x0000000010008608       0x50 build/kernel/components/finsh/cmd.o
 .text.list_get_next
                0x0000000010008658       0xca build/kernel/components/finsh/cmd.o
 *fill*         0x0000000010008722        0x2 
 .text.list_thread
                0x0000000010008724      0x2bc build/kernel/components/finsh/cmd.o
                0x0000000010008724                list_thread
 .text.show_wait_queue
                0x00000000100089e0       0x54 build/kernel/components/finsh/cmd.o
 .text.list_sem
                0x0000000010008a34      0x138 build/kernel/components/finsh/cmd.o
                0x0000000010008a34                list_sem
 .text.list_event
                0x0000000010008b6c      0x128 build/kernel/components/finsh/cmd.o
                0x0000000010008b6c                list_event
 .text.list_mutex
                0x0000000010008c94      0x170 build/kernel/components/finsh/cmd.o
                0x0000000010008c94                list_mutex
 .text.list_mailbox
                0x0000000010008e04      0x148 build/kernel/components/finsh/cmd.o
                0x0000000010008e04                list_mailbox
 .text.list_msgqueue
                0x0000000010008f4c      0x138 build/kernel/components/finsh/cmd.o
                0x0000000010008f4c                list_msgqueue
 .text.list_mempool
                0x0000000010009084      0x15c build/kernel/components/finsh/cmd.o
                0x0000000010009084                list_mempool
 .text.list_timer
                0x00000000100091e0      0x140 build/kernel/components/finsh/cmd.o
                0x00000000100091e0                list_timer
 .text.list_device
                0x0000000010009320      0x110 build/kernel/components/finsh/cmd.o
                0x0000000010009320                list_device
 .text.cmd_list
                0x0000000010009430       0xa0 build/kernel/components/finsh/cmd.o
                0x0000000010009430                cmd_list
 .text.msh_help
                0x00000000100094d0       0x60 build/kernel/components/finsh/msh.o
                0x00000000100094d0                msh_help
 .text.cmd_ps   0x0000000010009530       0x18 build/kernel/components/finsh/msh.o
                0x0000000010009530                cmd_ps
 .text.cmd_free
                0x0000000010009548       0x78 build/kernel/components/finsh/msh.o
                0x0000000010009548                cmd_free
 .text.msh_split
                0x00000000100095c0      0x178 build/kernel/components/finsh/msh.o
 .text.msh_get_cmd
                0x0000000010009738       0x60 build/kernel/components/finsh/msh.o
 .text._msh_exec_cmd
                0x0000000010009798       0xdc build/kernel/components/finsh/msh.o
 .text.msh_exec
                0x0000000010009874       0x90 build/kernel/components/finsh/msh.o
                0x0000000010009874                msh_exec
 .text.str_common
                0x0000000010009904       0x46 build/kernel/components/finsh/msh.o
 *fill*         0x000000001000994a        0x2 
 .text.msh_auto_complete
                0x000000001000994c       0xbc build/kernel/components/finsh/msh.o
                0x000000001000994c                msh_auto_complete
 .text.msh_get_cmd_opt
                0x0000000010009a08       0x88 build/kernel/components/finsh/msh.o
 .text.msh_get_argc
                0x0000000010009a90       0x56 build/kernel/components/finsh/msh.o
 *fill*         0x0000000010009ae6        0x2 
 .text.msh_opt_complete
                0x0000000010009ae8       0xb8 build/kernel/components/finsh/msh.o
 .text.msh_opt_help
                0x0000000010009ba0       0x44 build/kernel/components/finsh/msh.o
 .text.msh_opt_auto_complete
                0x0000000010009be4       0xb0 build/kernel/components/finsh/msh.o
                0x0000000010009be4                msh_opt_auto_complete
 .text.msh_cmd_opt_id_get
                0x0000000010009c94       0x58 build/kernel/components/finsh/msh.o
                0x0000000010009c94                msh_cmd_opt_id_get
 .text.msh_opt_list_dump
                0x0000000010009cec       0x40 build/kernel/components/finsh/msh.o
                0x0000000010009cec                msh_opt_list_dump
 .text.msh_isint
                0x0000000010009d2c       0x68 build/kernel/components/finsh/msh_parse.o
                0x0000000010009d2c                msh_isint
 .text.finsh_get_prompt
                0x0000000010009d94       0x80 build/kernel/components/finsh/shell.o
                0x0000000010009d94                finsh_get_prompt
 .text.finsh_set_prompt_mode
                0x0000000010009e14       0x54 build/kernel/components/finsh/shell.o
                0x0000000010009e14                finsh_set_prompt_mode
 .text.finsh_getchar
                0x0000000010009e68       0xa0 build/kernel/components/finsh/shell.o
                0x0000000010009e68                finsh_getchar
 .text.finsh_rx_ind
                0x0000000010009f08       0x40 build/kernel/components/finsh/shell.o
 .text.finsh_set_device
                0x0000000010009f48       0xfc build/kernel/components/finsh/shell.o
                0x0000000010009f48                finsh_set_device
 .text.shell_auto_complete
                0x000000001000a044       0x40 build/kernel/components/finsh/shell.o
 .text.shell_handle_history
                0x000000001000a084       0x38 build/kernel/components/finsh/shell.o
 .text.shell_push_history
                0x000000001000a0bc      0x166 build/kernel/components/finsh/shell.o
 *fill*         0x000000001000a222        0x2 
 .text.finsh_thread_entry
                0x000000001000a224      0x648 build/kernel/components/finsh/shell.o
                0x000000001000a224                finsh_thread_entry
 .text.finsh_system_function_init
                0x000000001000a86c       0x28 build/kernel/components/finsh/shell.o
                0x000000001000a86c                finsh_system_function_init
 .text.finsh_system_init
                0x000000001000a894       0xa8 build/kernel/components/finsh/shell.o
                0x000000001000a894                finsh_system_init
 .text.__rt_libc_exit
                0x000000001000a93c       0x54 build/kernel/components/libc/compilers/common/cstdlib.o
                0x000000001000a93c                __rt_libc_exit
 .text._malloc_r
                0x000000001000a990       0x2c build/kernel/components/libc/compilers/newlib/syscalls.o
                0x000000001000a990                _malloc_r
 .text._realloc_r
                0x000000001000a9bc       0x32 build/kernel/components/libc/compilers/newlib/syscalls.o
                0x000000001000a9bc                _realloc_r
 .text._calloc_r
                0x000000001000a9ee       0x32 build/kernel/components/libc/compilers/newlib/syscalls.o
                0x000000001000a9ee                _calloc_r
 .text._free_r  0x000000001000aa20       0x1a build/kernel/components/libc/compilers/newlib/syscalls.o
                0x000000001000aa20                _free_r
 .text.__errno  0x000000001000aa3a       0x10 build/kernel/components/libc/compilers/newlib/syscalls.o
                0x000000001000aa3a                __errno
 *fill*         0x000000001000aa4a        0x2 
 .text._close_r
                0x000000001000aa4c       0x4c build/kernel/components/libc/compilers/newlib/syscalls.o
                0x000000001000aa4c                _close_r
 .text._fstat_r
                0x000000001000aa98       0x1e build/kernel/components/libc/compilers/newlib/syscalls.o
                0x000000001000aa98                _fstat_r
 .text._isatty_r
                0x000000001000aab6       0x24 build/kernel/components/libc/compilers/newlib/syscalls.o
                0x000000001000aab6                _isatty_r
 *fill*         0x000000001000aada        0x2 
 .text._lseek_r
                0x000000001000aadc       0x50 build/kernel/components/libc/compilers/newlib/syscalls.o
                0x000000001000aadc                _lseek_r
 .text._read_r  0x000000001000ab2c       0x50 build/kernel/components/libc/compilers/newlib/syscalls.o
                0x000000001000ab2c                _read_r
 .text._write_r
                0x000000001000ab7c       0x90 build/kernel/components/libc/compilers/newlib/syscalls.o
                0x000000001000ab7c                _write_r
 .text._exit    0x000000001000ac0c       0x12 build/kernel/components/libc/compilers/newlib/syscalls.o
                0x000000001000ac0c                _exit
 *fill*         0x000000001000ac1e        0x2 
 .text.rt_tick_get
                0x000000001000ac20       0x14 build/kernel/src/clock.o
                0x000000001000ac20                rt_tick_get
 .text.rt_tick_increase
                0x000000001000ac34       0x84 build/kernel/src/clock.o
                0x000000001000ac34                rt_tick_increase
 .text.rt_tick_from_millisecond
                0x000000001000acb8       0x68 build/kernel/src/clock.o
                0x000000001000acb8                rt_tick_from_millisecond
 .text.rti_start
                0x000000001000ad20        0xc build/kernel/src/components.o
 .text.rti_board_start
                0x000000001000ad2c        0xc build/kernel/src/components.o
 .text.rti_board_end
                0x000000001000ad38        0xc build/kernel/src/components.o
 .text.rti_end  0x000000001000ad44        0xc build/kernel/src/components.o
 .text.rt_components_board_init
                0x000000001000ad50       0x58 build/kernel/src/components.o
                0x000000001000ad50                rt_components_board_init
 .text.rt_components_init
                0x000000001000ada8       0x64 build/kernel/src/components.o
                0x000000001000ada8                rt_components_init
 .text.entry    0x000000001000ae0c       0x10 build/kernel/src/components.o
                0x000000001000ae0c                entry
 .text.main_thread_entry
                0x000000001000ae1c       0x18 build/kernel/src/components.o
                0x000000001000ae1c                main_thread_entry
 .text.rt_application_init
                0x000000001000ae34       0x54 build/kernel/src/components.o
                0x000000001000ae34                rt_application_init
 .text.rtthread_startup
                0x000000001000ae88       0x30 build/kernel/src/components.o
                0x000000001000ae88                rtthread_startup
 .text.rt_list_insert_after
                0x000000001000aeb8       0x2e build/kernel/src/idle.o
 .text.rt_list_remove
                0x000000001000aee6       0x32 build/kernel/src/idle.o
 .text.rt_thread_defunct_enqueue
                0x000000001000af18       0x24 build/kernel/src/idle.o
                0x000000001000af18                rt_thread_defunct_enqueue
 .text.rt_thread_defunct_dequeue
                0x000000001000af3c       0x48 build/kernel/src/idle.o
                0x000000001000af3c                rt_thread_defunct_dequeue
 .text.rt_defunct_execute
                0x000000001000af84       0x68 build/kernel/src/idle.o
 .text.idle_thread_entry
                0x000000001000afec       0x38 build/kernel/src/idle.o
 .text.rt_thread_idle_init
                0x000000001000b024       0x7c build/kernel/src/idle.o
                0x000000001000b024                rt_thread_idle_init
 .text.rt_list_init
                0x000000001000b0a0       0x1e build/kernel/src/ipc.o
 .text.rt_list_insert_after
                0x000000001000b0be       0x2e build/kernel/src/ipc.o
 .text.rt_list_insert_before
                0x000000001000b0ec       0x2e build/kernel/src/ipc.o
 .text.rt_list_remove
                0x000000001000b11a       0x32 build/kernel/src/ipc.o
 .text.rt_list_isempty
                0x000000001000b14c       0x1e build/kernel/src/ipc.o
 .text._ipc_object_init
                0x000000001000b16a       0x1c build/kernel/src/ipc.o
 *fill*         0x000000001000b186        0x2 
 .text._ipc_list_suspend
                0x000000001000b188       0xd4 build/kernel/src/ipc.o
 .text._ipc_list_resume
                0x000000001000b25c       0x28 build/kernel/src/ipc.o
 .text.rt_sem_init
                0x000000001000b284       0xa0 build/kernel/src/ipc.o
                0x000000001000b284                rt_sem_init
 .text._rt_sem_take
                0x000000001000b324      0x208 build/kernel/src/ipc.o
 .text.rt_sem_take
                0x000000001000b52c       0x20 build/kernel/src/ipc.o
                0x000000001000b52c                rt_sem_take
 .text.rt_sem_release
                0x000000001000b54c       0xcc build/kernel/src/ipc.o
                0x000000001000b54c                rt_sem_release
 .text._mutex_update_priority
                0x000000001000b618       0x3c build/kernel/src/ipc.o
 .text._thread_get_mutex_priority
                0x000000001000b654       0x82 build/kernel/src/ipc.o
 .text._thread_update_priority
                0x000000001000b6d6       0xe6 build/kernel/src/ipc.o
 .text.rt_mutex_init
                0x000000001000b7bc       0x74 build/kernel/src/ipc.o
                0x000000001000b7bc                rt_mutex_init
 .text.rt_mutex_drop_thread
                0x000000001000b830       0x9e build/kernel/src/ipc.o
                0x000000001000b830                rt_mutex_drop_thread
 *fill*         0x000000001000b8ce        0x2 
 .text._rt_mutex_take
                0x000000001000b8d0      0x35c build/kernel/src/ipc.o
 .text.rt_mutex_take
                0x000000001000bc2c       0x20 build/kernel/src/ipc.o
                0x000000001000bc2c                rt_mutex_take
 .text.rt_mutex_release
                0x000000001000bc4c      0x200 build/kernel/src/ipc.o
                0x000000001000bc4c                rt_mutex_release
 .text.rt_interrupt_enter
                0x000000001000be4c       0x44 build/kernel/src/irq.o
                0x000000001000be4c                rt_interrupt_enter
 .text.rt_interrupt_leave
                0x000000001000be90       0x44 build/kernel/src/irq.o
                0x000000001000be90                rt_interrupt_leave
 .text.rt_interrupt_get_nest
                0x000000001000bed4       0x30 build/kernel/src/irq.o
                0x000000001000bed4                rt_interrupt_get_nest
 .text.rt_hw_interrupt_is_disabled
                0x000000001000bf04        0xc build/kernel/src/irq.o
                0x000000001000bf04                rt_hw_interrupt_is_disabled
 .text.rt_strerror
                0x000000001000bf10       0x54 build/kernel/src/kservice.o
                0x000000001000bf10                rt_strerror
 .text.rt_set_errno
                0x000000001000bf64       0x44 build/kernel/src/kservice.o
                0x000000001000bf64                rt_set_errno
 .text._rt_errno
                0x000000001000bfa8       0x38 build/kernel/src/kservice.o
                0x000000001000bfa8                _rt_errno
 .text.rt_memset
                0x000000001000bfe0       0xce build/kernel/src/kservice.o
                0x000000001000bfe0                rt_memset
 .text.rt_memcpy
                0x000000001000c0ae       0xd4 build/kernel/src/kservice.o
                0x000000001000c0ae                rt_memcpy
 .text.rt_memmove
                0x000000001000c182       0x7e build/kernel/src/kservice.o
                0x000000001000c182                rt_memmove
 .text.rt_strncpy
                0x000000001000c200       0x60 build/kernel/src/kservice.o
                0x000000001000c200                rt_strncpy
 .text.rt_strncmp
                0x000000001000c260       0x5e build/kernel/src/kservice.o
                0x000000001000c260                rt_strncmp
 .text.rt_strcmp
                0x000000001000c2be       0x40 build/kernel/src/kservice.o
                0x000000001000c2be                rt_strcmp
 *fill*         0x000000001000c2fe        0x2 
 .text.rt_show_version
                0x000000001000c300       0x50 build/kernel/src/kservice.o
                0x000000001000c300                rt_show_version
 .text.divide   0x000000001000c350       0x3c build/kernel/src/kservice.o
 .text.skip_atoi
                0x000000001000c38c       0x42 build/kernel/src/kservice.o
 *fill*         0x000000001000c3ce        0x2 
 .text.print_number
                0x000000001000c3d0      0x33c build/kernel/src/kservice.o
 .text.rt_vsnprintf
                0x000000001000c70c      0x4ec build/kernel/src/kservice.o
                0x000000001000c70c                rt_vsnprintf
 .text.rt_snprintf
                0x000000001000cbf8       0x36 build/kernel/src/kservice.o
                0x000000001000cbf8                rt_snprintf
 *fill*         0x000000001000cc2e        0x2 
 .text.rt_console_get_device
                0x000000001000cc30       0x14 build/kernel/src/kservice.o
                0x000000001000cc30                rt_console_get_device
 .text.rt_console_set_device
                0x000000001000cc44       0x5c build/kernel/src/kservice.o
                0x000000001000cc44                rt_console_set_device
 .text.rt_hw_console_output
                0x000000001000cca0       0x10 build/kernel/src/kservice.o
                0x000000001000cca0                rt_hw_console_output
 .text.rt_kprintf
                0x000000001000ccb0       0x64 build/kernel/src/kservice.o
                0x000000001000ccb0                rt_kprintf
 .text._heap_lock_init
                0x000000001000cd14       0x20 build/kernel/src/kservice.o
 .text._heap_lock
                0x000000001000cd34       0x2c build/kernel/src/kservice.o
 .text._heap_unlock
                0x000000001000cd60       0x44 build/kernel/src/kservice.o
 .text._smem_info
                0x000000001000cda4       0x48 build/kernel/src/kservice.o
 .text.rt_system_heap_init
                0x000000001000cdec       0x68 build/kernel/src/kservice.o
                0x000000001000cdec                rt_system_heap_init
 .text.rt_malloc
                0x000000001000ce54       0x50 build/kernel/src/kservice.o
                0x000000001000ce54                rt_malloc
 .text.rt_realloc
                0x000000001000cea4       0x3c build/kernel/src/kservice.o
                0x000000001000cea4                rt_realloc
 .text.rt_calloc
                0x000000001000cee0       0x3a build/kernel/src/kservice.o
                0x000000001000cee0                rt_calloc
 *fill*         0x000000001000cf1a        0x2 
 .text.rt_free  0x000000001000cf1c       0x48 build/kernel/src/kservice.o
                0x000000001000cf1c                rt_free
 .text.rt_memory_info
                0x000000001000cf64       0x30 build/kernel/src/kservice.o
                0x000000001000cf64                rt_memory_info
 .text.__rt_ffs
                0x000000001000cf94       0x74 build/kernel/src/kservice.o
                0x000000001000cf94                __rt_ffs
 .text.rt_assert_handler
                0x000000001000d008       0x54 build/kernel/src/kservice.o
                0x000000001000d008                rt_assert_handler
 .text.plug_holes
                0x000000001000d05c       0xf8 build/kernel/src/mem.o
 .text.rt_smem_init
                0x000000001000d154      0x108 build/kernel/src/mem.o
                0x000000001000d154                rt_smem_init
 .text.rt_smem_alloc
                0x000000001000d25c      0x278 build/kernel/src/mem.o
                0x000000001000d25c                rt_smem_alloc
 .text.rt_smem_realloc
                0x000000001000d4d4      0x1f0 build/kernel/src/mem.o
                0x000000001000d4d4                rt_smem_realloc
 .text.rt_smem_free
                0x000000001000d6c4      0x154 build/kernel/src/mem.o
                0x000000001000d6c4                rt_smem_free
 .text.rt_list_insert_after
                0x000000001000d818       0x2e build/kernel/src/object.o
 .text.rt_list_remove
                0x000000001000d846       0x32 build/kernel/src/object.o
 .text.rt_object_get_information
                0x000000001000d878       0x48 build/kernel/src/object.o
                0x000000001000d878                rt_object_get_information
 .text.rt_object_init
                0x000000001000d8c0       0xe0 build/kernel/src/object.o
                0x000000001000d8c0                rt_object_init
 .text.rt_object_detach
                0x000000001000d9a0       0x64 build/kernel/src/object.o
                0x000000001000d9a0                rt_object_detach
 .text.rt_object_allocate
                0x000000001000da04       0xf8 build/kernel/src/object.o
                0x000000001000da04                rt_object_allocate
 .text.rt_object_delete
                0x000000001000dafc       0x8c build/kernel/src/object.o
                0x000000001000dafc                rt_object_delete
 .text.rt_object_is_systemobject
                0x000000001000db88       0x40 build/kernel/src/object.o
                0x000000001000db88                rt_object_is_systemobject
 .text.rt_object_get_type
                0x000000001000dbc8       0x38 build/kernel/src/object.o
                0x000000001000dbc8                rt_object_get_type
 .text.rt_object_find
                0x000000001000dc00       0xc0 build/kernel/src/object.o
                0x000000001000dc00                rt_object_find
 .text.rt_list_init
                0x000000001000dcc0       0x1e build/kernel/src/scheduler_up.o
 .text.rt_list_insert_after
                0x000000001000dcde       0x2e build/kernel/src/scheduler_up.o
 .text.rt_list_insert_before
                0x000000001000dd0c       0x2e build/kernel/src/scheduler_up.o
 .text.rt_list_remove
                0x000000001000dd3a       0x32 build/kernel/src/scheduler_up.o
 .text.rt_list_isempty
                0x000000001000dd6c       0x1e build/kernel/src/scheduler_up.o
 *fill*         0x000000001000dd8a        0x2 
 .text._scheduler_stack_check
                0x000000001000dd8c       0x9c build/kernel/src/scheduler_up.o
 .text._scheduler_get_highest_priority_thread
                0x000000001000de28       0x3c build/kernel/src/scheduler_up.o
 .text.rt_system_scheduler_init
                0x000000001000de64       0x48 build/kernel/src/scheduler_up.o
                0x000000001000de64                rt_system_scheduler_init
 .text.rt_system_scheduler_start
                0x000000001000deac       0x40 build/kernel/src/scheduler_up.o
                0x000000001000deac                rt_system_scheduler_start
 .text.rt_schedule
                0x000000001000deec      0x1b0 build/kernel/src/scheduler_up.o
                0x000000001000deec                rt_schedule
 .text.rt_schedule_insert_thread
                0x000000001000e09c       0xdc build/kernel/src/scheduler_up.o
                0x000000001000e09c                rt_schedule_insert_thread
 .text.rt_schedule_remove_thread
                0x000000001000e178       0x78 build/kernel/src/scheduler_up.o
                0x000000001000e178                rt_schedule_remove_thread
 .text.rt_enter_critical
                0x000000001000e1f0       0x34 build/kernel/src/scheduler_up.o
                0x000000001000e1f0                rt_enter_critical
 .text.rt_exit_critical
                0x000000001000e224       0x60 build/kernel/src/scheduler_up.o
                0x000000001000e224                rt_exit_critical
 .text.rt_critical_level
                0x000000001000e284       0x18 build/kernel/src/scheduler_up.o
                0x000000001000e284                rt_critical_level
 .text.rt_list_init
                0x000000001000e29c       0x1e build/kernel/src/thread.o
 .text.rt_list_remove
                0x000000001000e2ba       0x32 build/kernel/src/thread.o
 .text._thread_exit
                0x000000001000e2ec       0x4c build/kernel/src/thread.o
 .text._thread_timeout
                0x000000001000e338       0x98 build/kernel/src/thread.o
 .text._thread_init
                0x000000001000e3d0      0x124 build/kernel/src/thread.o
 .text.rt_thread_init
                0x000000001000e4f4       0x7c build/kernel/src/thread.o
                0x000000001000e4f4                rt_thread_init
 .text.rt_thread_self
                0x000000001000e570       0x14 build/kernel/src/thread.o
                0x000000001000e570                rt_thread_self
 .text.rt_thread_startup
                0x000000001000e584       0xa0 build/kernel/src/thread.o
                0x000000001000e584                rt_thread_startup
 .text.rt_thread_detach
                0x000000001000e624       0xf4 build/kernel/src/thread.o
                0x000000001000e624                rt_thread_detach
 .text.rt_thread_create
                0x000000001000e718       0x70 build/kernel/src/thread.o
                0x000000001000e718                rt_thread_create
 .text.rt_thread_delete
                0x000000001000e788       0xf8 build/kernel/src/thread.o
                0x000000001000e788                rt_thread_delete
 .text.rt_thread_sleep
                0x000000001000e880      0x19c build/kernel/src/thread.o
                0x000000001000e880                rt_thread_sleep
 .text.rt_thread_mdelay
                0x000000001000ea1c       0x26 build/kernel/src/thread.o
                0x000000001000ea1c                rt_thread_mdelay
 *fill*         0x000000001000ea42        0x2 
 .text.rt_thread_control
                0x000000001000ea44      0x120 build/kernel/src/thread.o
                0x000000001000ea44                rt_thread_control
 .text.rt_thread_set_suspend_state
                0x000000001000eb64       0xa8 build/kernel/src/thread.o
 .text.rt_thread_suspend_with_flag
                0x000000001000ec0c       0xf8 build/kernel/src/thread.o
                0x000000001000ec0c                rt_thread_suspend_with_flag
 .text.rt_thread_resume
                0x000000001000ed04       0xa8 build/kernel/src/thread.o
                0x000000001000ed04                rt_thread_resume
 .text.rt_list_init
                0x000000001000edac       0x1e build/kernel/src/timer.o
 .text.rt_list_insert_after
                0x000000001000edca       0x2e build/kernel/src/timer.o
 .text.rt_list_remove
                0x000000001000edf8       0x32 build/kernel/src/timer.o
 .text.rt_list_isempty
                0x000000001000ee2a       0x1e build/kernel/src/timer.o
 .text._timer_init
                0x000000001000ee48       0x6c build/kernel/src/timer.o
 .text._timer_remove
                0x000000001000eeb4       0x36 build/kernel/src/timer.o
 *fill*         0x000000001000eeea        0x2 
 .text.rt_timer_init
                0x000000001000eeec       0x8c build/kernel/src/timer.o
                0x000000001000eeec                rt_timer_init
 .text.rt_timer_detach
                0x000000001000ef78       0xa0 build/kernel/src/timer.o
                0x000000001000ef78                rt_timer_detach
 .text.rt_timer_start
                0x000000001000f018      0x1fc build/kernel/src/timer.o
                0x000000001000f018                rt_timer_start
 .text.rt_timer_stop
                0x000000001000f214       0xa8 build/kernel/src/timer.o
                0x000000001000f214                rt_timer_stop
 .text.rt_timer_control
                0x000000001000f2bc      0x11c build/kernel/src/timer.o
                0x000000001000f2bc                rt_timer_control
 .text.rt_timer_check
                0x000000001000f3d8      0x118 build/kernel/src/timer.o
                0x000000001000f3d8                rt_timer_check
 .text.rt_system_timer_init
                0x000000001000f4f0       0x34 build/kernel/src/timer.o
                0x000000001000f4f0                rt_system_timer_init
 .text.rt_system_timer_thread_init
                0x000000001000f524        0xa build/kernel/src/timer.o
                0x000000001000f524                rt_system_timer_thread_init
 *fill*         0x000000001000f52e        0x2 
 .text          0x000000001000f530       0x10 /usr/lib/gcc/arm-none-eabi/9.2.1/../../../arm-none-eabi/lib/thumb/v6-m/nofp/libc.a(lib_a-atexit.o)
                0x000000001000f530                atexit
 .text          0x000000001000f540       0x18 /usr/lib/gcc/arm-none-eabi/9.2.1/../../../arm-none-eabi/lib/thumb/v6-m/nofp/libc.a(lib_a-atoi.o)
                0x000000001000f540                atoi
                0x000000001000f54c                _atoi_r
 .text          0x000000001000f558       0x20 /usr/lib/gcc/arm-none-eabi/9.2.1/../../../arm-none-eabi/lib/thumb/v6-m/nofp/libc.a(lib_a-exit.o)
                0x000000001000f558                exit
 .text          0x000000001000f578       0x28 /usr/lib/gcc/arm-none-eabi/9.2.1/../../../arm-none-eabi/lib/thumb/v6-m/nofp/libc.a(lib_a-fini.o)
                0x000000001000f578                __libc_fini_array
 .text          0x000000001000f5a0       0xd4 /usr/lib/gcc/arm-none-eabi/9.2.1/../../../arm-none-eabi/lib/thumb/v6-m/nofp/libc.a(lib_a-strchr.o)
                0x000000001000f5a0                strchr
 .text          0x000000001000f674       0x88 /usr/lib/gcc/arm-none-eabi/9.2.1/../../../arm-none-eabi/lib/thumb/v6-m/nofp/libc.a(lib_a-strcmp.o)
                0x000000001000f674                strcmp
 .text          0x000000001000f6fc       0x68 /usr/lib/gcc/arm-none-eabi/9.2.1/../../../arm-none-eabi/lib/thumb/v6-m/nofp/libc.a(lib_a-strlen-stub.o)
                0x000000001000f6fc                strlen
 .text          0x000000001000f764       0x94 /usr/lib/gcc/arm-none-eabi/9.2.1/../../../arm-none-eabi/lib/thumb/v6-m/nofp/libc.a(lib_a-strncmp.o)
                0x000000001000f764                strncmp
 .text          0x000000001000f7f8       0x80 /usr/lib/gcc/arm-none-eabi/9.2.1/../../../arm-none-eabi/lib/thumb/v6-m/nofp/libc.a(lib_a-strncpy.o)
                0x000000001000f7f8                strncpy
 .text          0x000000001000f878      0x184 /usr/lib/gcc/arm-none-eabi/9.2.1/../../../arm-none-eabi/lib/thumb/v6-m/nofp/libc.a(lib_a-strtol.o)
                0x000000001000f9c4                _strtol_r
                0x000000001000f9cc                strtol_l
                0x000000001000f9e4                strtol
 .text          0x000000001000f9fc       0x28 /usr/lib/gcc/arm-none-eabi/9.2.1/../../../arm-none-eabi/lib/thumb/v6-m/nofp/libc.a(lib_a-vprintf.o)
                0x000000001000f9fc                vprintf
                0x000000001000fa14                _vprintf_r
 .text          0x000000001000fa24       0x88 /usr/lib/gcc/arm-none-eabi/9.2.1/../../../arm-none-eabi/lib/thumb/v6-m/nofp/libc.a(lib_a-__atexit.o)
                0x000000001000fa24                __register_exitproc
 .text          0x000000001000faac       0xbc /usr/lib/gcc/arm-none-eabi/9.2.1/../../../arm-none-eabi/lib/thumb/v6-m/nofp/libc.a(lib_a-__call_atexit.o)
                0x000000001000faac                __call_exitprocs
 .text.startup  0x000000001000fb68       0x18 /usr/lib/gcc/arm-none-eabi/9.2.1/../../../arm-none-eabi/lib/thumb/v6-m/nofp/libc.a(lib_a-__call_atexit.o)
 .text          0x000000001000fb80     0x16e0 /usr/lib/gcc/arm-none-eabi/9.2.1/../../../arm-none-eabi/lib/thumb/v6-m/nofp/libc.a(lib_a-vfprintf.o)
                0x000000001000fb80                _vfprintf_r
                0x00000000100111d4                vfprintf
 .text          0x0000000010011260       0xdc /usr/lib/gcc/arm-none-eabi/9.2.1/../../../arm-none-eabi/lib/thumb/v6-m/nofp/libc.a(lib_a-wsetup.o)
                0x0000000010011260                __swsetup_r
 .text          0x000000001001133c     0x1128 /usr/lib/gcc/arm-none-eabi/9.2.1/../../../arm-none-eabi/lib/thumb/v6-m/nofp/libc.a(lib_a-dtoa.o)
                0x0000000010011490                _dtoa_r
 .text          0x0000000010012464      0x1b4 /usr/lib/gcc/arm-none-eabi/9.2.1/../../../arm-none-eabi/lib/thumb/v6-m/nofp/libc.a(lib_a-fflush.o)
                0x0000000010012464                __sflush_r
                0x00000000100125c4                _fflush_r
                0x00000000100125f0                fflush
 .text          0x0000000010012618      0x220 /usr/lib/gcc/arm-none-eabi/9.2.1/../../../arm-none-eabi/lib/thumb/v6-m/nofp/libc.a(lib_a-findfp.o)
                0x000000001001261c                _cleanup_r
                0x0000000010012718                __sfmoreglue
                0x0000000010012748                __sfp
                0x00000000100127d0                _cleanup
                0x00000000100127e8                __sinit
                0x00000000100127f8                __sfp_lock_acquire
                0x00000000100127fc                __sfp_lock_release
                0x0000000010012800                __sinit_lock_acquire
                0x0000000010012804                __sinit_lock_release
                0x0000000010012808                __fp_lock_all
                0x0000000010012820                __fp_unlock_all
 .text          0x0000000010012838       0x90 /usr/lib/gcc/arm-none-eabi/9.2.1/../../../arm-none-eabi/lib/thumb/v6-m/nofp/libc.a(lib_a-fwalk.o)
                0x0000000010012838                _fwalk
                0x000000001001287c                _fwalk_reent
 .text          0x00000000100128c8       0x14 /usr/lib/gcc/arm-none-eabi/9.2.1/../../../arm-none-eabi/lib/thumb/v6-m/nofp/libc.a(lib_a-localeconv.o)
                0x00000000100128c8                __localeconv_l
                0x00000000100128cc                _localeconv_r
                0x00000000100128d4                localeconv
 .text          0x00000000100128dc       0xf0 /usr/lib/gcc/arm-none-eabi/9.2.1/../../../arm-none-eabi/lib/thumb/v6-m/nofp/libc.a(lib_a-makebuf.o)
                0x00000000100128dc                __swhatbuf_r
                0x000000001001293c                __smakebuf_r
 .text          0x00000000100129cc      0xa38 /usr/lib/gcc/arm-none-eabi/9.2.1/../../../arm-none-eabi/lib/thumb/v6-m/nofp/libc.a(lib_a-mprec.o)
                0x00000000100129cc                _Balloc
                0x0000000010012a1c                _Bfree
                0x0000000010012a30                __multadd
                0x0000000010012ae0                __s2b
                0x0000000010012b8c                __hi0bits
                0x0000000010012bc4                __lo0bits
                0x0000000010012c20                __i2b
                0x0000000010012c4c                __multiply
                0x0000000010012dd8                __pow5mult
                0x0000000010012e8c                __lshift
                0x0000000010012f70                __mcmp
                0x0000000010012fa4                __mdiff
                0x00000000100130ec                __ulp
                0x0000000010013134                __b2d
                0x00000000100131ec                __d2b
                0x00000000100132c4                __ratio
                0x0000000010013338                _mprec_log10
                0x000000001001336c                __copybits
                0x00000000100133ac                __any_on