Archive member included to satisfy reference by file (symbol)

/usr/lib/gcc/arm-none-eabi/9.2.1/../../../arm-none-eabi/lib/thumb/v6-m/nofp/libc.a(lib_a-atexit.o)
                              /usr/lib/gcc/arm-none-eabi/9.2.1/../../../arm-none-eabi/lib/thumb/v6-m/nofp/crt0.o (atexit)
/usr/lib/gcc/arm-none-eabi/9.2.1/../../../arm-none-eabi/lib/thumb/v6-m/nofp/libc.a(lib_a-atoi.o)
                              CMakeFiles/rtthread.elf.dir/rt-thread/components/drivers/misc/pin.c.obj (atoi)
/usr/lib/gcc/arm-none-eabi/9.2.1/../../../arm-none-eabi/lib/thumb/v6-m/nofp/libc.a(lib_a-calloc.o)
                              CMakeFiles/rtthread.elf.dir/packages/raspberrypi-pico-sdk-latest/src/rp2_common/pico_malloc/pico_malloc.c.obj (calloc)
/usr/lib/gcc/arm-none-eabi/9.2.1/../../../arm-none-eabi/lib/thumb/v6-m/nofp/libc.a(lib_a-ctype_.o)
                              CMakeFiles/rtthread.elf.dir/rt-thread/components/libc/compilers/common/cstring.c.obj (_ctype_)
/usr/lib/gcc/arm-none-eabi/9.2.1/../../../arm-none-eabi/lib/thumb/v6-m/nofp/libc.a(lib_a-exit.o)
                              /usr/lib/gcc/arm-none-eabi/9.2.1/../../../arm-none-eabi/lib/thumb/v6-m/nofp/crt0.o (exit)
/usr/lib/gcc/arm-none-eabi/9.2.1/../../../arm-none-eabi/lib/thumb/v6-m/nofp/libc.a(lib_a-fini.o)
                              /usr/lib/gcc/arm-none-eabi/9.2.1/../../../arm-none-eabi/lib/thumb/v6-m/nofp/crt0.o (__libc_fini_array)
/usr/lib/gcc/arm-none-eabi/9.2.1/../../../arm-none-eabi/lib/thumb/v6-m/nofp/libc.a(lib_a-impure.o)
                              /usr/lib/gcc/arm-none-eabi/9.2.1/../../../arm-none-eabi/lib/thumb/v6-m/nofp/libc.a(lib_a-exit.o) (_global_impure_ptr)
/usr/lib/gcc/arm-none-eabi/9.2.1/../../../arm-none-eabi/lib/thumb/v6-m/nofp/libc.a(lib_a-malloc.o)
                              CMakeFiles/rtthread.elf.dir/packages/raspberrypi-pico-sdk-latest/src/rp2_common/pico_malloc/pico_malloc.c.obj (malloc)
/usr/lib/gcc/arm-none-eabi/9.2.1/../../../arm-none-eabi/lib/thumb/v6-m/nofp/libc.a(lib_a-memcmp.o)
                              CMakeFiles/rtthread.elf.dir/rt-thread/components/finsh/shell.c.obj (memcmp)
/usr/lib/gcc/arm-none-eabi/9.2.1/../../../arm-none-eabi/lib/thumb/v6-m/nofp/libc.a(lib_a-strchr.o)
                              CMakeFiles/rtthread.elf.dir/rt-thread/components/libc/compilers/common/cstring.c.obj (strchr)
/usr/lib/gcc/arm-none-eabi/9.2.1/../../../arm-none-eabi/lib/thumb/v6-m/nofp/libc.a(lib_a-strcmp.o)
                              CMakeFiles/rtthread.elf.dir/rt-thread/components/finsh/msh.c.obj (strcmp)
/usr/lib/gcc/arm-none-eabi/9.2.1/../../../arm-none-eabi/lib/thumb/v6-m/nofp/libc.a(lib_a-strcpy.o)
                              CMakeFiles/rtthread.elf.dir/rt-thread/components/libc/compilers/common/cstring.c.obj (strcpy)
/usr/lib/gcc/arm-none-eabi/9.2.1/../../../arm-none-eabi/lib/thumb/v6-m/nofp/libc.a(lib_a-strlen-stub.o)
                              CMakeFiles/rtthread.elf.dir/rt-thread/components/libc/compilers/common/cstring.c.obj (strlen)
/usr/lib/gcc/arm-none-eabi/9.2.1/../../../arm-none-eabi/lib/thumb/v6-m/nofp/libc.a(lib_a-strncmp.o)
                              CMakeFiles/rtthread.elf.dir/rt-thread/components/finsh/msh.c.obj (strncmp)
/usr/lib/gcc/arm-none-eabi/9.2.1/../../../arm-none-eabi/lib/thumb/v6-m/nofp/libc.a(lib_a-strncpy.o)
                              CMakeFiles/rtthread.elf.dir/rt-thread/components/finsh/shell.c.obj (strncpy)
/usr/lib/gcc/arm-none-eabi/9.2.1/../../../arm-none-eabi/lib/thumb/v6-m/nofp/libc.a(lib_a-strrchr.o)
                              CMakeFiles/rtthread.elf.dir/rt-thread/components/libc/compilers/common/cstring.c.obj (strrchr)
/usr/lib/gcc/arm-none-eabi/9.2.1/../../../arm-none-eabi/lib/thumb/v6-m/nofp/libc.a(lib_a-strtol.o)
                              /usr/lib/gcc/arm-none-eabi/9.2.1/../../../arm-none-eabi/lib/thumb/v6-m/nofp/libc.a(lib_a-atoi.o) (_strtol_r)
/usr/lib/gcc/arm-none-eabi/9.2.1/../../../arm-none-eabi/lib/thumb/v6-m/nofp/libc.a(lib_a-vprintf.o)
                              CMakeFiles/rtthread.elf.dir/packages/raspberrypi-pico-sdk-latest/src/rp2_common/pico_stdio/stdio.c.obj (vprintf)
/usr/lib/gcc/arm-none-eabi/9.2.1/../../../arm-none-eabi/lib/thumb/v6-m/nofp/libc.a(lib_a-__atexit.o)
                              /usr/lib/gcc/arm-none-eabi/9.2.1/../../../arm-none-eabi/lib/thumb/v6-m/nofp/libc.a(lib_a-atexit.o) (__register_exitproc)
/usr/lib/gcc/arm-none-eabi/9.2.1/../../../arm-none-eabi/lib/thumb/v6-m/nofp/libc.a(lib_a-__call_atexit.o)
                              /usr/lib/gcc/arm-none-eabi/9.2.1/../../../arm-none-eabi/lib/thumb/v6-m/nofp/libc.a(lib_a-exit.o) (__call_exitprocs)
/usr/lib/gcc/arm-none-eabi/9.2.1/../../../arm-none-eabi/lib/thumb/v6-m/nofp/libc.a(lib_a-vfprintf.o)
                              /usr/lib/gcc/arm-none-eabi/9.2.1/../../../arm-none-eabi/lib/thumb/v6-m/nofp/libc.a(lib_a-vprintf.o) (_vfprintf_r)
/usr/lib/gcc/arm-none-eabi/9.2.1/../../../arm-none-eabi/lib/thumb/v6-m/nofp/libc.a(lib_a-wsetup.o)
[...]
Memory Configuration

Name             Origin             Length             Attributes
FLASH            0x0000000010000000 0x0000000000200000 xr
RAM              0x0000000020000000 0x0000000000040000 xrw
SCRATCH_X        0x0000000020040000 0x0000000000001000 xrw
SCRATCH_Y        0x0000000020041000 0x0000000000001000 xrw
*default*        0x0000000000000000 0xffffffffffffffff

Linker script and memory map

LOAD /usr/lib/gcc/arm-none-eabi/9.2.1/thumb/v6-m/nofp/crti.o
LOAD /usr/lib/gcc/arm-none-eabi/9.2.1/thumb/v6-m/nofp/crtbegin.o
LOAD /usr/lib/gcc/arm-none-eabi/9.2.1/../../../arm-none-eabi/lib/thumb/v6-m/nofp/crt0.o
LOAD CMakeFiles/rtthread.elf.dir/applications/main.c.obj
LOAD CMakeFiles/rtthread.elf.dir/rt-thread/components/libc/compilers/common/cctype.c.obj
LOAD CMakeFiles/rtthread.elf.dir/rt-thread/components/libc/compilers/common/cstdlib.c.obj
LOAD CMakeFiles/rtthread.elf.dir/rt-thread/components/libc/compilers/common/cstring.c.obj
LOAD CMakeFiles/rtthread.elf.dir/rt-thread/components/libc/compilers/common/ctime.c.obj
LOAD CMakeFiles/rtthread.elf.dir/rt-thread/components/libc/compilers/common/cunistd.c.obj
LOAD CMakeFiles/rtthread.elf.dir/rt-thread/components/libc/compilers/common/cwchar.c.obj
LOAD CMakeFiles/rtthread.elf.dir/rt-thread/components/libc/compilers/newlib/syscalls.c.obj
LOAD CMakeFiles/rtthread.elf.dir/libcpu/context_gcc.S.obj
LOAD CMakeFiles/rtthread.elf.dir/libcpu/cpuport.c.obj
LOAD CMakeFiles/rtthread.elf.dir/rt-thread/libcpu/arm/common/div0.c.obj
LOAD CMakeFiles/rtthread.elf.dir/rt-thread/libcpu/arm/common/showmem.c.obj
LOAD CMakeFiles/rtthread.elf.dir/rt-thread/components/drivers/core/device.c.obj
LOAD CMakeFiles/rtthread.elf.dir/rt-thread/components/drivers/ipc/completion.c.obj
LOAD CMakeFiles/rtthread.elf.dir/rt-thread/components/drivers/ipc/dataqueue.c.obj
LOAD CMakeFiles/rtthread.elf.dir/rt-thread/components/drivers/ipc/pipe.c.obj
LOAD CMakeFiles/rtthread.elf.dir/rt-thread/components/drivers/ipc/ringblk_buf.c.obj
LOAD CMakeFiles/rtthread.elf.dir/rt-thread/components/drivers/ipc/ringbuffer.c.obj
LOAD CMakeFiles/rtthread.elf.dir/rt-thread/components/drivers/ipc/waitqueue.c.obj
LOAD CMakeFiles/rtthread.elf.dir/rt-thread/components/drivers/ipc/workqueue.c.obj
LOAD CMakeFiles/rtthread.elf.dir/rt-thread/components/drivers/misc/pin.c.obj
LOAD CMakeFiles/rtthread.elf.dir/rt-thread/components/drivers/serial/serial.c.obj
LOAD CMakeFiles/rtthread.elf.dir/board/board.c.obj
LOAD CMakeFiles/rtthread.elf.dir/drivers/drv_gpio.c.obj
LOAD CMakeFiles/rtthread.elf.dir/drivers/drv_uart.c.obj
LOAD CMakeFiles/rtthread.elf.dir/rt-thread/components/finsh/cmd.c.obj
LOAD CMakeFiles/rtthread.elf.dir/rt-thread/components/finsh/shell.c.obj
LOAD CMakeFiles/rtthread.elf.dir/rt-thread/components/finsh/msh.c.obj
LOAD CMakeFiles/rtthread.elf.dir/rt-thread/components/finsh/msh_parse.c.obj
LOAD CMakeFiles/rtthread.elf.dir/rt-thread/src/clock.c.obj
LOAD CMakeFiles/rtthread.elf.dir/rt-thread/src/components.c.obj
LOAD CMakeFiles/rtthread.elf.dir/rt-thread/src/idle.c.obj
LOAD CMakeFiles/rtthread.elf.dir/rt-thread/src/ipc.c.obj
LOAD CMakeFiles/rtthread.elf.dir/rt-thread/src/irq.c.obj
LOAD CMakeFiles/rtthread.elf.dir/rt-thread/src/kservice.c.obj
LOAD CMakeFiles/rtthread.elf.dir/rt-thread/src/mem.c.obj
LOAD CMakeFiles/rtthread.elf.dir/rt-thread/src/mempool.c.obj
LOAD CMakeFiles/rtthread.elf.dir/rt-thread/src/object.c.obj
LOAD CMakeFiles/rtthread.elf.dir/rt-thread/src/scheduler_up.c.obj
LOAD CMakeFiles/rtthread.elf.dir/rt-thread/src/thread.c.obj
LOAD CMakeFiles/rtthread.elf.dir/rt-thread/src/timer.c.obj
LOAD CMakeFiles/rtthread.elf.dir/packages/raspberrypi-pico-sdk-latest/src/rp2_common/hardware_i2c/i2c.c.obj
LOAD CMakeFiles/rtthread.elf.dir/packages/raspberrypi-pico-sdk-latest/src/rp2_common/hardware_divider/divider.S.obj
LOAD CMakeFiles/rtthread.elf.dir/packages/raspberrypi-pico-sdk-latest/src/rp2_common/pico_standard_link/binary_info.c.obj
LOAD CMakeFiles/rtthread.elf.dir/packages/raspberrypi-pico-sdk-latest/src/rp2_common/pico_float/float_math.c.obj
LOAD CMakeFiles/rtthread.elf.dir/packages/raspberrypi-pico-sdk-latest/src/rp2_common/hardware_watchdog/watchdog.c.obj
LOAD CMakeFiles/rtthread.elf.dir/packages/raspberrypi-pico-sdk-latest/src/rp2_common/pico_mem_ops/mem_ops_aeabi.S.obj
LOAD CMakeFiles/rtthread.elf.dir/packages/raspberrypi-pico-sdk-latest/src/rp2_common/hardware_sync/sync.c.obj
LOAD CMakeFiles/rtthread.elf.dir/packages/raspberrypi-pico-sdk-latest/src/rp2_common/hardware_xosc/xosc.c.obj
LOAD CMakeFiles/rtthread.elf.dir/packages/raspberrypi-pico-sdk-latest/src/rp2_common/hardware_irq/irq_handler_chain.S.obj
LOAD CMakeFiles/rtthread.elf.dir/packages/raspberrypi-pico-sdk-latest/src/common/pico_sync/lock_core.c.obj
LOAD CMakeFiles/rtthread.elf.dir/packages/raspberrypi-pico-sdk-latest/src/common/pico_sync/sem.c.obj
LOAD CMakeFiles/rtthread.elf.dir/packages/raspberrypi-pico-sdk-latest/src/rp2_common/hardware_claim/claim.c.obj
LOAD CMakeFiles/rtthread.elf.dir/packages/raspberrypi-pico-sdk-latest/src/rp2_common/hardware_adc/adc.c.obj
LOAD CMakeFiles/rtthread.elf.dir/packages/raspberrypi-pico-sdk-latest/src/rp2_common/hardware_timer/timer.c.obj
LOAD CMakeFiles/rtthread.elf.dir/packages/raspberrypi-pico-sdk-latest/src/rp2_common/hardware_irq/irq.c.obj
LOAD CMakeFiles/rtthread.elf.dir/packages/raspberrypi-pico-sdk-latest/src/rp2_common/pico_printf/printf.c.obj
LOAD CMakeFiles/rtthread.elf.dir/packages/raspberrypi-pico-sdk-latest/src/rp2_common/pico_divider/divider.S.obj
LOAD CMakeFiles/rtthread.elf.dir/packages/raspberrypi-pico-sdk-latest/src/common/pico_time/time.c.obj
LOAD CMakeFiles/rtthread.elf.dir/packages/raspberrypi-pico-sdk-latest/src/rp2_common/pico_double/double_v1_rom_shim.S.obj
LOAD CMakeFiles/rtthread.elf.dir/packages/raspberrypi-pico-sdk-latest/src/rp2_common/pico_double/double_init_rom.c.obj
LOAD CMakeFiles/rtthread.elf.dir/packages/raspberrypi-pico-sdk-latest/src/common/pico_sync/critical_section.c.obj
LOAD CMakeFiles/rtthread.elf.dir/packages/raspberrypi-pico-sdk-latest/src/common/pico_time/timeout_helper.c.obj
LOAD CMakeFiles/rtthread.elf.dir/packages/raspberrypi-pico-sdk-latest/src/rp2_common/pico_runtime/runtime.c.obj
LOAD CMakeFiles/rtthread.elf.dir/packages/raspberrypi-pico-sdk-latest/src/rp2_common/hardware_pll/pll.c.obj
LOAD CMakeFiles/rtthread.elf.dir/packages/raspberrypi-pico-sdk-latest/src/rp2_common/pico_stdio/stdio.c.obj
LOAD CMakeFiles/rtthread.elf.dir/packages/raspberrypi-pico-sdk-latest/bs2_default_padded_checksummed.S.obj
LOAD CMakeFiles/rtthread.elf.dir/packages/raspberrypi-pico-sdk-latest/src/rp2_common/pico_int64_ops/pico_int64_ops_aeabi.S.obj
LOAD CMakeFiles/rtthread.elf.dir/packages/raspberrypi-pico-sdk-latest/src/rp2_common/hardware_gpio/gpio.c.obj
LOAD CMakeFiles/rtthread.elf.dir/packages/raspberrypi-pico-sdk-latest/src/rp2_common/hardware_flash/flash.c.obj
LOAD CMakeFiles/rtthread.elf.dir/packages/raspberrypi-pico-sdk-latest/src/rp2_common/pico_bootrom/bootrom.c.obj
LOAD CMakeFiles/rtthread.elf.dir/packages/raspberrypi-pico-sdk-latest/src/common/pico_sync/mutex.c.obj
LOAD CMakeFiles/rtthread.elf.dir/packages/raspberrypi-pico-sdk-latest/src/rp2_common/pico_standard_link/crt0.S.obj
LOAD CMakeFiles/rtthread.elf.dir/packages/raspberrypi-pico-sdk-latest/src/common/pico_util/queue.c.obj
LOAD CMakeFiles/rtthread.elf.dir/packages/raspberrypi-pico-sdk-latest/src/rp2_common/pico_malloc/pico_malloc.c.obj
LOAD CMakeFiles/rtthread.elf.dir/packages/raspberrypi-pico-sdk-latest/src/rp2_common/pico_float/float_init_rom.c.obj
LOAD CMakeFiles/rtthread.elf.dir/packages/raspberrypi-pico-sdk-latest/src/rp2_common/pico_double/double_aeabi.S.obj
LOAD CMakeFiles/rtthread.elf.dir/packages/raspberrypi-pico-sdk-latest/src/rp2_common/pico_double/double_math.c.obj
LOAD CMakeFiles/rtthread.elf.dir/packages/raspberrypi-pico-sdk-latest/src/rp2_common/pico_platform/platform.c.obj
LOAD CMakeFiles/rtthread.elf.dir/packages/raspberrypi-pico-sdk-latest/src/common/pico_util/pheap.c.obj
LOAD CMakeFiles/rtthread.elf.dir/packages/raspberrypi-pico-sdk-latest/src/rp2_common/hardware_clocks/clocks.c.obj
LOAD CMakeFiles/rtthread.elf.dir/packages/raspberrypi-pico-sdk-latest/src/rp2_common/pico_stdio_uart/stdio_uart.c.obj
LOAD CMakeFiles/rtthread.elf.dir/packages/raspberrypi-pico-sdk-latest/src/rp2_common/hardware_vreg/vreg.c.obj
LOAD CMakeFiles/rtthread.elf.dir/packages/raspberrypi-pico-sdk-latest/src/rp2_common/pico_standard_link/new_delete.cpp.obj
LOAD CMakeFiles/rtthread.elf.dir/packages/raspberrypi-pico-sdk-latest/src/rp2_common/pico_bit_ops/bit_ops_aeabi.S.obj
LOAD CMakeFiles/rtthread.elf.dir/packages/raspberrypi-pico-sdk-latest/src/rp2_common/pico_stdlib/stdlib.c.obj
LOAD CMakeFiles/rtthread.elf.dir/packages/raspberrypi-pico-sdk-latest/src/rp2_common/pico_float/float_aeabi.S.obj
LOAD CMakeFiles/rtthread.elf.dir/packages/raspberrypi-pico-sdk-latest/src/rp2_common/hardware_spi/spi.c.obj
LOAD CMakeFiles/rtthread.elf.dir/packages/raspberrypi-pico-sdk-latest/src/rp2_common/pico_multicore/multicore.c.obj
LOAD CMakeFiles/rtthread.elf.dir/packages/raspberrypi-pico-sdk-latest/src/rp2_common/hardware_uart/uart.c.obj
LOAD CMakeFiles/rtthread.elf.dir/packages/raspberrypi-pico-sdk-latest/src/rp2_common/hardware_dma/dma.c.obj
LOAD CMakeFiles/rtthread.elf.dir/packages/raspberrypi-pico-sdk-latest/src/rp2_common/pico_float/float_v1_rom_shim.S.obj
LOAD CMakeFiles/rtthread.elf.dir/packages/raspberrypi-pico-sdk-latest/src/common/pico_util/datetime.c.obj
LOAD /usr/lib/gcc/arm-none-eabi/9.2.1/../../../arm-none-eabi/lib/thumb/v6-m/nofp/libstdc++.a
LOAD /usr/lib/gcc/arm-none-eabi/9.2.1/../../../arm-none-eabi/lib/thumb/v6-m/nofp/libm.a
LOAD /usr/lib/gcc/arm-none-eabi/9.2.1/../../../arm-none-eabi/lib/thumb/v6-m/nofp/libc.a
START GROUP
LOAD /usr/lib/gcc/arm-none-eabi/9.2.1/thumb/v6-m/nofp/libgcc.a
LOAD /usr/lib/gcc/arm-none-eabi/9.2.1/../../../arm-none-eabi/lib/thumb/v6-m/nofp/libg.a
LOAD /usr/lib/gcc/arm-none-eabi/9.2.1/../../../arm-none-eabi/lib/thumb/v6-m/nofp/libc.a
END GROUP
START GROUP
LOAD /usr/lib/gcc/arm-none-eabi/9.2.1/thumb/v6-m/nofp/libgcc.a
LOAD /usr/lib/gcc/arm-none-eabi/9.2.1/../../../arm-none-eabi/lib/thumb/v6-m/nofp/libc.a
LOAD /usr/lib/gcc/arm-none-eabi/9.2.1/../../../arm-none-eabi/lib/thumb/v6-m/nofp/libnosys.a
END GROUP
LOAD /usr/lib/gcc/arm-none-eabi/9.2.1/thumb/v6-m/nofp/crtend.o
LOAD /usr/lib/gcc/arm-none-eabi/9.2.1/thumb/v6-m/nofp/crtn.o

.flash_begin    0x0000000010000000        0x0
                0x0000000010000000                __flash_binary_start = .

.boot2          0x0000000010000000      0x100
                0x0000000010000000                __boot2_start__ = .
 *(.boot2)
 .boot2         0x0000000010000000      0x100 CMakeFiles/rtthread.elf.dir/packages/raspberrypi-pico-sdk-latest/bs2_default_padded_checksummed.S.obj
                0x0000000010000100                __boot2_end__ = .
                0x0000000000000001                ASSERT (((__boot2_end__ - __boot2_start__) == 0x100), ERROR: Pico second stage bootloader must be 256 bytes in size)

.text           0x0000000010000100    0x14908
                0x0000000010000100                __logical_binary_start = .
 *(.vectors)
 .vectors       0x0000000010000100       0xd4 CMakeFiles/rtthread.elf.dir/packages/raspberrypi-pico-sdk-latest/src/rp2_common/pico_standard_link/crt0.S.obj
                0x0000000010000100                __vectors
                0x0000000010000100                __VECTOR_TABLE
                0x00000000100001c0                isr_invalid
                0x00000000100001c0                __default_isrs_start
                0x00000000100001c2                isr_nmi
                0x00000000100001c6                isr_svcall
                0x00000000100001cc                isr_irq30
                0x00000000100001cc                __unhandled_user_irq
                0x00000000100001cc                isr_irq13
                0x00000000100001cc                isr_irq27
                0x00000000100001cc                isr_irq31
                0x00000000100001cc                isr_irq5
                0x00000000100001cc                isr_irq11
                0x00000000100001cc                isr_irq23
                0x00000000100001cc                isr_irq18
                0x00000000100001cc                isr_irq28
                0x00000000100001cc                isr_irq19
                0x00000000100001cc                isr_irq0
                0x00000000100001cc                isr_irq6
                0x00000000100001cc                isr_irq22
                0x00000000100001cc                isr_irq17
                0x00000000100001cc                isr_irq14
                0x00000000100001cc                isr_irq2
                0x00000000100001cc                isr_irq10
                0x00000000100001cc                isr_irq8
                0x00000000100001cc                isr_irq24
                0x00000000100001cc                isr_irq1
                0x00000000100001cc                isr_irq7
                0x00000000100001cc                isr_irq21
                0x00000000100001cc                isr_irq20
                0x00000000100001cc                isr_irq15
                0x00000000100001cc                isr_irq25
                0x00000000100001cc                isr_irq4
                0x00000000100001cc                isr_irq16
                0x00000000100001cc                isr_irq29
                0x00000000100001cc                isr_irq26
                0x00000000100001cc                __default_isrs_end
                0x00000000100001cc                isr_irq3
                0x00000000100001cc                isr_irq12
                0x00000000100001cc                isr_irq9
                0x00000000100001d2                unhandled_user_irq_num_in_r0
 *(.binary_info_header)
 .binary_info_header
                0x00000000100001d4        0x0 CMakeFiles/rtthread.elf.dir/packages/raspberrypi-pico-sdk-latest/src/rp2_common/pico_standard_link/crt0.S.obj
                0x00000000100001d4                __binary_info_header_end = .
 *(.reset)
 .reset         0x00000000100001d4       0xa0 CMakeFiles/rtthread.elf.dir/packages/raspberrypi-pico-sdk-latest/src/rp2_common/pico_standard_link/crt0.S.obj
                0x00000000100001d4                _entry_point
 *(.init)
 .init          0x0000000010000274        0x4 /usr/lib/gcc/arm-none-eabi/9.2.1/thumb/v6-m/nofp/crti.o
                0x0000000010000274                _init
 *(EXCLUDE_FILE(*libm.a: *libc.a:*lib_a-mem*.o *libgcc.a:) .text*)
 .text          0x0000000010000278       0x98 /usr/lib/gcc/arm-none-eabi/9.2.1/thumb/v6-m/nofp/crtbegin.o
 .text.main     0x0000000010000310       0x40 CMakeFiles/rtthread.elf.dir/applications/main.c.obj
                0x0000000010000310                main
 .text.__rt_libc_exit
                0x0000000010000350       0x54 CMakeFiles/rtthread.elf.dir/rt-thread/components/libc/compilers/common/cstdlib.c.obj
                0x0000000010000350                __rt_libc_exit
 .text._malloc_r
                0x00000000100003a4       0x2c CMakeFiles/rtthread.elf.dir/rt-thread/components/libc/compilers/newlib/syscalls.c.obj
                0x00000000100003a4                _malloc_r
 .text._realloc_r
                0x00000000100003d0       0x32 CMakeFiles/rtthread.elf.dir/rt-thread/components/libc/compilers/newlib/syscalls.c.obj
                0x00000000100003d0                _realloc_r
 .text._calloc_r
                0x0000000010000402       0x32 CMakeFiles/rtthread.elf.dir/rt-thread/components/libc/compilers/newlib/syscalls.c.obj
                0x0000000010000402                _calloc_r
 .text._free_r  0x0000000010000434       0x1a CMakeFiles/rtthread.elf.dir/rt-thread/components/libc/compilers/newlib/syscalls.c.obj
                0x0000000010000434                _free_r
 .text.__errno  0x000000001000044e       0x10 CMakeFiles/rtthread.elf.dir/rt-thread/components/libc/compilers/newlib/syscalls.c.obj
                0x000000001000044e                __errno
 *fill*         0x000000001000045e        0x2 
 .text._close_r
                0x0000000010000460       0x4c CMakeFiles/rtthread.elf.dir/rt-thread/components/libc/compilers/newlib/syscalls.c.obj
                0x0000000010000460                _close_r
 .text._fstat_r
                0x00000000100004ac       0x1e CMakeFiles/rtthread.elf.dir/rt-thread/components/libc/compilers/newlib/syscalls.c.obj
                0x00000000100004ac                _fstat_r
 .text._isatty_r
                0x00000000100004ca       0x24 CMakeFiles/rtthread.elf.dir/rt-thread/components/libc/compilers/newlib/syscalls.c.obj
                0x00000000100004ca                _isatty_r
 *fill*         0x00000000100004ee        0x2 
 .text._lseek_r
                0x00000000100004f0       0x50 CMakeFiles/rtthread.elf.dir/rt-thread/components/libc/compilers/newlib/syscalls.c.obj
                0x00000000100004f0                _lseek_r
 .text._read_r  0x0000000010000540       0x50 CMakeFiles/rtthread.elf.dir/rt-thread/components/libc/compilers/newlib/syscalls.c.obj
                0x0000000010000540                _read_r
 .text._write_r
                0x0000000010000590       0x90 CMakeFiles/rtthread.elf.dir/rt-thread/components/libc/compilers/newlib/syscalls.c.obj
                0x0000000010000590                _write_r
 .text._exit    0x0000000010000620       0x12 CMakeFiles/rtthread.elf.dir/rt-thread/components/libc/compilers/newlib/syscalls.c.obj
                0x0000000010000620                _exit
 *fill*         0x0000000010000632        0x2 
 .text          0x0000000010000634       0xec CMakeFiles/rtthread.elf.dir/libcpu/context_gcc.S.obj
                0x0000000010000634                rt_hw_interrupt_disable
                0x000000001000063c                rt_hw_interrupt_enable
                0x0000000010000642                rt_hw_context_switch_interrupt
                0x0000000010000642                rt_hw_context_switch
                0x000000001000065e                PendSV_Handler
                0x00000000100006b2                rt_hw_context_switch_to
                0x00000000100006ea                rt_hw_interrupt_thread_switch
                0x00000000100006ee                HardFault_Handler
                0x00000000100006fa                rt_hw_interrupt_check
 .text.rt_hw_stack_init
                0x0000000010000720       0x84 CMakeFiles/rtthread.elf.dir/libcpu/cpuport.c.obj
                0x0000000010000720                rt_hw_stack_init
 .text.rt_hw_hard_fault_exception
                0x00000000100007a4       0xb8 CMakeFiles/rtthread.elf.dir/libcpu/cpuport.c.obj
                0x00000000100007a4                rt_hw_hard_fault_exception
 .text.rt_device_register
                0x000000001000085c       0x56 CMakeFiles/rtthread.elf.dir/rt-thread/components/drivers/core/device.c.obj
                0x000000001000085c                rt_device_register
 .text.rt_device_find
                0x00000000100008b2       0x1c CMakeFiles/rtthread.elf.dir/rt-thread/components/drivers/core/device.c.obj
                0x00000000100008b2                rt_device_find
 *fill*         0x00000000100008ce        0x2 
 .text.rt_device_open
                0x00000000100008d0      0x164 CMakeFiles/rtthread.elf.dir/rt-thread/components/drivers/core/device.c.obj
                0x00000000100008d0                rt_device_open
 .text.rt_device_close
                0x0000000010000a34       0xa4 CMakeFiles/rtthread.elf.dir/rt-thread/components/drivers/core/device.c.obj
                0x0000000010000a34                rt_device_close
 .text.rt_device_read
                0x0000000010000ad8       0x90 CMakeFiles/rtthread.elf.dir/rt-thread/components/drivers/core/device.c.obj
                0x0000000010000ad8                rt_device_read
 .text.rt_device_write
                0x0000000010000b68       0x90 CMakeFiles/rtthread.elf.dir/rt-thread/components/drivers/core/device.c.obj
                0x0000000010000b68                rt_device_write
 .text.rt_device_set_rx_indicate
                0x0000000010000bf8       0x58 CMakeFiles/rtthread.elf.dir/rt-thread/components/drivers/core/device.c.obj
                0x0000000010000bf8                rt_device_set_rx_indicate
 .text.rt_list_init
                0x0000000010000c50       0x1e CMakeFiles/rtthread.elf.dir/rt-thread/components/drivers/ipc/completion.c.obj
 .text.rt_list_insert_before
                0x0000000010000c6e       0x2e CMakeFiles/rtthread.elf.dir/rt-thread/components/drivers/ipc/completion.c.obj
 .text.rt_list_isempty
                0x0000000010000c9c       0x1e CMakeFiles/rtthread.elf.dir/rt-thread/components/drivers/ipc/completion.c.obj
 *fill*         0x0000000010000cba        0x2 
 .text.rt_completion_init
                0x0000000010000cbc       0x4c CMakeFiles/rtthread.elf.dir/rt-thread/components/drivers/ipc/completion.c.obj
                0x0000000010000cbc                rt_completion_init
 .text.rt_completion_wait
                0x0000000010000d08      0x1dc CMakeFiles/rtthread.elf.dir/rt-thread/components/drivers/ipc/completion.c.obj
                0x0000000010000d08                rt_completion_wait
 .text.rt_completion_done
                0x0000000010000ee4       0x78 CMakeFiles/rtthread.elf.dir/rt-thread/components/drivers/ipc/completion.c.obj
                0x0000000010000ee4                rt_completion_done
 .text.rt_list_init
                0x0000000010000f5c       0x1e CMakeFiles/rtthread.elf.dir/rt-thread/components/drivers/ipc/dataqueue.c.obj
 .text.rt_list_insert_before
                0x0000000010000f7a       0x2e CMakeFiles/rtthread.elf.dir/rt-thread/components/drivers/ipc/dataqueue.c.obj
 .text.rt_list_isempty
                0x0000000010000fa8       0x1e CMakeFiles/rtthread.elf.dir/rt-thread/components/drivers/ipc/dataqueue.c.obj
 *fill*         0x0000000010000fc6        0x2 
 .text.rt_data_queue_init
                0x0000000010000fc8       0xe0 CMakeFiles/rtthread.elf.dir/rt-thread/components/drivers/ipc/dataqueue.c.obj
                0x0000000010000fc8                rt_data_queue_init
 .text.rt_data_queue_push
                0x00000000100010a8      0x2ac CMakeFiles/rtthread.elf.dir/rt-thread/components/drivers/ipc/dataqueue.c.obj
                0x00000000100010a8                rt_data_queue_push
 .text.rt_data_queue_pop
                0x0000000010001354      0x30c CMakeFiles/rtthread.elf.dir/rt-thread/components/drivers/ipc/dataqueue.c.obj
                0x0000000010001354                rt_data_queue_pop
 .text.rt_data_queue_peek
                0x0000000010001660       0xa8 CMakeFiles/rtthread.elf.dir/rt-thread/components/drivers/ipc/dataqueue.c.obj
                0x0000000010001660                rt_data_queue_peek
 .text.rt_data_queue_reset
                0x0000000010001708      0x104 CMakeFiles/rtthread.elf.dir/rt-thread/components/drivers/ipc/dataqueue.c.obj
                0x0000000010001708                rt_data_queue_reset
 .text.rt_data_queue_deinit
                0x000000001000180c       0x78 CMakeFiles/rtthread.elf.dir/rt-thread/components/drivers/ipc/dataqueue.c.obj
                0x000000001000180c                rt_data_queue_deinit
 .text.rt_data_queue_len
                0x0000000010001884       0xd8 CMakeFiles/rtthread.elf.dir/rt-thread/components/drivers/ipc/dataqueue.c.obj
                0x0000000010001884                rt_data_queue_len
 .text._pin_read
                0x000000001000195c       0x64 CMakeFiles/rtthread.elf.dir/rt-thread/components/drivers/misc/pin.c.obj
 .text._pin_write
                0x00000000100019c0       0x60 CMakeFiles/rtthread.elf.dir/rt-thread/components/drivers/misc/pin.c.obj
 .text._pin_control
                0x0000000010001a20       0x58 CMakeFiles/rtthread.elf.dir/rt-thread/components/drivers/misc/pin.c.obj
 .text.rt_device_pin_register
                0x0000000010001a78       0x74 CMakeFiles/rtthread.elf.dir/rt-thread/components/drivers/misc/pin.c.obj
                0x0000000010001a78                rt_device_pin_register
 .text.rt_pin_mode
                0x0000000010001aec       0x48 CMakeFiles/rtthread.elf.dir/rt-thread/components/drivers/misc/pin.c.obj
                0x0000000010001aec                rt_pin_mode
 .text.rt_pin_write
                0x0000000010001b34       0x48 CMakeFiles/rtthread.elf.dir/rt-thread/components/drivers/misc/pin.c.obj
                0x0000000010001b34                rt_pin_write
 .text.rt_pin_read
                0x0000000010001b7c       0x40 CMakeFiles/rtthread.elf.dir/rt-thread/components/drivers/misc/pin.c.obj
                0x0000000010001b7c                rt_pin_read
 .text.rt_pin_get
                0x0000000010001bbc       0x50 CMakeFiles/rtthread.elf.dir/rt-thread/components/drivers/misc/pin.c.obj
                0x0000000010001bbc                rt_pin_get
 .text._pin_cmd_conv
                0x0000000010001c0c       0x1a CMakeFiles/rtthread.elf.dir/rt-thread/components/drivers/misc/pin.c.obj
 *fill*         0x0000000010001c26        0x2 
 .text._pin_cmd_print_usage
                0x0000000010001c28       0x90 CMakeFiles/rtthread.elf.dir/rt-thread/components/drivers/misc/pin.c.obj
 .text._pin_cmd_get
                0x0000000010001cb8       0x60 CMakeFiles/rtthread.elf.dir/rt-thread/components/drivers/misc/pin.c.obj
 .text._pin_cmd_mode
                0x0000000010001d18      0x118 CMakeFiles/rtthread.elf.dir/rt-thread/components/drivers/misc/pin.c.obj
 .text._pin_cmd_read
                0x0000000010001e30       0xa8 CMakeFiles/rtthread.elf.dir/rt-thread/components/drivers/misc/pin.c.obj
 .text._pin_cmd_write
                0x0000000010001ed8       0xf8 CMakeFiles/rtthread.elf.dir/rt-thread/components/drivers/misc/pin.c.obj
 .text._pin_cmd
                0x0000000010001fd0       0xbc CMakeFiles/rtthread.elf.dir/rt-thread/components/drivers/misc/pin.c.obj
 .text._serial_poll_rx
                0x000000001000208c       0x84 CMakeFiles/rtthread.elf.dir/rt-thread/components/drivers/serial/serial.c.obj
 .text._serial_poll_tx
                0x0000000010002110       0x80 CMakeFiles/rtthread.elf.dir/rt-thread/components/drivers/serial/serial.c.obj
 .text._serial_int_rx
                0x0000000010002190       0xe8 CMakeFiles/rtthread.elf.dir/rt-thread/components/drivers/serial/serial.c.obj
 .text._serial_int_tx
                0x0000000010002278       0xcc CMakeFiles/rtthread.elf.dir/rt-thread/components/drivers/serial/serial.c.obj
 .text._serial_check_buffer_size
                0x0000000010002344       0x40 CMakeFiles/rtthread.elf.dir/rt-thread/components/drivers/serial/serial.c.obj
 .text._serial_fifo_calc_recved_len
                0x0000000010002384       0x8c CMakeFiles/rtthread.elf.dir/rt-thread/components/drivers/serial/serial.c.obj
 .text.rt_dma_calc_recved_len
                0x0000000010002410       0x1a CMakeFiles/rtthread.elf.dir/rt-thread/components/drivers/serial/serial.c.obj
 *fill*         0x000000001000242a        0x2 
 .text.rt_dma_recv_update_get_index
                0x000000001000242c       0xb0 CMakeFiles/rtthread.elf.dir/rt-thread/components/drivers/serial/serial.c.obj
 .text.rt_dma_recv_update_put_index
                0x00000000100024dc       0xfc CMakeFiles/rtthread.elf.dir/rt-thread/components/drivers/serial/serial.c.obj
 .text._serial_dma_rx
                0x00000000100025d8      0x1b4 CMakeFiles/rtthread.elf.dir/rt-thread/components/drivers/serial/serial.c.obj
 .text._serial_dma_tx
                0x000000001000278c       0x7a CMakeFiles/rtthread.elf.dir/rt-thread/components/drivers/serial/serial.c.obj
 *fill*         0x0000000010002806        0x2 
 .text.rt_serial_init
                0x0000000010002808       0x74 CMakeFiles/rtthread.elf.dir/rt-thread/components/drivers/serial/serial.c.obj
 .text.rt_serial_open
                0x000000001000287c      0x3cc CMakeFiles/rtthread.elf.dir/rt-thread/components/drivers/serial/serial.c.obj
 .text.rt_serial_close
                0x0000000010002c48      0x214 CMakeFiles/rtthread.elf.dir/rt-thread/components/drivers/serial/serial.c.obj
 .text.rt_serial_read
                0x0000000010002e5c       0x8c CMakeFiles/rtthread.elf.dir/rt-thread/components/drivers/serial/serial.c.obj
 .text.rt_serial_write
                0x0000000010002ee8       0x8c CMakeFiles/rtthread.elf.dir/rt-thread/components/drivers/serial/serial.c.obj
 .text.rt_serial_control
                0x0000000010002f74      0x108 CMakeFiles/rtthread.elf.dir/rt-thread/components/drivers/serial/serial.c.obj
 .text.rt_hw_serial_register
                0x000000001000307c       0xa0 CMakeFiles/rtthread.elf.dir/rt-thread/components/drivers/serial/serial.c.obj
                0x000000001000307c                rt_hw_serial_register
 .text.rt_hw_serial_isr
                0x000000001000311c      0x28c CMakeFiles/rtthread.elf.dir/rt-thread/components/drivers/serial/serial.c.obj
                0x000000001000311c                rt_hw_serial_isr
 .text.set_sys_clock_khz
                0x00000000100033a8       0x58 CMakeFiles/rtthread.elf.dir/board/board.c.obj
 .text.reset_usb_boot
                0x0000000010003400       0x24 CMakeFiles/rtthread.elf.dir/board/board.c.obj
 .text.isr_systick
                0x0000000010003424       0x16 CMakeFiles/rtthread.elf.dir/board/board.c.obj
                0x0000000010003424                isr_systick
 *fill*         0x000000001000343a        0x2 
 .text.systick_config
                0x000000001000343c       0x34 CMakeFiles/rtthread.elf.dir/board/board.c.obj
                0x000000001000343c                systick_config
 .text.rt_hw_board_init
                0x0000000010003470       0x88 CMakeFiles/rtthread.elf.dir/board/board.c.obj
                0x0000000010003470                rt_hw_board_init
 .text.pico_reboot
                0x00000000100034f8       0x12 CMakeFiles/rtthread.elf.dir/board/board.c.obj
 .text.gpio_pull_up
                0x000000001000350a       0x1c CMakeFiles/rtthread.elf.dir/drivers/drv_gpio.c.obj
 .text.gpio_pull_down
                0x0000000010003526       0x1c CMakeFiles/rtthread.elf.dir/drivers/drv_gpio.c.obj
 .text.gpio_disable_pulls
                0x0000000010003542       0x1c CMakeFiles/rtthread.elf.dir/drivers/drv_gpio.c.obj
 .text.gpio_get
                0x000000001000355e       0x26 CMakeFiles/rtthread.elf.dir/drivers/drv_gpio.c.obj
 .text.gpio_set_mask
                0x0000000010003584       0x18 CMakeFiles/rtthread.elf.dir/drivers/drv_gpio.c.obj
 .text.gpio_clr_mask
                0x000000001000359c       0x18 CMakeFiles/rtthread.elf.dir/drivers/drv_gpio.c.obj
 .text.gpio_put
                0x00000000100035b4       0x3a CMakeFiles/rtthread.elf.dir/drivers/drv_gpio.c.obj
 .text.gpio_set_dir_out_masked
                0x00000000100035ee       0x18 CMakeFiles/rtthread.elf.dir/drivers/drv_gpio.c.obj
 .text.gpio_set_dir_in_masked
                0x0000000010003606       0x18 CMakeFiles/rtthread.elf.dir/drivers/drv_gpio.c.obj
 .text.gpio_set_dir
                0x000000001000361e       0x3a CMakeFiles/rtthread.elf.dir/drivers/drv_gpio.c.obj
 .text.pico_pin_mode
                0x0000000010003658       0x8c CMakeFiles/rtthread.elf.dir/drivers/drv_gpio.c.obj
 .text.pico_pin_write
                0x00000000100036e4       0x4c CMakeFiles/rtthread.elf.dir/drivers/drv_gpio.c.obj
 .text.pico_pin_read
                0x0000000010003730       0x40 CMakeFiles/rtthread.elf.dir/drivers/drv_gpio.c.obj
 .text.rt_hw_gpio_init
                0x0000000010003770       0x20 CMakeFiles/rtthread.elf.dir/drivers/drv_gpio.c.obj
                0x0000000010003770                rt_hw_gpio_init
 .text.uart_get_index
                0x0000000010003790       0x24 CMakeFiles/rtthread.elf.dir/drivers/drv_uart.c.obj
 .text.uart_get_hw
                0x00000000100037b4       0x1a CMakeFiles/rtthread.elf.dir/drivers/drv_uart.c.obj
 .text.uart_set_hw_flow
                0x00000000100037ce       0x7c CMakeFiles/rtthread.elf.dir/drivers/drv_uart.c.obj
 .text.uart_set_irq_enables
                0x000000001000384a       0xde CMakeFiles/rtthread.elf.dir/drivers/drv_uart.c.obj
 .text.uart_is_writable
                0x0000000010003928       0x26 CMakeFiles/rtthread.elf.dir/drivers/drv_uart.c.obj
 .text.uart_is_readable
                0x000000001000394e       0x26 CMakeFiles/rtthread.elf.dir/drivers/drv_uart.c.obj
 .text.uart_write_blocking
                0x0000000010003974       0x58 CMakeFiles/rtthread.elf.dir/drivers/drv_uart.c.obj
 .text.uart_putc_raw
                0x00000000100039cc       0x22 CMakeFiles/rtthread.elf.dir/drivers/drv_uart.c.obj
 *fill*         0x00000000100039ee        0x2 
 .text.pico_uart0_isr
                0x00000000100039f0       0x30 CMakeFiles/rtthread.elf.dir/drivers/drv_uart.c.obj
                0x00000000100039f0                pico_uart0_isr
 .text.pico_uart_configure
                0x0000000010003a20      0x108 CMakeFiles/rtthread.elf.dir/drivers/drv_uart.c.obj
 .text.pico_uart_control
                0x0000000010003b28       0x6c CMakeFiles/rtthread.elf.dir/drivers/drv_uart.c.obj
 .text.pico_uart_putc
                0x0000000010003b94       0x4c CMakeFiles/rtthread.elf.dir/drivers/drv_uart.c.obj
 .text.pico_uart_getc
                0x0000000010003be0       0x5c CMakeFiles/rtthread.elf.dir/drivers/drv_uart.c.obj
 .text.rt_hw_uart_init
                0x0000000010003c3c       0x68 CMakeFiles/rtthread.elf.dir/drivers/drv_uart.c.obj
                0x0000000010003c3c                rt_hw_uart_init
 .text.rt_list_isempty
                0x0000000010003ca4       0x1e CMakeFiles/rtthread.elf.dir/rt-thread/components/finsh/cmd.c.obj
 .text.rt_list_len
                0x0000000010003cc2       0x32 CMakeFiles/rtthread.elf.dir/rt-thread/components/finsh/cmd.c.obj
 .text.clear    0x0000000010003cf4       0x18 CMakeFiles/rtthread.elf.dir/rt-thread/components/finsh/cmd.c.obj
 .text.version  0x0000000010003d0c       0x10 CMakeFiles/rtthread.elf.dir/rt-thread/components/finsh/cmd.c.obj
                0x0000000010003d0c                version
 .text.object_split
                0x0000000010003d1c       0x2c CMakeFiles/rtthread.elf.dir/rt-thread/components/finsh/cmd.c.obj
 .text.list_find_init
                0x0000000010003d48       0x50 CMakeFiles/rtthread.elf.dir/rt-thread/components/finsh/cmd.c.obj
 .text.list_get_next
                0x0000000010003d98       0xca CMakeFiles/rtthread.elf.dir/rt-thread/components/finsh/cmd.c.obj
 *fill*         0x0000000010003e62        0x2 
 .text.list_thread
                0x0000000010003e64      0x2bc CMakeFiles/rtthread.elf.dir/rt-thread/components/finsh/cmd.c.obj
                0x0000000010003e64                list_thread
 .text.show_wait_queue
                0x0000000010004120       0x54 CMakeFiles/rtthread.elf.dir/rt-thread/components/finsh/cmd.c.obj
 .text.list_sem
                0x0000000010004174      0x138 CMakeFiles/rtthread.elf.dir/rt-thread/components/finsh/cmd.c.obj
                0x0000000010004174                list_sem
 .text.list_event
                0x00000000100042ac      0x128 CMakeFiles/rtthread.elf.dir/rt-thread/components/finsh/cmd.c.obj
                0x00000000100042ac                list_event
 .text.list_mutex
                0x00000000100043d4      0x170 CMakeFiles/rtthread.elf.dir/rt-thread/components/finsh/cmd.c.obj
                0x00000000100043d4                list_mutex
 .text.list_mailbox
                0x0000000010004544      0x148 CMakeFiles/rtthread.elf.dir/rt-thread/components/finsh/cmd.c.obj
                0x0000000010004544                list_mailbox
 .text.list_msgqueue
                0x000000001000468c      0x138 CMakeFiles/rtthread.elf.dir/rt-thread/components/finsh/cmd.c.obj
                0x000000001000468c                list_msgqueue
 .text.list_mempool
                0x00000000100047c4      0x15c CMakeFiles/rtthread.elf.dir/rt-thread/components/finsh/cmd.c.obj
                0x00000000100047c4                list_mempool
 .text.list_timer
                0x0000000010004920      0x140 CMakeFiles/rtthread.elf.dir/rt-thread/components/finsh/cmd.c.obj
                0x0000000010004920                list_timer
 .text.list_device
                0x0000000010004a60      0x110 CMakeFiles/rtthread.elf.dir/rt-thread/components/finsh/cmd.c.obj
                0x0000000010004a60                list_device
 .text.cmd_list
                0x0000000010004b70       0xa0 CMakeFiles/rtthread.elf.dir/rt-thread/components/finsh/cmd.c.obj
                0x0000000010004b70                cmd_list
 .text.finsh_get_prompt
                0x0000000010004c10       0x80 CMakeFiles/rtthread.elf.dir/rt-thread/components/finsh/shell.c.obj
                0x0000000010004c10                finsh_get_prompt
 .text.finsh_set_prompt_mode
                0x0000000010004c90       0x54 CMakeFiles/rtthread.elf.dir/rt-thread/components/finsh/shell.c.obj
                0x0000000010004c90                finsh_set_prompt_mode
 .text.finsh_getchar
                0x0000000010004ce4       0xa0 CMakeFiles/rtthread.elf.dir/rt-thread/components/finsh/shell.c.obj
                0x0000000010004ce4                finsh_getchar
 .text.finsh_rx_ind
                0x0000000010004d84       0x40 CMakeFiles/rtthread.elf.dir/rt-thread/components/finsh/shell.c.obj
 .text.finsh_set_device
                0x0000000010004dc4       0xfc CMakeFiles/rtthread.elf.dir/rt-thread/components/finsh/shell.c.obj
                0x0000000010004dc4                finsh_set_device
 .text.shell_auto_complete
                0x0000000010004ec0       0x40 CMakeFiles/rtthread.elf.dir/rt-thread/components/finsh/shell.c.obj
 .text.shell_handle_history
                0x0000000010004f00       0x38 CMakeFiles/rtthread.elf.dir/rt-thread/components/finsh/shell.c.obj
 .text.shell_push_history
                0x0000000010004f38      0x166 CMakeFiles/rtthread.elf.dir/rt-thread/components/finsh/shell.c.obj
 *fill*         0x000000001000509e        0x2 
 .text.finsh_thread_entry
                0x00000000100050a0      0x648 CMakeFiles/rtthread.elf.dir/rt-thread/components/finsh/shell.c.obj
                0x00000000100050a0                finsh_thread_entry
 .text.finsh_system_function_init
                0x00000000100056e8       0x28 CMakeFiles/rtthread.elf.dir/rt-thread/components/finsh/shell.c.obj
                0x00000000100056e8                finsh_system_function_init
 .text.finsh_system_init
                0x0000000010005710       0xa8 CMakeFiles/rtthread.elf.dir/rt-thread/components/finsh/shell.c.obj
                0x0000000010005710                finsh_system_init
 .text.msh_help
                0x00000000100057b8       0x60 CMakeFiles/rtthread.elf.dir/rt-thread/components/finsh/msh.c.obj
                0x00000000100057b8                msh_help
 .text.cmd_ps   0x0000000010005818       0x18 CMakeFiles/rtthread.elf.dir/rt-thread/components/finsh/msh.c.obj
                0x0000000010005818                cmd_ps
 .text.cmd_free
                0x0000000010005830       0x78 CMakeFiles/rtthread.elf.dir/rt-thread/components/finsh/msh.c.obj
                0x0000000010005830                cmd_free
 .text.msh_split
                0x00000000100058a8      0x178 CMakeFiles/rtthread.elf.dir/rt-thread/components/finsh/msh.c.obj
 .text.msh_get_cmd
                0x0000000010005a20       0x60 CMakeFiles/rtthread.elf.dir/rt-thread/components/finsh/msh.c.obj
 .text._msh_exec_cmd
                0x0000000010005a80       0xdc CMakeFiles/rtthread.elf.dir/rt-thread/components/finsh/msh.c.obj
 .text.msh_exec
                0x0000000010005b5c       0x90 CMakeFiles/rtthread.elf.dir/rt-thread/components/finsh/msh.c.obj
                0x0000000010005b5c                msh_exec
 .text.str_common
                0x0000000010005bec       0x46 CMakeFiles/rtthread.elf.dir/rt-thread/components/finsh/msh.c.obj
 *fill*         0x0000000010005c32        0x2 
 .text.msh_auto_complete
                0x0000000010005c34       0xbc CMakeFiles/rtthread.elf.dir/rt-thread/components/finsh/msh.c.obj
                0x0000000010005c34                msh_auto_complete
 .text.msh_get_cmd_opt
                0x0000000010005cf0       0x88 CMakeFiles/rtthread.elf.dir/rt-thread/components/finsh/msh.c.obj
 .text.msh_get_argc
                0x0000000010005d78       0x56 CMakeFiles/rtthread.elf.dir/rt-thread/components/finsh/msh.c.obj
 *fill*         0x0000000010005dce        0x2 
 .text.msh_opt_complete
                0x0000000010005dd0       0xb8 CMakeFiles/rtthread.elf.dir/rt-thread/components/finsh/msh.c.obj
 .text.msh_opt_help
                0x0000000010005e88       0x44 CMakeFiles/rtthread.elf.dir/rt-thread/components/finsh/msh.c.obj
 .text.msh_opt_auto_complete
                0x0000000010005ecc       0xb0 CMakeFiles/rtthread.elf.dir/rt-thread/components/finsh/msh.c.obj
                0x0000000010005ecc                msh_opt_auto_complete
 .text.msh_cmd_opt_id_get
                0x0000000010005f7c       0x58 CMakeFiles/rtthread.elf.dir/rt-thread/components/finsh/msh.c.obj
                0x0000000010005f7c                msh_cmd_opt_id_get
 .text.msh_opt_list_dump
                0x0000000010005fd4       0x40 CMakeFiles/rtthread.elf.dir/rt-thread/components/finsh/msh.c.obj
                0x0000000010005fd4                msh_opt_list_dump
 .text.msh_isint
                0x0000000010006014       0x68 CMakeFiles/rtthread.elf.dir/rt-thread/components/finsh/msh_parse.c.obj
                0x0000000010006014                msh_isint
 .text.rt_tick_get
                0x000000001000607c       0x14 CMakeFiles/rtthread.elf.dir/rt-thread/src/clock.c.obj
                0x000000001000607c                rt_tick_get
 .text.rt_tick_increase
                0x0000000010006090       0x84 CMakeFiles/rtthread.elf.dir/rt-thread/src/clock.c.obj
                0x0000000010006090                rt_tick_increase
 .text.rt_tick_from_millisecond
                0x0000000010006114       0x68 CMakeFiles/rtthread.elf.dir/rt-thread/src/clock.c.obj
                0x0000000010006114                rt_tick_from_millisecond
 .text.rti_start
                0x000000001000617c        0xc CMakeFiles/rtthread.elf.dir/rt-thread/src/components.c.obj
 .text.rti_board_start
                0x0000000010006188        0xc CMakeFiles/rtthread.elf.dir/rt-thread/src/components.c.obj
 .text.rti_board_end
                0x0000000010006194        0xc CMakeFiles/rtthread.elf.dir/rt-thread/src/components.c.obj
 .text.rti_end  0x00000000100061a0        0xc CMakeFiles/rtthread.elf.dir/rt-thread/src/components.c.obj
 .text.rt_components_board_init
                0x00000000100061ac       0x58 CMakeFiles/rtthread.elf.dir/rt-thread/src/components.c.obj
                0x00000000100061ac                rt_components_board_init
 .text.rt_components_init
                0x0000000010006204       0x64 CMakeFiles/rtthread.elf.dir/rt-thread/src/components.c.obj
                0x0000000010006204                rt_components_init
 .text.entry    0x0000000010006268       0x10 CMakeFiles/rtthread.elf.dir/rt-thread/src/components.c.obj
                0x0000000010006268                entry
 .text.main_thread_entry
                0x0000000010006278       0x18 CMakeFiles/rtthread.elf.dir/rt-thread/src/components.c.obj
                0x0000000010006278                main_thread_entry
 .text.rt_application_init
                0x0000000010006290       0x54 CMakeFiles/rtthread.elf.dir/rt-thread/src/components.c.obj
                0x0000000010006290                rt_application_init
 .text.rtthread_startup
                0x00000000100062e4       0x30 CMakeFiles/rtthread.elf.dir/rt-thread/src/components.c.obj
                0x00000000100062e4                rtthread_startup
 .text.rt_list_insert_after
                0x0000000010006314       0x2e CMakeFiles/rtthread.elf.dir/rt-thread/src/idle.c.obj
 .text.rt_list_remove
                0x0000000010006342       0x32 CMakeFiles/rtthread.elf.dir/rt-thread/src/idle.c.obj
 .text.rt_thread_defunct_enqueue
                0x0000000010006374       0x24 CMakeFiles/rtthread.elf.dir/rt-thread/src/idle.c.obj
                0x0000000010006374                rt_thread_defunct_enqueue
 .text.rt_thread_defunct_dequeue
                0x0000000010006398       0x48 CMakeFiles/rtthread.elf.dir/rt-thread/src/idle.c.obj
                0x0000000010006398                rt_thread_defunct_dequeue
 .text.rt_defunct_execute
                0x00000000100063e0       0x68 CMakeFiles/rtthread.elf.dir/rt-thread/src/idle.c.obj
 .text.idle_thread_entry
                0x0000000010006448       0x38 CMakeFiles/rtthread.elf.dir/rt-thread/src/idle.c.obj
 .text.rt_thread_idle_init
                0x0000000010006480       0x7c CMakeFiles/rtthread.elf.dir/rt-thread/src/idle.c.obj
                0x0000000010006480                rt_thread_idle_init
 .text.rt_list_init
                0x00000000100064fc       0x1e CMakeFiles/rtthread.elf.dir/rt-thread/src/ipc.c.obj
 .text.rt_list_insert_after
                0x000000001000651a       0x2e CMakeFiles/rtthread.elf.dir/rt-thread/src/ipc.c.obj
 .text.rt_list_insert_before
                0x0000000010006548       0x2e CMakeFiles/rtthread.elf.dir/rt-thread/src/ipc.c.obj
 .text.rt_list_remove
                0x0000000010006576       0x32 CMakeFiles/rtthread.elf.dir/rt-thread/src/ipc.c.obj
 .text.rt_list_isempty
                0x00000000100065a8       0x1e CMakeFiles/rtthread.elf.dir/rt-thread/src/ipc.c.obj
 .text._ipc_object_init
                0x00000000100065c6       0x1c CMakeFiles/rtthread.elf.dir/rt-thread/src/ipc.c.obj
 *fill*         0x00000000100065e2        0x2 
 .text._ipc_list_suspend
                0x00000000100065e4       0xd4 CMakeFiles/rtthread.elf.dir/rt-thread/src/ipc.c.obj
 .text._ipc_list_resume
                0x00000000100066b8       0x28 CMakeFiles/rtthread.elf.dir/rt-thread/src/ipc.c.obj
 .text.rt_sem_init
                0x00000000100066e0       0xa0 CMakeFiles/rtthread.elf.dir/rt-thread/src/ipc.c.obj
                0x00000000100066e0                rt_sem_init
 .text._rt_sem_take
                0x0000000010006780      0x208 CMakeFiles/rtthread.elf.dir/rt-thread/src/ipc.c.obj
 .text.rt_sem_take
                0x0000000010006988       0x20 CMakeFiles/rtthread.elf.dir/rt-thread/src/ipc.c.obj
                0x0000000010006988                rt_sem_take
 .text.rt_sem_release
                0x00000000100069a8       0xcc CMakeFiles/rtthread.elf.dir/rt-thread/src/ipc.c.obj
                0x00000000100069a8                rt_sem_release
 .text._mutex_update_priority
                0x0000000010006a74       0x3c CMakeFiles/rtthread.elf.dir/rt-thread/src/ipc.c.obj
 .text._thread_get_mutex_priority
                0x0000000010006ab0       0x82 CMakeFiles/rtthread.elf.dir/rt-thread/src/ipc.c.obj
 .text._thread_update_priority
                0x0000000010006b32       0xe6 CMakeFiles/rtthread.elf.dir/rt-thread/src/ipc.c.obj
 .text.rt_mutex_init
                0x0000000010006c18       0x74 CMakeFiles/rtthread.elf.dir/rt-thread/src/ipc.c.obj
                0x0000000010006c18                rt_mutex_init
 .text.rt_mutex_drop_thread
                0x0000000010006c8c       0x9e CMakeFiles/rtthread.elf.dir/rt-thread/src/ipc.c.obj
                0x0000000010006c8c                rt_mutex_drop_thread
 *fill*         0x0000000010006d2a        0x2 
 .text._rt_mutex_take
                0x0000000010006d2c      0x35c CMakeFiles/rtthread.elf.dir/rt-thread/src/ipc.c.obj
 .text.rt_mutex_take
                0x0000000010007088       0x20 CMakeFiles/rtthread.elf.dir/rt-thread/src/ipc.c.obj
                0x0000000010007088                rt_mutex_take
 .text.rt_mutex_release
                0x00000000100070a8      0x200 CMakeFiles/rtthread.elf.dir/rt-thread/src/ipc.c.obj
                0x00000000100070a8                rt_mutex_release
 .text.rt_interrupt_enter
                0x00000000100072a8       0x44 CMakeFiles/rtthread.elf.dir/rt-thread/src/irq.c.obj
                0x00000000100072a8                rt_interrupt_enter
 .text.rt_interrupt_leave
                0x00000000100072ec       0x44 CMakeFiles/rtthread.elf.dir/rt-thread/src/irq.c.obj
                0x00000000100072ec                rt_interrupt_leave
 .text.rt_interrupt_get_nest
                0x0000000010007330       0x30 CMakeFiles/rtthread.elf.dir/rt-thread/src/irq.c.obj
                0x0000000010007330                rt_interrupt_get_nest
 .text.rt_hw_interrupt_is_disabled
                0x0000000010007360        0xc CMakeFiles/rtthread.elf.dir/rt-thread/src/irq.c.obj
                0x0000000010007360                rt_hw_interrupt_is_disabled
 .text.rt_strerror
                0x000000001000736c       0x54 CMakeFiles/rtthread.elf.dir/rt-thread/src/kservice.c.obj
                0x000000001000736c                rt_strerror
 .text.rt_set_errno
                0x00000000100073c0       0x44 CMakeFiles/rtthread.elf.dir/rt-thread/src/kservice.c.obj
                0x00000000100073c0                rt_set_errno
 .text._rt_errno
                0x0000000010007404       0x38 CMakeFiles/rtthread.elf.dir/rt-thread/src/kservice.c.obj
                0x0000000010007404                _rt_errno
 .text.rt_memset
                0x000000001000743c       0xce CMakeFiles/rtthread.elf.dir/rt-thread/src/kservice.c.obj
                0x000000001000743c                rt_memset
 .text.rt_memcpy
                0x000000001000750a       0xd4 CMakeFiles/rtthread.elf.dir/rt-thread/src/kservice.c.obj
                0x000000001000750a                rt_memcpy
 .text.rt_memmove
                0x00000000100075de       0x7e CMakeFiles/rtthread.elf.dir/rt-thread/src/kservice.c.obj
                0x00000000100075de                rt_memmove
 .text.rt_strncpy
                0x000000001000765c       0x60 CMakeFiles/rtthread.elf.dir/rt-thread/src/kservice.c.obj
                0x000000001000765c                rt_strncpy
 .text.rt_strncmp
                0x00000000100076bc       0x5e CMakeFiles/rtthread.elf.dir/rt-thread/src/kservice.c.obj
                0x00000000100076bc                rt_strncmp
 .text.rt_strcmp
                0x000000001000771a       0x40 CMakeFiles/rtthread.elf.dir/rt-thread/src/kservice.c.obj
                0x000000001000771a                rt_strcmp
 *fill*         0x000000001000775a        0x2 
 .text.rt_show_version
                0x000000001000775c       0x50 CMakeFiles/rtthread.elf.dir/rt-thread/src/kservice.c.obj
                0x000000001000775c                rt_show_version
 .text.divide   0x00000000100077ac       0x3c CMakeFiles/rtthread.elf.dir/rt-thread/src/kservice.c.obj
 .text.skip_atoi
                0x00000000100077e8       0x42 CMakeFiles/rtthread.elf.dir/rt-thread/src/kservice.c.obj
 *fill*         0x000000001000782a        0x2 
 .text.print_number
                0x000000001000782c      0x33c CMakeFiles/rtthread.elf.dir/rt-thread/src/kservice.c.obj
 .text.rt_vsnprintf
                0x0000000010007b68      0x4ec CMakeFiles/rtthread.elf.dir/rt-thread/src/kservice.c.obj
                0x0000000010007b68                rt_vsnprintf
 .text.rt_snprintf
                0x0000000010008054       0x36 CMakeFiles/rtthread.elf.dir/rt-thread/src/kservice.c.obj
                0x0000000010008054                rt_snprintf
 *fill*         0x000000001000808a        0x2 
 .text.rt_console_get_device
                0x000000001000808c       0x14 CMakeFiles/rtthread.elf.dir/rt-thread/src/kservice.c.obj
                0x000000001000808c                rt_console_get_device
 .text.rt_console_set_device
                0x00000000100080a0       0x5c CMakeFiles/rtthread.elf.dir/rt-thread/src/kservice.c.obj
                0x00000000100080a0                rt_console_set_device
 .text.rt_hw_console_output
                0x00000000100080fc       0x10 CMakeFiles/rtthread.elf.dir/rt-thread/src/kservice.c.obj
                0x00000000100080fc                rt_hw_console_output
 .text.rt_kprintf
                0x000000001000810c       0x64 CMakeFiles/rtthread.elf.dir/rt-thread/src/kservice.c.obj
                0x000000001000810c                rt_kprintf
 .text._heap_lock_init
                0x0000000010008170       0x20 CMakeFiles/rtthread.elf.dir/rt-thread/src/kservice.c.obj
 .text._heap_lock
                0x0000000010008190       0x2c CMakeFiles/rtthread.elf.dir/rt-thread/src/kservice.c.obj
 .text._heap_unlock
                0x00000000100081bc       0x44 CMakeFiles/rtthread.elf.dir/rt-thread/src/kservice.c.obj
 .text._smem_info
                0x0000000010008200       0x48 CMakeFiles/rtthread.elf.dir/rt-thread/src/kservice.c.obj
 .text.rt_system_heap_init
                0x0000000010008248       0x68 CMakeFiles/rtthread.elf.dir/rt-thread/src/kservice.c.obj
                0x0000000010008248                rt_system_heap_init
 .text.rt_malloc
                0x00000000100082b0       0x50 CMakeFiles/rtthread.elf.dir/rt-thread/src/kservice.c.obj
                0x00000000100082b0                rt_malloc
 .text.rt_realloc
                0x0000000010008300       0x3c CMakeFiles/rtthread.elf.dir/rt-thread/src/kservice.c.obj
                0x0000000010008300                rt_realloc
 .text.rt_calloc
                0x000000001000833c       0x3a CMakeFiles/rtthread.elf.dir/rt-thread/src/kservice.c.obj
                0x000000001000833c                rt_calloc
 *fill*         0x0000000010008376        0x2 
 .text.rt_free  0x0000000010008378       0x48 CMakeFiles/rtthread.elf.dir/rt-thread/src/kservice.c.obj
                0x0000000010008378                rt_free
 .text.rt_memory_info
                0x00000000100083c0       0x30 CMakeFiles/rtthread.elf.dir/rt-thread/src/kservice.c.obj
                0x00000000100083c0                rt_memory_info
 .text.__rt_ffs
                0x00000000100083f0       0x74 CMakeFiles/rtthread.elf.dir/rt-thread/src/kservice.c.obj
                0x00000000100083f0                __rt_ffs
 .text.rt_assert_handler
                0x0000000010008464       0x54 CMakeFiles/rtthread.elf.dir/rt-thread/src/kservice.c.obj
                0x0000000010008464                rt_assert_handler
 .text.plug_holes
                0x00000000100084b8       0xf8 CMakeFiles/rtthread.elf.dir/rt-thread/src/mem.c.obj
 .text.rt_smem_init
                0x00000000100085b0      0x108 CMakeFiles/rtthread.elf.dir/rt-thread/src/mem.c.obj
                0x00000000100085b0                rt_smem_init
 .text.rt_smem_alloc
                0x00000000100086b8      0x278 CMakeFiles/rtthread.elf.dir/rt-thread/src/mem.c.obj
                0x00000000100086b8                rt_smem_alloc
 .text.rt_smem_realloc
                0x0000000010008930      0x1f0 CMakeFiles/rtthread.elf.dir/rt-thread/src/mem.c.obj
                0x0000000010008930                rt_smem_realloc
 .text.rt_smem_free
                0x0000000010008b20      0x154 CMakeFiles/rtthread.elf.dir/rt-thread/src/mem.c.obj
                0x0000000010008b20                rt_smem_free
 .text.rt_list_insert_after
                0x0000000010008c74       0x2e CMakeFiles/rtthread.elf.dir/rt-thread/src/object.c.obj
 .text.rt_list_remove
                0x0000000010008ca2       0x32 CMakeFiles/rtthread.elf.dir/rt-thread/src/object.c.obj
 .text.rt_object_get_information
                0x0000000010008cd4       0x48 CMakeFiles/rtthread.elf.dir/rt-thread/src/object.c.obj
                0x0000000010008cd4                rt_object_get_information
 .text.rt_object_init
                0x0000000010008d1c       0xe0 CMakeFiles/rtthread.elf.dir/rt-thread/src/object.c.obj
                0x0000000010008d1c                rt_object_init
 .text.rt_object_detach
                0x0000000010008dfc       0x64 CMakeFiles/rtthread.elf.dir/rt-thread/src/object.c.obj
                0x0000000010008dfc                rt_object_detach
 .text.rt_object_allocate
                0x0000000010008e60       0xf8 CMakeFiles/rtthread.elf.dir/rt-thread/src/object.c.obj
                0x0000000010008e60                rt_object_allocate
 .text.rt_object_delete
                0x0000000010008f58       0x8c CMakeFiles/rtthread.elf.dir/rt-thread/src/object.c.obj
                0x0000000010008f58                rt_object_delete
 .text.rt_object_is_systemobject
                0x0000000010008fe4       0x40 CMakeFiles/rtthread.elf.dir/rt-thread/src/object.c.obj
                0x0000000010008fe4                rt_object_is_systemobject
 .text.rt_object_get_type
                0x0000000010009024       0x38 CMakeFiles/rtthread.elf.dir/rt-thread/src/object.c.obj
                0x0000000010009024                rt_object_get_type
 .text.rt_object_find
                0x000000001000905c       0xc0 CMakeFiles/rtthread.elf.dir/rt-thread/src/object.c.obj
                0x000000001000905c                rt_object_find
 .text.rt_list_init
                0x000000001000911c       0x1e CMakeFiles/rtthread.elf.dir/rt-thread/src/scheduler_up.c.obj
 .text.rt_list_insert_after
                0x000000001000913a       0x2e CMakeFiles/rtthread.elf.dir/rt-thread/src/scheduler_up.c.obj
 .text.rt_list_insert_before
                0x0000000010009168       0x2e CMakeFiles/rtthread.elf.dir/rt-thread/src/scheduler_up.c.obj
 .text.rt_list_remove
                0x0000000010009196       0x32 CMakeFiles/rtthread.elf.dir/rt-thread/src/scheduler_up.c.obj
 .text.rt_list_isempty
                0x00000000100091c8       0x1e CMakeFiles/rtthread.elf.dir/rt-thread/src/scheduler_up.c.obj
 *fill*         0x00000000100091e6        0x2 
 .text._scheduler_stack_check
                0x00000000100091e8       0x9c CMakeFiles/rtthread.elf.dir/rt-thread/src/scheduler_up.c.obj
 .text._scheduler_get_highest_priority_thread
                0x0000000010009284       0x3c CMakeFiles/rtthread.elf.dir/rt-thread/src/scheduler_up.c.obj
 .text.rt_system_scheduler_init
                0x00000000100092c0       0x48 CMakeFiles/rtthread.elf.dir/rt-thread/src/scheduler_up.c.obj
                0x00000000100092c0                rt_system_scheduler_init
 .text.rt_system_scheduler_start
                0x0000000010009308       0x40 CMakeFiles/rtthread.elf.dir/rt-thread/src/scheduler_up.c.obj
                0x0000000010009308                rt_system_scheduler_start
 .text.rt_schedule
                0x0000000010009348      0x1b0 CMakeFiles/rtthread.elf.dir/rt-thread/src/scheduler_up.c.obj
                0x0000000010009348                rt_schedule
 .text.rt_schedule_insert_thread
                0x00000000100094f8       0xdc CMakeFiles/rtthread.elf.dir/rt-thread/src/scheduler_up.c.obj
                0x00000000100094f8                rt_schedule_insert_thread
 .text.rt_schedule_remove_thread
                0x00000000100095d4       0x78 CMakeFiles/rtthread.elf.dir/rt-thread/src/scheduler_up.c.obj
                0x00000000100095d4                rt_schedule_remove_thread
 .text.rt_enter_critical
                0x000000001000964c       0x34 CMakeFiles/rtthread.elf.dir/rt-thread/src/scheduler_up.c.obj
                0x000000001000964c                rt_enter_critical
 .text.rt_exit_critical
                0x0000000010009680       0x60 CMakeFiles/rtthread.elf.dir/rt-thread/src/scheduler_up.c.obj
                0x0000000010009680                rt_exit_critical
 .text.rt_critical_level
                0x00000000100096e0       0x18 CMakeFiles/rtthread.elf.dir/rt-thread/src/scheduler_up.c.obj
                0x00000000100096e0                rt_critical_level
 .text.rt_list_init
                0x00000000100096f8       0x1e CMakeFiles/rtthread.elf.dir/rt-thread/src/thread.c.obj
 .text.rt_list_remove
                0x0000000010009716       0x32 CMakeFiles/rtthread.elf.dir/rt-thread/src/thread.c.obj
 .text._thread_exit
                0x0000000010009748       0x4c CMakeFiles/rtthread.elf.dir/rt-thread/src/thread.c.obj
 .text._thread_timeout
                0x0000000010009794       0x98 CMakeFiles/rtthread.elf.dir/rt-thread/src/thread.c.obj
 .text._thread_init
                0x000000001000982c      0x124 CMakeFiles/rtthread.elf.dir/rt-thread/src/thread.c.obj
 .text.rt_thread_init
                0x0000000010009950       0x7c CMakeFiles/rtthread.elf.dir/rt-thread/src/thread.c.obj
                0x0000000010009950                rt_thread_init
 .text.rt_thread_self
                0x00000000100099cc       0x14 CMakeFiles/rtthread.elf.dir/rt-thread/src/thread.c.obj
                0x00000000100099cc                rt_thread_self
 .text.rt_thread_startup
                0x00000000100099e0       0xa0 CMakeFiles/rtthread.elf.dir/rt-thread/src/thread.c.obj
                0x00000000100099e0                rt_thread_startup
 .text.rt_thread_detach
                0x0000000010009a80       0xf4 CMakeFiles/rtthread.elf.dir/rt-thread/src/thread.c.obj
                0x0000000010009a80                rt_thread_detach
 .text.rt_thread_create
                0x0000000010009b74       0x70 CMakeFiles/rtthread.elf.dir/rt-thread/src/thread.c.obj
                0x0000000010009b74                rt_thread_create
 .text.rt_thread_delete
                0x0000000010009be4       0xf8 CMakeFiles/rtthread.elf.dir/rt-thread/src/thread.c.obj
                0x0000000010009be4                rt_thread_delete
 .text.rt_thread_sleep
                0x0000000010009cdc      0x19c CMakeFiles/rtthread.elf.dir/rt-thread/src/thread.c.obj
                0x0000000010009cdc                rt_thread_sleep
 .text.rt_thread_mdelay
                0x0000000010009e78       0x26 CMakeFiles/rtthread.elf.dir/rt-thread/src/thread.c.obj
                0x0000000010009e78                rt_thread_mdelay
 *fill*         0x0000000010009e9e        0x2 
 .text.rt_thread_control
                0x0000000010009ea0      0x120 CMakeFiles/rtthread.elf.dir/rt-thread/src/thread.c.obj
                0x0000000010009ea0                rt_thread_control
 .text.rt_thread_set_suspend_state
                0x0000000010009fc0       0xa8 CMakeFiles/rtthread.elf.dir/rt-thread/src/thread.c.obj
 .text.rt_thread_suspend_with_flag
                0x000000001000a068       0xf8 CMakeFiles/rtthread.elf.dir/rt-thread/src/thread.c.obj
                0x000000001000a068                rt_thread_suspend_with_flag
 .text.rt_thread_resume
                0x000000001000a160       0xa8 CMakeFiles/rtthread.elf.dir/rt-thread/src/thread.c.obj
                0x000000001000a160                rt_thread_resume
 .text.rt_list_init
                0x000000001000a208       0x1e CMakeFiles/rtthread.elf.dir/rt-thread/src/timer.c.obj
 .text.rt_list_insert_after
                0x000000001000a226       0x2e CMakeFiles/rtthread.elf.dir/rt-thread/src/timer.c.obj
 .text.rt_list_remove
                0x000000001000a254       0x32 CMakeFiles/rtthread.elf.dir/rt-thread/src/timer.c.obj
 .text.rt_list_isempty
                0x000000001000a286       0x1e CMakeFiles/rtthread.elf.dir/rt-thread/src/timer.c.obj
 .text._timer_init
                0x000000001000a2a4       0x6c CMakeFiles/rtthread.elf.dir/rt-thread/src/timer.c.obj
 .text._timer_remove
                0x000000001000a310       0x36 CMakeFiles/rtthread.elf.dir/rt-thread/src/timer.c.obj
 *fill*         0x000000001000a346        0x2 
 .text.rt_timer_init
                0x000000001000a348       0x8c CMakeFiles/rtthread.elf.dir/rt-thread/src/timer.c.obj
                0x000000001000a348                rt_timer_init
 .text.rt_timer_detach
                0x000000001000a3d4       0xa0 CMakeFiles/rtthread.elf.dir/rt-thread/src/timer.c.obj
                0x000000001000a3d4                rt_timer_detach
 .text.rt_timer_start
                0x000000001000a474      0x1fc CMakeFiles/rtthread.elf.dir/rt-thread/src/timer.c.obj
                0x000000001000a474                rt_timer_start
 .text.rt_timer_stop
                0x000000001000a670       0xa8 CMakeFiles/rtthread.elf.dir/rt-thread/src/timer.c.obj
                0x000000001000a670                rt_timer_stop
 .text.rt_timer_control
                0x000000001000a718      0x11c CMakeFiles/rtthread.elf.dir/rt-thread/src/timer.c.obj
                0x000000001000a718                rt_timer_control
 .text.rt_timer_check
                0x000000001000a834      0x118 CMakeFiles/rtthread.elf.dir/rt-thread/src/timer.c.obj
                0x000000001000a834                rt_timer_check
 .text.rt_system_timer_init
                0x000000001000a94c       0x34 CMakeFiles/rtthread.elf.dir/rt-thread/src/timer.c.obj
                0x000000001000a94c                rt_system_timer_init
 .text.rt_system_timer_thread_init
                0x000000001000a980        0xa CMakeFiles/rtthread.elf.dir/rt-thread/src/timer.c.obj
                0x000000001000a980                rt_system_timer_thread_init
 *fill*         0x000000001000a98a        0x2 
 .text.watchdog_start_tick
                0x000000001000a98c       0x20 CMakeFiles/rtthread.elf.dir/packages/raspberrypi-pico-sdk-latest/src/rp2_common/hardware_watchdog/watchdog.c.obj
                0x000000001000a98c                watchdog_start_tick
 .text          0x000000001000a9ac       0x10 CMakeFiles/rtthread.elf.dir/packages/raspberrypi-pico-sdk-latest/src/rp2_common/pico_mem_ops/mem_ops_aeabi.S.obj
                0x000000001000a9ac                __aeabi_mem_init
 .text.memset   0x000000001000a9bc        0xc CMakeFiles/rtthread.elf.dir/packages/raspberrypi-pico-sdk-latest/src/rp2_common/pico_mem_ops/mem_ops_aeabi.S.obj
                0x000000001000a9bc                __wrap_memset
 .text.memcpy   0x000000001000a9c8        0xc CMakeFiles/rtthread.elf.dir/packages/raspberrypi-pico-sdk-latest/src/rp2_common/pico_mem_ops/mem_ops_aeabi.S.obj
                0x000000001000a9c8                __wrap___aeabi_memcpy
                0x000000001000a9c8                __wrap_memcpy
 .text.spin_locks_reset
                0x000000001000a9d4       0x48 CMakeFiles/rtthread.elf.dir/packages/raspberrypi-pico-sdk-latest/src/rp2_common/hardware_sync/sync.c.obj
                0x000000001000a9d4                spin_locks_reset
 .text.next_striped_spin_lock_num
                0x000000001000aa1c       0x30 CMakeFiles/rtthread.elf.dir/packages/raspberrypi-pico-sdk-latest/src/rp2_common/hardware_sync/sync.c.obj
                0x000000001000aa1c                next_striped_spin_lock_num
 .text.xosc_init
                0x000000001000aa4c       0x48 CMakeFiles/rtthread.elf.dir/packages/raspberrypi-pico-sdk-latest/src/rp2_common/hardware_xosc/xosc.c.obj
                0x000000001000aa4c                xosc_init
 .text.lock_init
                0x000000001000aa94       0x2c CMakeFiles/rtthread.elf.dir/packages/raspberrypi-pico-sdk-latest/src/common/pico_sync/lock_core.c.obj
                0x000000001000aa94                lock_init
 .text.hw_claim_lock
                0x000000001000aac0       0x50 CMakeFiles/rtthread.elf.dir/packages/raspberrypi-pico-sdk-latest/src/rp2_common/hardware_claim/claim.c.obj
                0x000000001000aac0                hw_claim_lock
 .text.hw_claim_unlock
                0x000000001000ab10       0x4c CMakeFiles/rtthread.elf.dir/packages/raspberrypi-pico-sdk-latest/src/rp2_common/hardware_claim/claim.c.obj
                0x000000001000ab10                hw_claim_unlock
 .text.hw_is_claimed
                0x000000001000ab5c       0x32 CMakeFiles/rtthread.elf.dir/packages/raspberrypi-pico-sdk-latest/src/rp2_common/hardware_claim/claim.c.obj
                0x000000001000ab5c                hw_is_claimed
 .text.hw_claim_or_assert
                0x000000001000ab8e       0x66 CMakeFiles/rtthread.elf.dir/packages/raspberrypi-pico-sdk-latest/src/rp2_common/hardware_claim/claim.c.obj
                0x000000001000ab8e                hw_claim_or_assert
 .text.to_us_since_boot
                0x000000001000abf4       0x18 CMakeFiles/rtthread.elf.dir/packages/raspberrypi-pico-sdk-latest/src/rp2_common/hardware_timer/timer.c.obj
 .text.update_us_since_boot
                0x000000001000ac0c       0x40 CMakeFiles/rtthread.elf.dir/packages/raspberrypi-pico-sdk-latest/src/rp2_common/hardware_timer/timer.c.obj
 .text.check_hardware_alarm_num_param
                0x000000001000ac4c       0x10 CMakeFiles/rtthread.elf.dir/packages/raspberrypi-pico-sdk-latest/src/rp2_common/hardware_timer/timer.c.obj
 .text.irq_clear
                0x000000001000ac5c       0x24 CMakeFiles/rtthread.elf.dir/packages/raspberrypi-pico-sdk-latest/src/rp2_common/hardware_timer/timer.c.obj
 .text.hardware_alarm_claim
                0x000000001000ac80       0x2c CMakeFiles/rtthread.elf.dir/packages/raspberrypi-pico-sdk-latest/src/rp2_common/hardware_timer/timer.c.obj
                0x000000001000ac80                hardware_alarm_claim
 .text.time_us_64
                0x000000001000acac       0x60 CMakeFiles/rtthread.elf.dir/packages/raspberrypi-pico-sdk-latest/src/rp2_common/hardware_timer/timer.c.obj
                0x000000001000acac                time_us_64
 .text.busy_wait_us
                0x000000001000ad0c       0x6a CMakeFiles/rtthread.elf.dir/packages/raspberrypi-pico-sdk-latest/src/rp2_common/hardware_timer/timer.c.obj
                0x000000001000ad0c                busy_wait_us
 *fill*         0x000000001000ad76        0x2 
 .text.busy_wait_until
                0x000000001000ad78       0x6c CMakeFiles/rtthread.elf.dir/packages/raspberrypi-pico-sdk-latest/src/rp2_common/hardware_timer/timer.c.obj
                0x000000001000ad78                busy_wait_until
 .text.harware_alarm_irq_number
                0x000000001000ade4       0x12 CMakeFiles/rtthread.elf.dir/packages/raspberrypi-pico-sdk-latest/src/rp2_common/hardware_timer/timer.c.obj
 *fill*         0x000000001000adf6        0x2 
 .text.hardware_alarm_irq_handler
                0x000000001000adf8      0x13c CMakeFiles/rtthread.elf.dir/packages/raspberrypi-pico-sdk-latest/src/rp2_common/hardware_timer/timer.c.obj
 .text.hardware_alarm_set_callback
                0x000000001000af34      0x134 CMakeFiles/rtthread.elf.dir/packages/raspberrypi-pico-sdk-latest/src/rp2_common/hardware_timer/timer.c.obj
                0x000000001000af34                hardware_alarm_set_callback
 .text.hardware_alarm_set_target
                0x000000001000b068      0x1c4 CMakeFiles/rtthread.elf.dir/packages/raspberrypi-pico-sdk-latest/src/rp2_common/hardware_timer/timer.c.obj
                0x000000001000b068                hardware_alarm_set_target
 .text.hardware_alarm_cancel
                0x000000001000b22c       0xb8 CMakeFiles/rtthread.elf.dir/packages/raspberrypi-pico-sdk-latest/src/rp2_common/hardware_timer/timer.c.obj
                0x000000001000b22c                hardware_alarm_cancel
 .text.check_irq_param
                0x000000001000b2e4       0x10 CMakeFiles/rtthread.elf.dir/packages/raspberrypi-pico-sdk-latest/src/rp2_common/hardware_irq/irq.c.obj
 .text.get_vtable
                0x000000001000b2f4       0x14 CMakeFiles/rtthread.elf.dir/packages/raspberrypi-pico-sdk-latest/src/rp2_common/hardware_irq/irq.c.obj
 .text.add_thumb_bit
                0x000000001000b308       0x16 CMakeFiles/rtthread.elf.dir/packages/raspberrypi-pico-sdk-latest/src/rp2_common/hardware_irq/irq.c.obj
 .text.remove_thumb_bit
                0x000000001000b31e       0x16 CMakeFiles/rtthread.elf.dir/packages/raspberrypi-pico-sdk-latest/src/rp2_common/hardware_irq/irq.c.obj
 .text.set_raw_irq_handler_and_unlock
                0x000000001000b334       0x68 CMakeFiles/rtthread.elf.dir/packages/raspberrypi-pico-sdk-latest/src/rp2_common/hardware_irq/irq.c.obj
 .text.irq_set_enabled
                0x000000001000b39c       0x30 CMakeFiles/rtthread.elf.dir/packages/raspberrypi-pico-sdk-latest/src/rp2_common/hardware_irq/irq.c.obj
                0x000000001000b39c                irq_set_enabled
 .text.irq_is_enabled
                0x000000001000b3cc       0x30 CMakeFiles/rtthread.elf.dir/packages/raspberrypi-pico-sdk-latest/src/rp2_common/hardware_irq/irq.c.obj
                0x000000001000b3cc                irq_is_enabled
 .text.irq_set_mask_enabled
                0x000000001000b3fc       0x40 CMakeFiles/rtthread.elf.dir/packages/raspberrypi-pico-sdk-latest/src/rp2_common/hardware_irq/irq.c.obj
                0x000000001000b3fc                irq_set_mask_enabled
 .text.is_shared_irq_raw_handler
                0x000000001000b43c       0x24 CMakeFiles/rtthread.elf.dir/packages/raspberrypi-pico-sdk-latest/src/rp2_common/hardware_irq/irq.c.obj
 .text.irq_get_vtable_handler
                0x000000001000b460       0x28 CMakeFiles/rtthread.elf.dir/packages/raspberrypi-pico-sdk-latest/src/rp2_common/hardware_irq/irq.c.obj
                0x000000001000b460                irq_get_vtable_handler
 .text.irq_set_exclusive_handler
                0x000000001000b488       0xa4 CMakeFiles/rtthread.elf.dir/packages/raspberrypi-pico-sdk-latest/src/rp2_common/hardware_irq/irq.c.obj
                0x000000001000b488                irq_set_exclusive_handler
 .text.make_branch
                0x000000001000b52c       0x74 CMakeFiles/rtthread.elf.dir/packages/raspberrypi-pico-sdk-latest/src/rp2_common/hardware_irq/irq.c.obj
 .text.insert_branch_and_link
                0x000000001000b5a0       0x74 CMakeFiles/rtthread.elf.dir/packages/raspberrypi-pico-sdk-latest/src/rp2_common/hardware_irq/irq.c.obj
 .text.resolve_branch
                0x000000001000b614       0x5c CMakeFiles/rtthread.elf.dir/packages/raspberrypi-pico-sdk-latest/src/rp2_common/hardware_irq/irq.c.obj
 .text.slot_diff
                0x000000001000b670       0x30 CMakeFiles/rtthread.elf.dir/packages/raspberrypi-pico-sdk-latest/src/rp2_common/hardware_irq/irq.c.obj
 .text.get_slot_index
                0x000000001000b6a0       0x24 CMakeFiles/rtthread.elf.dir/packages/raspberrypi-pico-sdk-latest/src/rp2_common/hardware_irq/irq.c.obj
 .text.irq_remove_handler
                0x000000001000b6c4      0x250 CMakeFiles/rtthread.elf.dir/packages/raspberrypi-pico-sdk-latest/src/rp2_common/hardware_irq/irq.c.obj
                0x000000001000b6c4                irq_remove_handler
 .text.irq_add_tail_to_free_list
                0x000000001000b914      0x1b8 CMakeFiles/rtthread.elf.dir/packages/raspberrypi-pico-sdk-latest/src/rp2_common/hardware_irq/irq.c.obj
                0x000000001000b914                irq_add_tail_to_free_list
 .text.irq_init_priorities
                0x000000001000bacc       0x3c CMakeFiles/rtthread.elf.dir/packages/raspberrypi-pico-sdk-latest/src/rp2_common/hardware_irq/irq.c.obj
                0x000000001000bacc                irq_init_priorities
 .text.__wrap___aeabi_idiv
                0x000000001000bb08       0x50 CMakeFiles/rtthread.elf.dir/packages/raspberrypi-pico-sdk-latest/src/rp2_common/pico_divider/divider.S.obj
                0x000000001000bb08                __wrap___aeabi_idivmod
                0x000000001000bb08                divmod_s32s32
                0x000000001000bb08                div_s32s32
                0x000000001000bb08                __wrap___aeabi_idiv
                0x000000001000bb10                divmod_s32s32_unsafe
                0x000000001000bb3c                divmod_s32s32_savestate
 .text.__wrap___aeabi_uidiv
                0x000000001000bb58       0x4c CMakeFiles/rtthread.elf.dir/packages/raspberrypi-pico-sdk-latest/src/rp2_common/pico_divider/divider.S.obj
                0x000000001000bb58                __wrap___aeabi_uidiv
                0x000000001000bb58                __wrap___aeabi_uidivmod
                0x000000001000bb58                div_u32u32
                0x000000001000bb58                divmod_u32u32
                0x000000001000bb60                divmod_u32u32_unsafe
                0x000000001000bb88                divmod_u32u32_savestate
 .text.__wrap___aeabi_ldiv
                0x000000001000bba4      0x424 CMakeFiles/rtthread.elf.dir/packages/raspberrypi-pico-sdk-latest/src/rp2_common/pico_divider/divider.S.obj
                0x000000001000bba4                div_s64s64
                0x000000001000bba4                divmod_s64s64
                0x000000001000bba4                __wrap___aeabi_ldivmod
                0x000000001000bbd4                div_u64u64
                0x000000001000bbd4                divmod_u64u64
                0x000000001000bbd4                __wrap___aeabi_uldivmod
                0x000000001000bbe4                divmod_u64u64_savestate
                0x000000001000bc04                divmod_s64s64_unsafe
                0x000000001000bc8c                divmod_u64u64_unsafe
 .text.to_us_since_boot
                0x000000001000bfc8       0x18 CMakeFiles/rtthread.elf.dir/packages/raspberrypi-pico-sdk-latest/src/common/pico_time/time.c.obj
 .text.update_us_since_boot
                0x000000001000bfe0       0x40 CMakeFiles/rtthread.elf.dir/packages/raspberrypi-pico-sdk-latest/src/common/pico_time/time.c.obj
 .text.time_reached
                0x000000001000c020       0x64 CMakeFiles/rtthread.elf.dir/packages/raspberrypi-pico-sdk-latest/src/common/pico_time/time.c.obj
 .text.get_absolute_time
                0x000000001000c084       0x2c CMakeFiles/rtthread.elf.dir/packages/raspberrypi-pico-sdk-latest/src/common/pico_time/time.c.obj
 .text.delayed_by_us
                0x000000001000c0b0       0x68 CMakeFiles/rtthread.elf.dir/packages/raspberrypi-pico-sdk-latest/src/common/pico_time/time.c.obj
 .text.absolute_time_diff_us
                0x000000001000c118       0x40 CMakeFiles/rtthread.elf.dir/packages/raspberrypi-pico-sdk-latest/src/common/pico_time/time.c.obj
 .text.add_alarm_at
                0x000000001000c158       0x34 CMakeFiles/rtthread.elf.dir/packages/raspberrypi-pico-sdk-latest/src/common/pico_time/time.c.obj
 .text.cancel_alarm
                0x000000001000c18c       0x22 CMakeFiles/rtthread.elf.dir/packages/raspberrypi-pico-sdk-latest/src/common/pico_time/time.c.obj
 *fill*         0x000000001000c1ae        0x2 
 .text.ph_get_node
                0x000000001000c1b0       0x54 CMakeFiles/rtthread.elf.dir/packages/raspberrypi-pico-sdk-latest/src/common/pico_time/time.c.obj
 .text.ph_add_child_node
                0x000000001000c204       0xc4 CMakeFiles/rtthread.elf.dir/packages/raspberrypi-pico-sdk-latest/src/common/pico_time/time.c.obj
 .text.ph_merge_nodes
                0x000000001000c2c8       0x7e CMakeFiles/rtthread.elf.dir/packages/raspberrypi-pico-sdk-latest/src/common/pico_time/time.c.obj
 .text.ph_new_node
                0x000000001000c346       0x6a CMakeFiles/rtthread.elf.dir/packages/raspberrypi-pico-sdk-latest/src/common/pico_time/time.c.obj
 .text.ph_insert_node
                0x000000001000c3b0       0x7c CMakeFiles/rtthread.elf.dir/packages/raspberrypi-pico-sdk-latest/src/common/pico_time/time.c.obj
 .text.ph_peek_head
                0x000000001000c42c       0x14 CMakeFiles/rtthread.elf.dir/packages/raspberrypi-pico-sdk-latest/src/common/pico_time/time.c.obj
 .text.ph_contains_node
                0x000000001000c440       0x46 CMakeFiles/rtthread.elf.dir/packages/raspberrypi-pico-sdk-latest/src/common/pico_time/time.c.obj
 *fill*         0x000000001000c486        0x2 
 .text.ph_free_node
                0x000000001000c488       0x98 CMakeFiles/rtthread.elf.dir/packages/raspberrypi-pico-sdk-latest/src/common/pico_time/time.c.obj
 .text.default_alarm_pool_initialized
                0x000000001000c520       0x18 CMakeFiles/rtthread.elf.dir/packages/raspberrypi-pico-sdk-latest/src/common/pico_time/time.c.obj
 .text.get_entry
                0x000000001000c538       0x5c CMakeFiles/rtthread.elf.dir/packages/raspberrypi-pico-sdk-latest/src/common/pico_time/time.c.obj
 .text.get_entry_id_high
                0x000000001000c594       0x50 CMakeFiles/rtthread.elf.dir/packages/raspberrypi-pico-sdk-latest/src/common/pico_time/time.c.obj
 .text.timer_pool_entry_comparator
                0x000000001000c5e4       0x76 CMakeFiles/rtthread.elf.dir/packages/raspberrypi-pico-sdk-latest/src/common/pico_time/time.c.obj
                0x000000001000c5e4                timer_pool_entry_comparator
 .text.make_public_id
                0x000000001000c65a       0x26 CMakeFiles/rtthread.elf.dir/packages/raspberrypi-pico-sdk-latest/src/common/pico_time/time.c.obj
 .text.alarm_pool_init_default
                0x000000001000c680       0x50 CMakeFiles/rtthread.elf.dir/packages/raspberrypi-pico-sdk-latest/src/common/pico_time/time.c.obj
                0x000000001000c680                alarm_pool_init_default
 .text.alarm_pool_get_default
                0x000000001000c6d0       0x30 CMakeFiles/rtthread.elf.dir/packages/raspberrypi-pico-sdk-latest/src/common/pico_time/time.c.obj
                0x000000001000c6d0                alarm_pool_get_default
 .text.add_alarm_under_lock
                0x000000001000c700      0x12c CMakeFiles/rtthread.elf.dir/packages/raspberrypi-pico-sdk-latest/src/common/pico_time/time.c.obj
 .text.alarm_pool_alarm_callback
                0x000000001000c82c      0x408 CMakeFiles/rtthread.elf.dir/packages/raspberrypi-pico-sdk-latest/src/common/pico_time/time.c.obj
 .text.alarm_pool_post_alloc_init
                0x000000001000cc34       0x68 CMakeFiles/rtthread.elf.dir/packages/raspberrypi-pico-sdk-latest/src/common/pico_time/time.c.obj
 .text.alarm_pool_add_alarm_at
                0x000000001000cc9c      0x188 CMakeFiles/rtthread.elf.dir/packages/raspberrypi-pico-sdk-latest/src/common/pico_time/time.c.obj
                0x000000001000cc9c                alarm_pool_add_alarm_at
 .text.alarm_pool_cancel_alarm
                0x000000001000ce24      0x134 CMakeFiles/rtthread.elf.dir/packages/raspberrypi-pico-sdk-latest/src/common/pico_time/time.c.obj
                0x000000001000ce24                alarm_pool_cancel_alarm
 .text.sleep_until_callback
                0x000000001000cf58       0x80 CMakeFiles/rtthread.elf.dir/packages/raspberrypi-pico-sdk-latest/src/common/pico_time/time.c.obj
 .text.best_effort_wfe_or_timeout
                0x000000001000cfd8       0x7c CMakeFiles/rtthread.elf.dir/packages/raspberrypi-pico-sdk-latest/src/common/pico_time/time.c.obj
                0x000000001000cfd8                best_effort_wfe_or_timeout
 .text.double_table_shim_on_use_helper
                0x000000001000d054       0x34 CMakeFiles/rtthread.elf.dir/packages/raspberrypi-pico-sdk-latest/src/rp2_common/pico_double/double_v1_rom_shim.S.obj
                0x000000001000d054                double_table_shim_on_use_helper
 .text.__wrap___aeabi_dsub
                0x000000001000d088       0x10 CMakeFiles/rtthread.elf.dir/packages/raspberrypi-pico-sdk-latest/src/rp2_common/pico_double/double_v1_rom_shim.S.obj
                0x000000001000d088                drsub_shim
                0x000000001000d08e                dsub_shim
 .text.dadd_shim
                0x000000001000d098      0x15c CMakeFiles/rtthread.elf.dir/packages/raspberrypi-pico-sdk-latest/src/rp2_common/pico_double/double_v1_rom_shim.S.obj
                0x000000001000d098                dadd_shim
 .text.dmul_shim
                0x000000001000d1f4      0x15c CMakeFiles/rtthread.elf.dir/packages/raspberrypi-pico-sdk-latest/src/rp2_common/pico_double/double_v1_rom_shim.S.obj
                0x000000001000d1f4                dmul_shim
 .text.ddiv_shim
                0x000000001000d350      0x1b0 CMakeFiles/rtthread.elf.dir/packages/raspberrypi-pico-sdk-latest/src/rp2_common/pico_double/double_v1_rom_shim.S.obj
                0x000000001000d350                ddiv_shim
 .text.rp2040_rom_version
                0x000000001000d500        0xe CMakeFiles/rtthread.elf.dir/packages/raspberrypi-pico-sdk-latest/src/rp2_common/pico_double/double_init_rom.c.obj
 .text.rom_table_code
                0x000000001000d50e       0x26 CMakeFiles/rtthread.elf.dir/packages/raspberrypi-pico-sdk-latest/src/rp2_common/pico_double/double_init_rom.c.obj
 .text.__aeabi_double_init
                0x000000001000d534       0xfc CMakeFiles/rtthread.elf.dir/packages/raspberrypi-pico-sdk-latest/src/rp2_common/pico_double/double_init_rom.c.obj
                0x000000001000d534                __aeabi_double_init
 .text.__breakpoint
                0x000000001000d630        0xc CMakeFiles/rtthread.elf.dir/packages/raspberrypi-pico-sdk-latest/src/rp2_common/pico_runtime/runtime.c.obj
 .text.reset_block
                0x000000001000d63c       0x2c CMakeFiles/rtthread.elf.dir/packages/raspberrypi-pico-sdk-latest/src/rp2_common/pico_runtime/runtime.c.obj
 .text.unreset_block_wait
                0x000000001000d668       0x3c CMakeFiles/rtthread.elf.dir/packages/raspberrypi-pico-sdk-latest/src/rp2_common/pico_runtime/runtime.c.obj
 .text.runtime_init
                0x000000001000d6a4      0x110 CMakeFiles/rtthread.elf.dir/packages/raspberrypi-pico-sdk-latest/src/rp2_common/pico_runtime/runtime.c.obj
                0x000000001000d6a4                runtime_init
 .text.__assert_func
                0x000000001000d7b4       0x4c CMakeFiles/rtthread.elf.dir/packages/raspberrypi-pico-sdk-latest/src/rp2_common/pico_runtime/runtime.c.obj
                0x000000001000d7b4                __assert_func
 .text.panic    0x000000001000d800       0x40 CMakeFiles/rtthread.elf.dir/packages/raspberrypi-pico-sdk-latest/src/rp2_common/pico_runtime/runtime.c.obj
                0x000000001000d800                panic
 .text.reset_block
                0x000000001000d840       0x2c CMakeFiles/rtthread.elf.dir/packages/raspberrypi-pico-sdk-latest/src/rp2_common/hardware_pll/pll.c.obj
 .text.unreset_block_wait
                0x000000001000d86c       0x3c CMakeFiles/rtthread.elf.dir/packages/raspberrypi-pico-sdk-latest/src/rp2_common/hardware_pll/pll.c.obj
 .text.pll_init
                0x000000001000d8a8      0x180 CMakeFiles/rtthread.elf.dir/packages/raspberrypi-pico-sdk-latest/src/rp2_common/hardware_pll/pll.c.obj
                0x000000001000d8a8                pll_init
 .text.to_us_since_boot
                0x000000001000da28       0x18 CMakeFiles/rtthread.elf.dir/packages/raspberrypi-pico-sdk-latest/src/rp2_common/pico_stdio/stdio.c.obj
 .text.update_us_since_boot
                0x000000001000da40       0x40 CMakeFiles/rtthread.elf.dir/packages/raspberrypi-pico-sdk-latest/src/rp2_common/pico_stdio/stdio.c.obj
 .text.get_absolute_time
                0x000000001000da80       0x2c CMakeFiles/rtthread.elf.dir/packages/raspberrypi-pico-sdk-latest/src/rp2_common/pico_stdio/stdio.c.obj
 .text.delayed_by_ms
                0x000000001000daac       0x80 CMakeFiles/rtthread.elf.dir/packages/raspberrypi-pico-sdk-latest/src/rp2_common/pico_stdio/stdio.c.obj
 .text.make_timeout_time_ms
                0x000000001000db2c       0x2a CMakeFiles/rtthread.elf.dir/packages/raspberrypi-pico-sdk-latest/src/rp2_common/pico_stdio/stdio.c.obj
 *fill*         0x000000001000db56        0x2 
 .text.stdout_serialize_begin
                0x000000001000db58       0x30 CMakeFiles/rtthread.elf.dir/packages/raspberrypi-pico-sdk-latest/src/rp2_common/pico_stdio/stdio.c.obj
                0x000000001000db58                stdout_serialize_begin
 .text.stdout_serialize_end
                0x000000001000db88       0x18 CMakeFiles/rtthread.elf.dir/packages/raspberrypi-pico-sdk-latest/src/rp2_common/pico_stdio/stdio.c.obj
                0x000000001000db88                stdout_serialize_end
 .text.stdio_out_chars_no_crlf
                0x000000001000dba0       0x20 CMakeFiles/rtthread.elf.dir/packages/raspberrypi-pico-sdk-latest/src/rp2_common/pico_stdio/stdio.c.obj
 .text.stdio_out_chars_crlf
                0x000000001000dbc0       0xf4 CMakeFiles/rtthread.elf.dir/packages/raspberrypi-pico-sdk-latest/src/rp2_common/pico_stdio/stdio.c.obj
 .text.stdio_put_string
                0x000000001000dcb4       0xcc CMakeFiles/rtthread.elf.dir/packages/raspberrypi-pico-sdk-latest/src/rp2_common/pico_stdio/stdio.c.obj
 .text.__wrap_puts
                0x000000001000dd80       0x2e CMakeFiles/rtthread.elf.dir/packages/raspberrypi-pico-sdk-latest/src/rp2_common/pico_stdio/stdio.c.obj
                0x000000001000dd80                __wrap_puts
 *fill*         0x000000001000ddae        0x2 
 .text.stdio_flush
                0x000000001000ddb0       0x38 CMakeFiles/rtthread.elf.dir/packages/raspberrypi-pico-sdk-latest/src/rp2_common/pico_stdio/stdio.c.obj
                0x000000001000ddb0                stdio_flush
 .text.__wrap_vprintf
                0x000000001000dde8       0x3c CMakeFiles/rtthread.elf.dir/packages/raspberrypi-pico-sdk-latest/src/rp2_common/pico_stdio/stdio.c.obj
                0x000000001000dde8                __wrap_vprintf
 .text.__wrap_printf
                0x000000001000de24       0x2e CMakeFiles/rtthread.elf.dir/packages/raspberrypi-pico-sdk-latest/src/rp2_common/pico_stdio/stdio.c.obj
                0x000000001000de24                __wrap_printf
 .text.stdio_init_all
                0x000000001000de52       0x18 CMakeFiles/rtthread.elf.dir/packages/raspberrypi-pico-sdk-latest/src/rp2_common/pico_stdio/stdio.c.obj
                0x000000001000de52                stdio_init_all
 .text.__aeabi_lmul
                0x000000001000de6a       0x32 CMakeFiles/rtthread.elf.dir/packages/raspberrypi-pico-sdk-latest/src/rp2_common/pico_int64_ops/pico_int64_ops_aeabi.S.obj
                0x000000001000de6a                __wrap___aeabi_lmul
 .text.check_gpio_param
                0x000000001000de9c       0x10 CMakeFiles/rtthread.elf.dir/packages/raspberrypi-pico-sdk-latest/src/rp2_common/hardware_gpio/gpio.c.obj
 .text.gpio_set_mask
                0x000000001000deac       0x18 CMakeFiles/rtthread.elf.dir/packages/raspberrypi-pico-sdk-latest/src/rp2_common/hardware_gpio/gpio.c.obj
 .text.gpio_clr_mask
                0x000000001000dec4       0x18 CMakeFiles/rtthread.elf.dir/packages/raspberrypi-pico-sdk-latest/src/rp2_common/hardware_gpio/gpio.c.obj
 .text.gpio_put
                0x000000001000dedc       0x3a CMakeFiles/rtthread.elf.dir/packages/raspberrypi-pico-sdk-latest/src/rp2_common/hardware_gpio/gpio.c.obj
 .text.gpio_set_dir_out_masked
                0x000000001000df16       0x18 CMakeFiles/rtthread.elf.dir/packages/raspberrypi-pico-sdk-latest/src/rp2_common/hardware_gpio/gpio.c.obj
 .text.gpio_set_dir_in_masked
                0x000000001000df2e       0x18 CMakeFiles/rtthread.elf.dir/packages/raspberrypi-pico-sdk-latest/src/rp2_common/hardware_gpio/gpio.c.obj
 .text.gpio_set_dir
                0x000000001000df46       0x3a CMakeFiles/rtthread.elf.dir/packages/raspberrypi-pico-sdk-latest/src/rp2_common/hardware_gpio/gpio.c.obj
 .text.gpio_set_function
                0x000000001000df80       0x6c CMakeFiles/rtthread.elf.dir/packages/raspberrypi-pico-sdk-latest/src/rp2_common/hardware_gpio/gpio.c.obj
                0x000000001000df80                gpio_set_function
 .text.gpio_set_pulls
                0x000000001000dfec       0x7c CMakeFiles/rtthread.elf.dir/packages/raspberrypi-pico-sdk-latest/src/rp2_common/hardware_gpio/gpio.c.obj
                0x000000001000dfec                gpio_set_pulls
 .text.gpio_init
                0x000000001000e068       0x2e CMakeFiles/rtthread.elf.dir/packages/raspberrypi-pico-sdk-latest/src/rp2_common/hardware_gpio/gpio.c.obj
                0x000000001000e068                gpio_init
 .text.rom_func_lookup
                0x000000001000e096       0x2c CMakeFiles/rtthread.elf.dir/packages/raspberrypi-pico-sdk-latest/src/rp2_common/pico_bootrom/bootrom.c.obj
                0x000000001000e096                rom_func_lookup
 .text.rom_data_lookup
                0x000000001000e0c2       0x28 CMakeFiles/rtthread.elf.dir/packages/raspberrypi-pico-sdk-latest/src/rp2_common/pico_bootrom/bootrom.c.obj
                0x000000001000e0c2                rom_data_lookup
 .text.rom_funcs_lookup
                0x000000001000e0ea       0x68 CMakeFiles/rtthread.elf.dir/packages/raspberrypi-pico-sdk-latest/src/rp2_common/pico_bootrom/bootrom.c.obj
                0x000000001000e0ea                rom_funcs_lookup
 .text.mutex_init
                0x000000001000e152       0x2e CMakeFiles/rtthread.elf.dir/packages/raspberrypi-pico-sdk-latest/src/common/pico_sync/mutex.c.obj
                0x000000001000e152                mutex_init
 .text.recursive_mutex_init
                0x000000001000e180       0x34 CMakeFiles/rtthread.elf.dir/packages/raspberrypi-pico-sdk-latest/src/common/pico_sync/mutex.c.obj
                0x000000001000e180                recursive_mutex_init
 .text.rp2040_rom_version
                0x000000001000e1b4        0xe CMakeFiles/rtthread.elf.dir/packages/raspberrypi-pico-sdk-latest/src/rp2_common/pico_float/float_init_rom.c.obj
 .text.rom_table_code
                0x000000001000e1c2       0x26 CMakeFiles/rtthread.elf.dir/packages/raspberrypi-pico-sdk-latest/src/rp2_common/pico_float/float_init_rom.c.obj
 .text.__aeabi_float_init
                0x000000001000e1e8      0x130 CMakeFiles/rtthread.elf.dir/packages/raspberrypi-pico-sdk-latest/src/rp2_common/pico_float/float_init_rom.c.obj
                0x000000001000e1e8                __aeabi_float_init
 .text.__wrap___aeabi_darithmetic
                0x000000001000e318       0x80 CMakeFiles/rtthread.elf.dir/packages/raspberrypi-pico-sdk-latest/src/rp2_common/pico_double/double_aeabi.S.obj
                0x000000001000e318                __wrap___aeabi_drsub
                0x000000001000e31e                __wrap___aeabi_dsub
                0x000000001000e330                __wrap___aeabi_dadd
                0x000000001000e342                __wrap___aeabi_ddiv
                0x000000001000e37e                __wrap___aeabi_dmul
 .text.__wrap___aeabi_cdcmple
                0x000000001000e398       0x6c CMakeFiles/rtthread.elf.dir/packages/raspberrypi-pico-sdk-latest/src/rp2_common/pico_double/double_aeabi.S.obj
                0x000000001000e398                __wrap___aeabi_cdrcmple
                0x000000001000e3a8                __wrap___aeabi_cdcmple
                0x000000001000e3a8                __wrap___aeabi_cdcmpeq
 .text.__wrap___aeabi_dcmpeq
                0x000000001000e404       0x10 CMakeFiles/rtthread.elf.dir/packages/raspberrypi-pico-sdk-latest/src/rp2_common/pico_double/double_aeabi.S.obj
                0x000000001000e404                __wrap___aeabi_dcmpeq
 .text.__wrap___aeabi_dcmplt
                0x000000001000e414        0xc CMakeFiles/rtthread.elf.dir/packages/raspberrypi-pico-sdk-latest/src/rp2_common/pico_double/double_aeabi.S.obj
                0x000000001000e414                __wrap___aeabi_dcmplt
 .text.__wrap___aeabi_dcmple
                0x000000001000e420       0x10 CMakeFiles/rtthread.elf.dir/packages/raspberrypi-pico-sdk-latest/src/rp2_common/pico_double/double_aeabi.S.obj
                0x000000001000e420                __wrap___aeabi_dcmple
 .text.__wrap___aeabi_dcmpge
                0x000000001000e430       0x10 CMakeFiles/rtthread.elf.dir/packages/raspberrypi-pico-sdk-latest/src/rp2_common/pico_double/double_aeabi.S.obj
                0x000000001000e430                __wrap___aeabi_dcmpge
 .text.__wrap___aeabi_dcmpgt
                0x000000001000e440        0xa CMakeFiles/rtthread.elf.dir/packages/raspberrypi-pico-sdk-latest/src/rp2_common/pico_double/double_aeabi.S.obj